Component: Arm Compiler for Embedded 6.19 Tool: armlink [5e73cb00]

==============================================================================

Section Cross References

    gd32e50x_it.o(.ARM.exidx.text.NMI_Handler) refers to gd32e50x_it.o(.text.NMI_Handler) for [Anonymous Symbol]
    gd32e50x_it.o(.ARM.exidx.text.HardFault_Handler) refers to gd32e50x_it.o(.text.HardFault_Handler) for [Anonymous Symbol]
    gd32e50x_it.o(.ARM.exidx.text.MemManage_Handler) refers to gd32e50x_it.o(.text.MemManage_Handler) for [Anonymous Symbol]
    gd32e50x_it.o(.ARM.exidx.text.BusFault_Handler) refers to gd32e50x_it.o(.text.BusFault_Handler) for [Anonymous Symbol]
    gd32e50x_it.o(.ARM.exidx.text.UsageFault_Handler) refers to gd32e50x_it.o(.text.UsageFault_Handler) for [Anonymous Symbol]
    gd32e50x_it.o(.ARM.exidx.text.SVC_Handler) refers to gd32e50x_it.o(.text.SVC_Handler) for [Anonymous Symbol]
    gd32e50x_it.o(.ARM.exidx.text.DebugMon_Handler) refers to gd32e50x_it.o(.text.DebugMon_Handler) for [Anonymous Symbol]
    gd32e50x_it.o(.ARM.exidx.text.PendSV_Handler) refers to gd32e50x_it.o(.text.PendSV_Handler) for [Anonymous Symbol]
    gd32e50x_it.o(.text.SysTick_Handler) refers to systick.o(.text.delay_decrement) for delay_decrement
    gd32e50x_it.o(.text.SysTick_Handler) refers to timers_10_and_100_us.o(.text.Period1ms) for Period1ms
    gd32e50x_it.o(.ARM.exidx.text.SysTick_Handler) refers to gd32e50x_it.o(.text.SysTick_Handler) for [Anonymous Symbol]
    gd32e50x_it.o(.text.USBD_LP_CAN0_RX0_IRQHandler) refers to usbd_lld_int.o(.text.usbd_isr) for usbd_isr
    gd32e50x_it.o(.ARM.exidx.text.USBD_LP_CAN0_RX0_IRQHandler) refers to gd32e50x_it.o(.text.USBD_LP_CAN0_RX0_IRQHandler) for [Anonymous Symbol]
    gd32e50x_it.o(.text.USBD_LP_CAN0_TX0_IRQHandler) refers to usbd_lld_int.o(.text.usbd_isr) for usbd_isr
    gd32e50x_it.o(.ARM.exidx.text.USBD_LP_CAN0_TX0_IRQHandler) refers to gd32e50x_it.o(.text.USBD_LP_CAN0_TX0_IRQHandler) for [Anonymous Symbol]
    gd32e50x_it.o(.text.CAN1_RX0_IRQHandler) refers to can_egurm.o(.bss.g_receive_message) for g_receive_message
    gd32e50x_it.o(.text.CAN1_RX0_IRQHandler) refers to gd32e50x_can.o(.text.can_message_receive) for can_message_receive
    gd32e50x_it.o(.text.CAN1_RX0_IRQHandler) refers to can_egurm.o(.bss.can1_receive_flag) for can1_receive_flag
    gd32e50x_it.o(.ARM.exidx.text.CAN1_RX0_IRQHandler) refers to gd32e50x_it.o(.text.CAN1_RX0_IRQHandler) for [Anonymous Symbol]
    gd32e50x_it.o(.text.CAN1_RX1_IRQHandler) refers to can_egurm.o(.bss.g_receive_message) for g_receive_message
    gd32e50x_it.o(.text.CAN1_RX1_IRQHandler) refers to gd32e50x_can.o(.text.can_message_receive) for can_message_receive
    gd32e50x_it.o(.text.CAN1_RX1_IRQHandler) refers to can_egurm.o(.bss.can1_receive_flag) for can1_receive_flag
    gd32e50x_it.o(.ARM.exidx.text.CAN1_RX1_IRQHandler) refers to gd32e50x_it.o(.text.CAN1_RX1_IRQHandler) for [Anonymous Symbol]
    gd32e50x_it.o(.text.TIMER5_DAC_IRQHandler) refers to gd32e50x_timer.o(.text.timer_interrupt_flag_get) for timer_interrupt_flag_get
    gd32e50x_it.o(.text.TIMER5_DAC_IRQHandler) refers to gd32e50x_timer.o(.text.timer_interrupt_flag_clear) for timer_interrupt_flag_clear
    gd32e50x_it.o(.text.TIMER5_DAC_IRQHandler) refers to timers_10_and_100_us.o(.text.Period10us) for Period10us
    gd32e50x_it.o(.ARM.exidx.text.TIMER5_DAC_IRQHandler) refers to gd32e50x_it.o(.text.TIMER5_DAC_IRQHandler) for [Anonymous Symbol]
    gd32e50x_it.o(.text.TIMER6_IRQHandler) refers to gd32e50x_timer.o(.text.timer_interrupt_flag_get) for timer_interrupt_flag_get
    gd32e50x_it.o(.text.TIMER6_IRQHandler) refers to gd32e50x_timer.o(.text.timer_interrupt_flag_clear) for timer_interrupt_flag_clear
    gd32e50x_it.o(.text.TIMER6_IRQHandler) refers to timers_10_and_100_us.o(.text.Period100us) for Period100us
    gd32e50x_it.o(.ARM.exidx.text.TIMER6_IRQHandler) refers to gd32e50x_it.o(.text.TIMER6_IRQHandler) for [Anonymous Symbol]
    gd32e50x_it.o(.text.DMA0_Channel1_IRQHandler) refers to gd32e50x_dma.o(.text.dma_interrupt_flag_get) for dma_interrupt_flag_get
    gd32e50x_it.o(.text.DMA0_Channel1_IRQHandler) refers to gd32e50x_dma.o(.text.dma_interrupt_flag_clear) for dma_interrupt_flag_clear
    gd32e50x_it.o(.ARM.exidx.text.DMA0_Channel1_IRQHandler) refers to gd32e50x_it.o(.text.DMA0_Channel1_IRQHandler) for [Anonymous Symbol]
    gd32e50x_it.o(.text.DMA0_Channel2_IRQHandler) refers to gd32e50x_dma.o(.text.dma_interrupt_flag_get) for dma_interrupt_flag_get
    gd32e50x_it.o(.text.DMA0_Channel2_IRQHandler) refers to gd32e50x_dma.o(.text.dma_flag_clear) for dma_flag_clear
    gd32e50x_it.o(.text.DMA0_Channel2_IRQHandler) refers to gd32e50x_dma.o(.text.dma_channel_disable) for dma_channel_disable
    gd32e50x_it.o(.text.DMA0_Channel2_IRQHandler) refers to gd32e50x_dma.o(.text.dma_transfer_number_config) for dma_transfer_number_config
    gd32e50x_it.o(.text.DMA0_Channel2_IRQHandler) refers to gd32e50x_dma.o(.text.dma_channel_enable) for dma_channel_enable
[...]
    [Anonymous Symbol]                       0x20000300   Section        0  adc_egurm.o(.bss.AverageValueAdcMoment.count)
    AverageValueAdcVoltAmper.aver_adc_buff   0x20000304   Data          20  adc_egurm.o(.bss.AverageValueAdcVoltAmper.aver_adc_buff)
    [Anonymous Symbol]                       0x20000304   Section        0  adc_egurm.o(.bss.AverageValueAdcVoltAmper.aver_adc_buff)
    AverageValueAdcVoltAmper.count           0x20000318   Data           1  adc_egurm.o(.bss.AverageValueAdcVoltAmper.count)
    [Anonymous Symbol]                       0x20000318   Section        0  adc_egurm.o(.bss.AverageValueAdcVoltAmper.count)
    _usb_std_getstatus.status                0x20000328   Data           2  usbd_enum.o(.bss._usb_std_getstatus.status)
    [Anonymous Symbol]                       0x20000328   Section        0  usbd_enum.o(.bss._usb_std_getstatus.status)
    _usb_std_setconfiguration.config         0x2000032a   Data           1  usbd_enum.o(.bss._usb_std_setconfiguration.config)
    [Anonymous Symbol]                       0x2000032a   Section        0  usbd_enum.o(.bss._usb_std_setconfiguration.config)
    custom_hid_init.hid_handler              0x20000394   Data           5  custom_hid_core.o(.bss.custom_hid_init.hid_handler)
    [Anonymous Symbol]                       0x20000394   Section        0  custom_hid_core.o(.bss.custom_hid_init.hid_handler)
    delay                                    0x2000039c   Data           4  systick.o(.bss.delay)
    [Anonymous Symbol]                       0x2000039c   Section        0  systick.o(.bss.delay)
    usbSend.temp                             0x200003e0   Data           2  usbd_egurm.o(.bss.usbSend.temp)
    [Anonymous Symbol]                       0x200003e0   Section        0  usbd_egurm.o(.bss.usbSend.temp)
    Heap_Mem                                 0x200004c0   Data        1024  startup_gd32e50x_hd.o(HEAP)
    HEAP                                     0x200004c0   Section     1024  startup_gd32e50x_hd.o(HEAP)
    Stack_Mem                                0x200008c0   Data        1024  startup_gd32e50x_hd.o(STACK)
    STACK                                    0x200008c0   Section     1024  startup_gd32e50x_hd.o(STACK)
    __initial_sp                             0x20000cc0   Data           0  startup_gd32e50x_hd.o(STACK)

    Global Symbols

    Symbol Name                              Value     Ov Type        Size  Object(Section)

    BuildAttributes$$THM_ISAv4$E$P$D$K$B$S$7EM$8M$VFPi5$EXTD16$VFPS$VFMA$PE$A:L22UL41UL21$X:L11$S22US41US21$IEEE1$IW$~IW$USESV6$~STKCKD$USESV7$~SHL$OTIME$ROPI$EBA8$UX$STANDARDLIB$REQ8$PRES8$EABIv2 0x00000000   Number         0  anon$$obj.o ABSOLUTE
    __ARM_exceptions_init                     - Undefined Weak Reference
    __alloca_initialize                       - Undefined Weak Reference
    __arm_preinit_                            - Undefined Weak Reference
    __arm_relocate_pie_                       - Undefined Weak Reference
    __cpp_initialize__aeabi_                  - Undefined Weak Reference
    __cxa_finalize                            - Undefined Weak Reference
    __rt_locale                               - Undefined Weak Reference
    __sigvec_lookup                           - Undefined Weak Reference
    _atexit_init                              - Undefined Weak Reference
    _call_atexit_fns                          - Undefined Weak Reference
    _clock_init                               - Undefined Weak Reference
    _fp_trap_init                             - Undefined Weak Reference
    _fp_trap_shutdown                         - Undefined Weak Reference
    _get_lc_collate                           - Undefined Weak Reference
    _get_lc_ctype                             - Undefined Weak Reference
    _get_lc_monetary                          - Undefined Weak Reference
    _get_lc_numeric                           - Undefined Weak Reference
    _get_lc_time                              - Undefined Weak Reference
    _getenv_init                              - Undefined Weak Reference
    _handle_redirection                       - Undefined Weak Reference
    _init_alloc                               - Undefined Weak Reference
    _init_user_alloc                          - Undefined Weak Reference
    _initio                                   - Undefined Weak Reference
    _printf_post_padding                      - Undefined Weak Reference
    _printf_pre_padding                       - Undefined Weak Reference
    _printf_truncate_signed                   - Undefined Weak Reference
    _printf_truncate_unsigned                 - Undefined Weak Reference
    _rand_init                                - Undefined Weak Reference
    _signal_finish                            - Undefined Weak Reference
    _signal_init                              - Undefined Weak Reference
    _terminate_alloc                          - Undefined Weak Reference
    _terminate_user_alloc                     - Undefined Weak Reference
    _terminateio                              - Undefined Weak Reference
    __Vectors_Size                           0x000001a0   Number         0  startup_gd32e50x_hd.o ABSOLUTE
    __Vectors                                0x08000000   Data           4  startup_gd32e50x_hd.o(RESET)
    __Vectors_End                            0x080001a0   Data           0  startup_gd32e50x_hd.o(RESET)
    __main                                   0x080001a1   Thumb Code     8  __main.o(!!!main)
    __scatterload                            0x080001a9   Thumb Code     0  __scatter.o(!!!scatter)
    __scatterload_rt2                        0x080001a9   Thumb Code    44  __scatter.o(!!!scatter)
    __scatterload_rt2_thumb_only             0x080001a9   Thumb Code     0  __scatter.o(!!!scatter)
    __scatterload_null                       0x080001b7   Thumb Code     0  __scatter.o(!!!scatter)
    __decompress                             0x080001dd   Thumb Code    58  __dczerorl.o(!!dczerorl)
    __decompress0                            0x080001dd   Thumb Code     0  __dczerorl.o(!!dczerorl)
    __scatterload_zeroinit                   0x08000219   Thumb Code    28  __scatter_zi.o(!!handler_zi)
    _printf_d                                0x08000235   Thumb Code     0  _printf_d.o(.ARM.Collect$$_printf_percent$$00000009)
    _printf_percent                          0x08000235   Thumb Code     0  _printf_percent.o(.ARM.Collect$$_printf_percent$$00000000)
    _printf_percent_end                      0x0800023b   Thumb Code     0  _printf_percent_end.o(.ARM.Collect$$_printf_percent$$00000017)
    __rt_lib_init                            0x0800023f   Thumb Code     0  libinit.o(.ARM.Collect$$libinit$$00000000)
    __rt_lib_init_fp_1                       0x08000241   Thumb Code     0  libinit2.o(.ARM.Collect$$libinit$$00000001)
    __rt_lib_init_alloca_1                   0x08000245   Thumb Code     0  libinit2.o(.ARM.Collect$$libinit$$00000030)
    __rt_lib_init_argv_1                     0x08000245   Thumb Code     0  libinit2.o(.ARM.Collect$$libinit$$0000002E)
    __rt_lib_init_atexit_1                   0x08000245   Thumb Code     0  libinit2.o(.ARM.Collect$$libinit$$0000001D)
    __rt_lib_init_clock_1                    0x08000245   Thumb Code     0  libinit2.o(.ARM.Collect$$libinit$$00000023)
    __rt_lib_init_cpp_1                      0x08000245   Thumb Code     0  libinit2.o(.ARM.Collect$$libinit$$00000034)
    __rt_lib_init_exceptions_1               0x08000245   Thumb Code     0  libinit2.o(.ARM.Collect$$libinit$$00000032)
    __rt_lib_init_fp_trap_1                  0x08000245   Thumb Code     0  libinit2.o(.ARM.Collect$$libinit$$00000021)
    __rt_lib_init_getenv_1                   0x08000245   Thumb Code     0  libinit2.o(.ARM.Collect$$libinit$$00000025)
    __rt_lib_init_heap_1                     0x08000245   Thumb Code     0  libinit2.o(.ARM.Collect$$libinit$$0000000C)
    __rt_lib_init_lc_collate_1               0x08000245   Thumb Code     0  libinit2.o(.ARM.Collect$$libinit$$00000013)
    __rt_lib_init_lc_ctype_1                 0x08000245   Thumb Code     0  libinit2.o(.ARM.Collect$$libinit$$00000015)
    __rt_lib_init_lc_monetary_1              0x08000245   Thumb Code     0  libinit2.o(.ARM.Collect$$libinit$$00000017)
    __rt_lib_init_lc_numeric_1               0x08000245   Thumb Code     0  libinit2.o(.ARM.Collect$$libinit$$00000019)
    __rt_lib_init_lc_time_1                  0x08000245   Thumb Code     0  libinit2.o(.ARM.Collect$$libinit$$0000001B)
    __rt_lib_init_preinit_1                  0x08000245   Thumb Code     0  libinit2.o(.ARM.Collect$$libinit$$00000006)
    __rt_lib_init_rand_1                     0x08000245   Thumb Code     0  libinit2.o(.ARM.Collect$$libinit$$00000010)
    __rt_lib_init_relocate_pie_1             0x08000245   Thumb Code     0  libinit2.o(.ARM.Collect$$libinit$$00000004)
    __rt_lib_init_return                     0x08000245   Thumb Code     0  libinit2.o(.ARM.Collect$$libinit$$00000035)
    __rt_lib_init_signal_1                   0x08000245   Thumb Code     0  libinit2.o(.ARM.Collect$$libinit$$0000001F)
    __rt_lib_init_stdio_1                    0x08000245   Thumb Code     0  libinit2.o(.ARM.Collect$$libinit$$00000027)
    __rt_lib_init_user_alloc_1               0x08000245   Thumb Code     0  libinit2.o(.ARM.Collect$$libinit$$0000000E)
    __rt_lib_shutdown                        0x08000247   Thumb Code     0  libshutdown.o(.ARM.Collect$$libshutdown$$00000000)
    __rt_lib_shutdown_cpp_1                  0x08000249   Thumb Code     0  libshutdown2.o(.ARM.Collect$$libshutdown$$00000002)
    __rt_lib_shutdown_fp_trap_1              0x08000249   Thumb Code     0  libshutdown2.o(.ARM.Collect$$libshutdown$$00000007)
    __rt_lib_shutdown_heap_1                 0x08000249   Thumb Code     0  libshutdown2.o(.ARM.Collect$$libshutdown$$0000000F)
    __rt_lib_shutdown_return                 0x08000249   Thumb Code     0  libshutdown2.o(.ARM.Collect$$libshutdown$$00000010)
    __rt_lib_shutdown_signal_1               0x08000249   Thumb Code     0  libshutdown2.o(.ARM.Collect$$libshutdown$$0000000A)
    __rt_lib_shutdown_stdio_1                0x08000249   Thumb Code     0  libshutdown2.o(.ARM.Collect$$libshutdown$$00000004)
    __rt_lib_shutdown_user_alloc_1           0x08000249   Thumb Code     0  libshutdown2.o(.ARM.Collect$$libshutdown$$0000000C)
    __rt_entry                               0x0800024b   Thumb Code     0  __rtentry.o(.ARM.Collect$$rtentry$$00000000)
    __rt_entry_presh_1                       0x0800024b   Thumb Code     0  __rtentry2.o(.ARM.Collect$$rtentry$$00000002)
    __rt_entry_sh                            0x0800024b   Thumb Code     0  __rtentry4.o(.ARM.Collect$$rtentry$$00000004)
    __rt_entry_li                            0x08000251   Thumb Code     0  __rtentry2.o(.ARM.Collect$$rtentry$$0000000A)
    __rt_entry_postsh_1                      0x08000251   Thumb Code     0  __rtentry2.o(.ARM.Collect$$rtentry$$00000009)
    __rt_entry_main                          0x08000255   Thumb Code     0  __rtentry2.o(.ARM.Collect$$rtentry$$0000000D)
    __rt_entry_postli_1                      0x08000255   Thumb Code     0  __rtentry2.o(.ARM.Collect$$rtentry$$0000000C)
    __rt_exit                                0x0800025d   Thumb Code     0  rtexit.o(.ARM.Collect$$rtexit$$00000000)
    __rt_exit_ls                             0x0800025f   Thumb Code     0  rtexit2.o(.ARM.Collect$$rtexit$$00000003)
    __rt_exit_prels_1                        0x0800025f   Thumb Code     0  rtexit2.o(.ARM.Collect$$rtexit$$00000002)
    __rt_exit_exit                           0x08000263   Thumb Code     0  rtexit2.o(.ARM.Collect$$rtexit$$00000004)
    Reset_Handler                            0x08000269   Thumb Code     8  startup_gd32e50x_hd.o(.text)
    ADC0_1_IRQHandler                        0x08000283   Thumb Code     0  startup_gd32e50x_hd.o(.text)
    ADC2_IRQHandler                          0x08000283   Thumb Code     0  startup_gd32e50x_hd.o(.text)
    CAN0_EWMC_IRQHandler                     0x08000283   Thumb Code     0  startup_gd32e50x_hd.o(.text)
    CAN0_RX1_IRQHandler                      0x08000283   Thumb Code     0  startup_gd32e50x_hd.o(.text)
    CAN1_EWMC_IRQHandler                     0x08000283   Thumb Code     0  startup_gd32e50x_hd.o(.text)
    CAN1_TX_IRQHandler                       0x08000283   Thumb Code     0  startup_gd32e50x_hd.o(.text)
    DMA0_Channel0_IRQHandler                 0x08000283   Thumb Code     0  startup_gd32e50x_hd.o(.text)
    DMA0_Channel3_IRQHandler                 0x08000283   Thumb Code     0  startup_gd32e50x_hd.o(.text)
    DMA0_Channel4_IRQHandler                 0x08000283   Thumb Code     0  startup_gd32e50x_hd.o(.text)
    DMA0_Channel5_IRQHandler                 0x08000283   Thumb Code     0  startup_gd32e50x_hd.o(.text)
    DMA0_Channel6_IRQHandler                 0x08000283   Thumb Code     0  startup_gd32e50x_hd.o(.text)
    DMA1_Channel0_IRQHandler                 0x08000283   Thumb Code     0  startup_gd32e50x_hd.o(.text)
    DMA1_Channel1_IRQHandler                 0x08000283   Thumb Code     0  startup_gd32e50x_hd.o(.text)
    DMA1_Channel2_IRQHandler                 0x08000283   Thumb Code     0  startup_gd32e50x_hd.o(.text)
    DMA1_Channel3_4_IRQHandler               0x08000283   Thumb Code     0  startup_gd32e50x_hd.o(.text)
    EXMC_IRQHandler                          0x08000283   Thumb Code     0  startup_gd32e50x_hd.o(.text)
    EXTI1_IRQHandler                         0x08000283   Thumb Code     0  startup_gd32e50x_hd.o(.text)
    EXTI2_IRQHandler                         0x08000283   Thumb Code     0  startup_gd32e50x_hd.o(.text)
    EXTI3_IRQHandler                         0x08000283   Thumb Code     0  startup_gd32e50x_hd.o(.text)
    EXTI4_IRQHandler                         0x08000283   Thumb Code     0  startup_gd32e50x_hd.o(.text)
    EXTI5_9_IRQHandler                       0x08000283   Thumb Code     0  startup_gd32e50x_hd.o(.text)
    FMC_IRQHandler                           0x08000283   Thumb Code     0  startup_gd32e50x_hd.o(.text)
    I2C0_ER_IRQHandler                       0x08000283   Thumb Code     0  startup_gd32e50x_hd.o(.text)
    I2C0_EV_IRQHandler                       0x08000283   Thumb Code     0  startup_gd32e50x_hd.o(.text)
    I2C1_ER_IRQHandler                       0x08000283   Thumb Code     0  startup_gd32e50x_hd.o(.text)
    I2C1_EV_IRQHandler                       0x08000283   Thumb Code     0  startup_gd32e50x_hd.o(.text)
    I2C2_ER_IRQHandler                       0x08000283   Thumb Code     0  startup_gd32e50x_hd.o(.text)
    I2C2_EV_IRQHandler                       0x08000283   Thumb Code     0  startup_gd32e50x_hd.o(.text)
    I2C2_WKUP_IRQHandler                     0x08000283   Thumb Code     0  startup_gd32e50x_hd.o(.text)
    LVD_IRQHandler                           0x08000283   Thumb Code     0  startup_gd32e50x_hd.o(.text)
    RCU_CTC_IRQHandler                       0x08000283   Thumb Code     0  startup_gd32e50x_hd.o(.text)
    RTC_Alarm_IRQHandler                     0x08000283   Thumb Code     0  startup_gd32e50x_hd.o(.text)
    RTC_IRQHandler                           0x08000283   Thumb Code     0  startup_gd32e50x_hd.o(.text)
    SDIO_IRQHandler                          0x08000283   Thumb Code     0  startup_gd32e50x_hd.o(.text)
    SHRTIMER_IRQ0_IRQHandler                 0x08000283   Thumb Code     0  startup_gd32e50x_hd.o(.text)
    SHRTIMER_IRQ1_IRQHandler                 0x08000283   Thumb Code     0  startup_gd32e50x_hd.o(.text)
    SHRTIMER_IRQ2_IRQHandler                 0x08000283   Thumb Code     0  startup_gd32e50x_hd.o(.text)
    SHRTIMER_IRQ3_IRQHandler                 0x08000283   Thumb Code     0  startup_gd32e50x_hd.o(.text)
    SHRTIMER_IRQ4_IRQHandler                 0x08000283   Thumb Code     0  startup_gd32e50x_hd.o(.text)
    SHRTIMER_IRQ5_IRQHandler                 0x08000283   Thumb Code     0  startup_gd32e50x_hd.o(.text)
    SHRTIMER_IRQ6_IRQHandler                 0x08000283   Thumb Code     0  startup_gd32e50x_hd.o(.text)
    SPI0_IRQHandler                          0x08000283   Thumb Code     0  startup_gd32e50x_hd.o(.text)
    SPI1_I2S1ADD_IRQHandler                  0x08000283   Thumb Code     0  startup_gd32e50x_hd.o(.text)
    SPI2_I2S2ADD_IRQHandler                  0x08000283   Thumb Code     0  startup_gd32e50x_hd.o(.text)
    TAMPER_IRQHandler                        0x08000283   Thumb Code     0  startup_gd32e50x_hd.o(.text)
    TIMER0_BRK_TIMER8_IRQHandler             0x08000283   Thumb Code     0  startup_gd32e50x_hd.o(.text)
    TIMER0_Channel_IRQHandler                0x08000283   Thumb Code     0  startup_gd32e50x_hd.o(.text)
    TIMER0_TRG_CMT_TIMER10_IRQHandler        0x08000283   Thumb Code     0  startup_gd32e50x_hd.o(.text)
    TIMER0_UP_TIMER9_IRQHandler              0x08000283   Thumb Code     0  startup_gd32e50x_hd.o(.text)
    TIMER1_IRQHandler                        0x08000283   Thumb Code     0  startup_gd32e50x_hd.o(.text)
    TIMER4_IRQHandler                        0x08000283   Thumb Code     0  startup_gd32e50x_hd.o(.text)
    TIMER7_BRK_TIMER11_IRQHandler            0x08000283   Thumb Code     0  startup_gd32e50x_hd.o(.text)
    TIMER7_Channel_IRQHandler                0x08000283   Thumb Code     0  startup_gd32e50x_hd.o(.text)
    TIMER7_TRG_CMT_TIMER13_IRQHandler        0x08000283   Thumb Code     0  startup_gd32e50x_hd.o(.text)
    TIMER7_UP_TIMER12_IRQHandler             0x08000283   Thumb Code     0  startup_gd32e50x_hd.o(.text)
    UART3_IRQHandler                         0x08000283   Thumb Code     0  startup_gd32e50x_hd.o(.text)
    UART4_IRQHandler                         0x08000283   Thumb Code     0  startup_gd32e50x_hd.o(.text)
    USART0_IRQHandler                        0x08000283   Thumb Code     0  startup_gd32e50x_hd.o(.text)
    USART1_IRQHandler                        0x08000283   Thumb Code     0  startup_gd32e50x_hd.o(.text)
    USART5_IRQHandler                        0x08000283   Thumb Code     0  startup_gd32e50x_hd.o(.text)
    USART5_WKUP_IRQHandler                   0x08000283   Thumb Code     0  startup_gd32e50x_hd.o(.text)
    USBD_HP_CAN0_TX_IRQHandler               0x08000283   Thumb Code     0  startup_gd32e50x_hd.o(.text)
    USBD_WKUP_IRQHandler                     0x08000283   Thumb Code     0  startup_gd32e50x_hd.o(.text)
    WWDGT_IRQHandler                         0x08000283   Thumb Code     0  startup_gd32e50x_hd.o(.text)
    __user_initial_stackheap                 0x08000285   Thumb Code    10  startup_gd32e50x_hd.o(.text)
    __2sprintf                               0x080002a9   Thumb Code    34  noretval__2sprintf.o(.text)
    __printf                                 0x080002d1   Thumb Code   104  __printf.o(.text)
    _printf_int_dec                          0x08000339   Thumb Code   104  _printf_dec.o(.text)
    __use_two_region_memory                  0x080003b1   Thumb Code     2  heapauxi.o(.text)
    __rt_heap_escrow$2region                 0x080003b3   Thumb Code     2  heapauxi.o(.text)
    __rt_heap_expand$2region                 0x080003b5   Thumb Code     2  heapauxi.o(.text)
    _printf_int_common                       0x080003b7   Thumb Code   178  _printf_intcommon.o(.text)
    _printf_char_common                      0x08000473   Thumb Code    32  _printf_char_common.o(.text)
    _sputc                                   0x08000499   Thumb Code    10  _sputc.o(.text)
    __user_setup_stackheap                   0x080004a3   Thumb Code    74  sys_stackheap_outer.o(.text)
    exit                                     0x080004ed   Thumb Code    18  exit.o(.text)
    __user_libspace                          0x08000501   Thumb Code     8  libspace.o(.text)
    __user_perproc_libspace                  0x08000501   Thumb Code     0  libspace.o(.text)
    __user_perthread_libspace                0x08000501   Thumb Code     0  libspace.o(.text)
    _sys_exit                                0x08000509   Thumb Code     8  sys_exit.o(.text)
    __I$use$semihosting                      0x08000515   Thumb Code     0  use_no_semi.o(.text)
    __use_no_semihosting_swi                 0x08000515   Thumb Code     2  use_no_semi.o(.text)
    __semihosting_library_function           0x08000517   Thumb Code     0  indicate_semi.o(.text)
    AdcConfig                                0x08000519   Thumb Code   174  adc_init_egurm.o(.text.AdcConfig)
    AdcEgurnInit                             0x080005c9   Thumb Code   210  adc_init_egurm.o(.text.AdcEgurnInit)
    AverageValueAdcMoment                    0x0800069d   Thumb Code   116  adc_egurm.o(.text.AverageValueAdcMoment)
    AverageValueAdcVoltAmper                 0x08000711   Thumb Code   126  adc_egurm.o(.text.AverageValueAdcVoltAmper)
    BusFault_Handler                         0x08000791   Thumb Code     2  gd32e50x_it.o(.text.BusFault_Handler)
    CAN1_RX0_IRQHandler                      0x08000795   Thumb Code    38  gd32e50x_it.o(.text.CAN1_RX0_IRQHandler)
    CAN1_RX1_IRQHandler                      0x080007bd   Thumb Code    38  gd32e50x_it.o(.text.CAN1_RX1_IRQHandler)
    CanConfig                                0x080007e5   Thumb Code   150  can_init_egurm.o(.text.CanConfig)
    CanEgurmInit                             0x0800087d   Thumb Code   218  can_init_egurm.o(.text.CanEgurmInit)
    CanTransmit                              0x08000959   Thumb Code    50  can_egurm.o(.text.CanTransmit)
    DMA0_Channel1_IRQHandler                 0x0800098d   Thumb Code    38  gd32e50x_it.o(.text.DMA0_Channel1_IRQHandler)
    DMA0_Channel2_IRQHandler                 0x080009b5   Thumb Code    74  gd32e50x_it.o(.text.DMA0_Channel2_IRQHandler)
    DebugMon_Handler                         0x08000a01   Thumb Code     2  gd32e50x_it.o(.text.DebugMon_Handler)
    EXTI0_IRQHandler                         0x08000a05   Thumb Code     2  gd32e50x_it.o(.text.EXTI0_IRQHandler)
    EXTI10_15_IRQHandler                     0x08000a09   Thumb Code     2  gd32e50x_it.o(.text.EXTI10_15_IRQHandler)
    EncoderInInit                            0x08000a0d   Thumb Code   442  encoder_init_egurm.o(.text.EncoderInInit)
    GetAkipTxBuff                            0x08000bc9   Thumb Code    10  usart_akip_1148a.o(.text.GetAkipTxBuff)
    GetCurrent                               0x08000bd5   Thumb Code    48  adc_egurm.o(.text.GetCurrent)
    GetMomentIn                              0x08000c05   Thumb Code    52  adc_egurm.o(.text.GetMomentIn)
    GetMomentOut                             0x08000c39   Thumb Code    52  adc_egurm.o(.text.GetMomentOut)
    GetObsalutAngleEncoderIn                 0x08000c6d   Thumb Code    44  encoder_egurm.o(.text.GetObsalutAngleEncoderIn)
    GetTemperature                           0x08000c99   Thumb Code   186  adc_egurm.o(.text.GetTemperature)
    GetVoltage                               0x08000d55   Thumb Code    40  adc_egurm.o(.text.GetVoltage)
    HardFault_Handler                        0x08000d7d   Thumb Code     2  gd32e50x_it.o(.text.HardFault_Handler)
    IngitionInit                             0x08000d81   Thumb Code    46  ingition.o(.text.IngitionInit)
    IngitionOff                              0x08000db1   Thumb Code    16  ingition.o(.text.IngitionOff)
    IngitionOn                               0x08000dc1   Thumb Code    16  ingition.o(.text.IngitionOn)
    InitTimerTo100us                         0x08000dd1   Thumb Code    90  timers_10_and_100_us_init.o(.text.InitTimerTo100us)
    InitTimerTo10us                          0x08000e2d   Thumb Code    88  timers_10_and_100_us_init.o(.text.InitTimerTo10us)
    MemManage_Handler                        0x08000e85   Thumb Code     2  gd32e50x_it.o(.text.MemManage_Handler)
    MuftaEgurmInit                           0x08000e89   Thumb Code   166  mufta_egurm_init.o(.text.MuftaEgurmInit)
    NMI_Handler                              0x08000f31   Thumb Code     2  gd32e50x_it.o(.text.NMI_Handler)
    PendSV_Handler                           0x08000f35   Thumb Code     2  gd32e50x_it.o(.text.PendSV_Handler)
    Period100us                              0x08000f39   Thumb Code     4  timers_10_and_100_us.o(.text.Period100us)
    Period10us                               0x08000f3d   Thumb Code     4  timers_10_and_100_us.o(.text.Period10us)
    Period1MsForAkip                         0x08000f41   Thumb Code    30  usart_akip_1148a.o(.text.Period1MsForAkip)
    Period1ms                                0x08000f61   Thumb Code     4  timers_10_and_100_us.o(.text.Period1ms)
    SVC_Handler                              0x08000f65   Thumb Code     2  gd32e50x_it.o(.text.SVC_Handler)
    SetCurrentAkip                           0x08000f69   Thumb Code   152  usart_akip_1148a.o(.text.SetCurrentAkip)
    SetCurrentEgurm                          0x08001019   Thumb Code    62  usart_akip_1148a.o(.text.SetCurrentEgurm)
    SetDefaultSenseMoment                    0x08001059   Thumb Code    50  adc_egurm.o(.text.SetDefaultSenseMoment)
    SetParametr                              0x0800108d   Thumb Code   314  usart_akip_1148a.o(.text.SetParametr)
    SetPwmMufta                              0x080011c9   Thumb Code    26  mufta_egurm.o(.text.SetPwmMufta)
    SetVoltageAkip                           0x080011e5   Thumb Code   236  usart_akip_1148a.o(.text.SetVoltageAkip)
    SetVoltageEgurm                          0x08001305   Thumb Code    52  usart_akip_1148a.o(.text.SetVoltageEgurm)
    SysTick_Handler                          0x08001339   Thumb Code    14  gd32e50x_it.o(.text.SysTick_Handler)
    SystemInit                               0x08001349   Thumb Code   456  system_gd32e50x.o(.text.SystemInit)
    TIMER2_IRQHandler                        0x08001511   Thumb Code    48  encoder_egurm.o(.text.TIMER2_IRQHandler)
    TIMER3_IRQHandler                        0x08001541   Thumb Code    48  encoder_egurm.o(.text.TIMER3_IRQHandler)
    TIMER5_DAC_IRQHandler                    0x08001571   Thumb Code    40  gd32e50x_it.o(.text.TIMER5_DAC_IRQHandler)
    TIMER6_IRQHandler                        0x08001599   Thumb Code    40  gd32e50x_it.o(.text.TIMER6_IRQHandler)
    USART2_IRQHandler                        0x080015c1   Thumb Code   142  usart_akip_1148a.o(.text.USART2_IRQHandler)
    USBD_LP_CAN0_RX0_IRQHandler              0x08001651   Thumb Code     4  gd32e50x_it.o(.text.USBD_LP_CAN0_RX0_IRQHandler)
    UsageFault_Handler                       0x08001655   Thumb Code     2  gd32e50x_it.o(.text.UsageFault_Handler)
    UsartAkip1148aInit                       0x08001659   Thumb Code   354  usart_akip_1148a_init.o(.text.UsartAkip1148aInit)
    UsbdActive                               0x080017bd   Thumb Code    56  usbd_egurm.o(.text.UsbdActive)
    UsbdDisactive                            0x080017f5   Thumb Code    16  usbd_egurm.o(.text.UsbdDisactive)
    UsbdEgurmInit                            0x08001805   Thumb Code    80  usbd_egurm.o(.text.UsbdEgurmInit)
    VoltageReversInit                        0x08001855   Thumb Code    46  voltage_revers.o(.text.VoltageReversInit)
    _usb_in0_transc                          0x08001885   Thumb Code   102  usbd_transc.o(.text._usb_in0_transc)
    _usb_out0_transc                         0x080018ed   Thumb Code    78  usbd_transc.o(.text._usb_out0_transc)
    _usb_setup_transc                        0x0800193d   Thumb Code   178  usbd_transc.o(.text._usb_setup_transc)
    adc_calibration_enable                   0x08001da5   Thumb Code    32  gd32e50x_adc.o(.text.adc_calibration_enable)
    adc_channel_length_config                0x08001dc5   Thumb Code    58  gd32e50x_adc.o(.text.adc_channel_length_config)
    adc_data_alignment_config                0x08001e01   Thumb Code    18  gd32e50x_adc.o(.text.adc_data_alignment_config)
    adc_dma_mode_enable                      0x08001e15   Thumb Code    10  gd32e50x_adc.o(.text.adc_dma_mode_enable)
    adc_enable                               0x08001e21   Thumb Code    18  gd32e50x_adc.o(.text.adc_enable)
    adc_external_trigger_config              0x08001e35   Thumb Code    64  gd32e50x_adc.o(.text.adc_external_trigger_config)
    adc_external_trigger_source_config       0x08001e75   Thumb Code    42  gd32e50x_adc.o(.text.adc_external_trigger_source_config)
    adc_mode_config                          0x08001ea1   Thumb Code    24  gd32e50x_adc.o(.text.adc_mode_config)
    adc_regular_channel_config               0x08001eb9   Thumb Code   116  gd32e50x_adc.o(.text.adc_regular_channel_config)
    adc_software_trigger_enable              0x08001f2d   Thumb Code    28  gd32e50x_adc.o(.text.adc_software_trigger_enable)
    adc_special_function_config              0x08001f49   Thumb Code    92  gd32e50x_adc.o(.text.adc_special_function_config)
    can_deinit                               0x08001fa5   Thumb Code    54  gd32e50x_can.o(.text.can_deinit)
    can_filter_init                          0x08001fdd   Thumb Code   226  gd32e50x_can.o(.text.can_filter_init)
    can_init                                 0x080020c1   Thumb Code   226  gd32e50x_can.o(.text.can_init)
    can_interrupt_enable                     0x080021a5   Thumb Code     8  gd32e50x_can.o(.text.can_interrupt_enable)
    can_message_receive                      0x080021ad   Thumb Code   166  gd32e50x_can.o(.text.can_message_receive)
    can_message_transmit                     0x08002255   Thumb Code   168  gd32e50x_can.o(.text.can_message_transmit)
    can_struct_para_init                     0x080022fd   Thumb Code    94  gd32e50x_can.o(.text.can_struct_para_init)
    custom_hid_itfop_register                0x08002425   Thumb Code    14  custom_hid_core.o(.text.custom_hid_itfop_register)
    custom_hid_report_send                   0x08002435   Thumb Code    16  custom_hid_core.o(.text.custom_hid_report_send)
    delay_1ms                                0x08002511   Thumb Code    20  systick.o(.text.delay_1ms)
    delay_decrement                          0x08002525   Thumb Code    24  systick.o(.text.delay_decrement)
    dma_channel_disable                      0x0800253d   Thumb Code    36  gd32e50x_dma.o(.text.dma_channel_disable)
    dma_channel_enable                       0x08002561   Thumb Code    36  gd32e50x_dma.o(.text.dma_channel_enable)
    dma_circulation_disable                  0x08002585   Thumb Code    36  gd32e50x_dma.o(.text.dma_circulation_disable)
    dma_circulation_enable                   0x080025a9   Thumb Code    36  gd32e50x_dma.o(.text.dma_circulation_enable)
    dma_deinit                               0x080025cd   Thumb Code    60  gd32e50x_dma.o(.text.dma_deinit)
    dma_flag_clear                           0x08002609   Thumb Code    32  gd32e50x_dma.o(.text.dma_flag_clear)
    dma_init                                 0x08002629   Thumb Code   124  gd32e50x_dma.o(.text.dma_init)
    dma_interrupt_enable                     0x080026a5   Thumb Code    34  gd32e50x_dma.o(.text.dma_interrupt_enable)
    dma_interrupt_flag_clear                 0x080026c9   Thumb Code    32  gd32e50x_dma.o(.text.dma_interrupt_flag_clear)
    dma_interrupt_flag_get                   0x080026e9   Thumb Code    78  gd32e50x_dma.o(.text.dma_interrupt_flag_get)
    dma_memory_address_config                0x08002739   Thumb Code    30  gd32e50x_dma.o(.text.dma_memory_address_config)
    dma_memory_to_memory_disable             0x08002759   Thumb Code    36  gd32e50x_dma.o(.text.dma_memory_to_memory_disable)
    dma_struct_para_init                     0x0800277d   Thumb Code    26  gd32e50x_dma.o(.text.dma_struct_para_init)
    dma_transfer_number_config               0x08002799   Thumb Code    32  gd32e50x_dma.o(.text.dma_transfer_number_config)
    gpio_bit_reset                           0x080027b9   Thumb Code     4  gd32e50x_gpio.o(.text.gpio_bit_reset)
    gpio_bit_set                             0x080027bd   Thumb Code     4  gd32e50x_gpio.o(.text.gpio_bit_set)
    gpio_init                                0x080027c1   Thumb Code   182  gd32e50x_gpio.o(.text.gpio_init)
    gpio_pin_remap_config                    0x08002879   Thumb Code   118  gd32e50x_gpio.o(.text.gpio_pin_remap_config)
    gpio_port_write                          0x080028f1   Thumb Code     4  gd32e50x_gpio.o(.text.gpio_port_write)
    main                                     0x080028fd   Thumb Code   492  main.o(.text.main)
    nvic_config                              0x08002ae9   Thumb Code    34  gd32e50x_usbd_hw.o(.text.nvic_config)
    nvic_irq_enable                          0x08002b0d   Thumb Code   170  gd32e50x_misc.o(.text.nvic_irq_enable)
    nvic_priority_group_set                  0x08002bb9   Thumb Code    20  gd32e50x_misc.o(.text.nvic_priority_group_set)
    nvic_vector_table_set                    0x08002bcd   Thumb Code    28  gd32e50x_misc.o(.text.nvic_vector_table_set)
    pGetAdcValue                             0x08002be9   Thumb Code    10  adc_egurm.o(.text.pGetAdcValue)
    pGetReceiveMessage                       0x08002bf5   Thumb Code    10  can_egurm.o(.text.pGetReceiveMessage)
    pGetTransmitMessage                      0x08002c01   Thumb Code    10  can_egurm.o(.text.pGetTransmitMessage)
    rcu_adc_clock_config                     0x08002c0d   Thumb Code   114  gd32e50x_rcu.o(.text.rcu_adc_clock_config)
    rcu_clock_freq_get                       0x08002c81   Thumb Code   248  gd32e50x_rcu.o(.text.rcu_clock_freq_get)
    rcu_config                               0x08002d89   Thumb Code   134  gd32e50x_usbd_hw.o(.text.rcu_config)
    rcu_periph_clock_disable                 0x08002e11   Thumb Code    32  gd32e50x_rcu.o(.text.rcu_periph_clock_disable)
    rcu_periph_clock_enable                  0x08002e31   Thumb Code    30  gd32e50x_rcu.o(.text.rcu_periph_clock_enable)
    rcu_periph_reset_disable                 0x08002e51   Thumb Code    32  gd32e50x_rcu.o(.text.rcu_periph_reset_disable)
    rcu_periph_reset_enable                  0x08002e71   Thumb Code    30  gd32e50x_rcu.o(.text.rcu_periph_reset_enable)
    rcu_usb_clock_config                     0x08002e91   Thumb Code    20  gd32e50x_rcu.o(.text.rcu_usb_clock_config)
    serial_string_get                        0x08002ea5   Thumb Code   138  usbd_enum.o(.text.serial_string_get)
    systick_config                           0x08002f31   Thumb Code    72  systick.o(.text.systick_config)
    timer_auto_reload_shadow_enable          0x08002f79   Thumb Code    10  gd32e50x_timer.o(.text.timer_auto_reload_shadow_enable)
    timer_channel_output_config              0x08002f85   Thumb Code   518  gd32e50x_timer.o(.text.timer_channel_output_config)
    timer_channel_output_mode_config         0x0800318d   Thumb Code    58  gd32e50x_timer.o(.text.timer_channel_output_mode_config)
    timer_channel_output_pulse_value_config  0x080031c9   Thumb Code    12  gd32e50x_timer.o(.text.timer_channel_output_pulse_value_config)
    timer_channel_output_shadow_config       0x080031d5   Thumb Code    58  gd32e50x_timer.o(.text.timer_channel_output_shadow_config)
    timer_counter_read                       0x08003211   Thumb Code     4  gd32e50x_timer.o(.text.timer_counter_read)
    timer_deinit                             0x08003215   Thumb Code   328  gd32e50x_timer.o(.text.timer_deinit)
    timer_enable                             0x0800335d   Thumb Code    10  gd32e50x_timer.o(.text.timer_enable)
    timer_init                               0x08003369   Thumb Code   194  gd32e50x_timer.o(.text.timer_init)
    timer_input_capture_config               0x0800342d   Thumb Code   346  gd32e50x_timer.o(.text.timer_input_capture_config)
    timer_input_trigger_source_select        0x08003589   Thumb Code    16  gd32e50x_timer.o(.text.timer_input_trigger_source_select)
    timer_interrupt_enable                   0x08003599   Thumb Code     8  gd32e50x_timer.o(.text.timer_interrupt_enable)
    timer_interrupt_flag_clear               0x080035a1   Thumb Code     6  gd32e50x_timer.o(.text.timer_interrupt_flag_clear)
    timer_interrupt_flag_get                 0x080035a9   Thumb Code    22  gd32e50x_timer.o(.text.timer_interrupt_flag_get)
    timer_quadrature_decoder_mode_config     0x080035c1   Thumb Code    78  gd32e50x_timer.o(.text.timer_quadrature_decoder_mode_config)
    timer_slave_mode_select                  0x08003611   Thumb Code    16  gd32e50x_timer.o(.text.timer_slave_mode_select)
    timer_struct_para_init                   0x08003621   Thumb Code    18  gd32e50x_timer.o(.text.timer_struct_para_init)
    usart_baudrate_set                       0x08003635   Thumb Code   206  gd32e50x_usart.o(.text.usart_baudrate_set)
    usart_data_receive                       0x08003705   Thumb Code    26  gd32e50x_usart.o(.text.usart_data_receive)
    usart_deinit                             0x08003721   Thumb Code   140  gd32e50x_usart.o(.text.usart_deinit)
    usart_dma_receive_config                 0x080037ad   Thumb Code    40  gd32e50x_usart.o(.text.usart_dma_receive_config)
    usart_dma_transmit_config                0x080037d5   Thumb Code    40  gd32e50x_usart.o(.text.usart_dma_transmit_config)
    usart_enable                             0x080037fd   Thumb Code    32  gd32e50x_usart.o(.text.usart_enable)
    usart_interrupt_enable                   0x0800381d   Thumb Code    22  gd32e50x_usart.o(.text.usart_interrupt_enable)
    usart_interrupt_flag_get                 0x08003835   Thumb Code    32  gd32e50x_usart.o(.text.usart_interrupt_flag_get)
    usart_receive_config                     0x08003855   Thumb Code    36  gd32e50x_usart.o(.text.usart_receive_config)
    usart_transmit_config                    0x08003879   Thumb Code    36  gd32e50x_usart.o(.text.usart_transmit_config)
    usbSend                                  0x0800389d   Thumb Code    82  usbd_egurm.o(.text.usbSend)
    usb_gpio_config                          0x080038f1   Thumb Code    20  gd32e50x_usbd_hw.o(.text.usb_gpio_config)
    usbd_class_request                       0x08003919   Thumb Code    22  usbd_enum.o(.text.usbd_class_request)
    usbd_ep_recev                            0x08003ab1   Thumb Code    42  usbd_core.o(.text.usbd_ep_recev)
    usbd_ep_send                             0x08003b65   Thumb Code    60  usbd_core.o(.text.usbd_ep_send)
    usbd_init                                0x08003e6d   Thumb Code   116  usbd_core.o(.text.usbd_init)
    usbd_isr                                 0x08003ee1   Thumb Code   494  usbd_lld_int.o(.text.usbd_isr)
    usbd_standard_request                    0x08004111   Thumb Code    12  usbd_enum.o(.text.usbd_standard_request)
    usbd_vendor_request                      0x08004165   Thumb Code     4  usbd_enum.o(.text.usbd_vendor_request)
    _fp_init                                 0x08004169   Thumb Code    26  fpinit.o(x$fpl$fpinit)
    __fplib_config_fpu_vfp                   0x08004181   Thumb Code     0  fpinit.o(x$fpl$fpinit)
    __fplib_config_pureend_doubles           0x08004181   Thumb Code     0  fpinit.o(x$fpl$fpinit)
    customhid_report_descriptor              0x0800418a   Data         106  custom_hid_core.o(.rodata.customhid_report_descriptor)
    sense_table                              0x080041f4   Data         264  adc_egurm.o(.rodata.sense_table)
    Region$$Table$$Base                      0x080042fc   Number         0  anon$$obj.o(Region$$Table)
    Region$$Table$$Limit                     0x0800431c   Number         0  anon$$obj.o(Region$$Table)
    Send_Buffer                              0x20000002   Data          42  usbd_egurm.o(.data.Send_Buffer)
    SystemCoreClock                          0x2000002c   Data           4  system_gd32e50x.o(.data.SystemCoreClock)
    btable_ep                                0x20000030   Data           4  usbd_lld_core.o(.data.btable_ep)
    custom_hid_class                         0x20000034   Data          32  custom_hid_core.o(.data.custom_hid_class)
    custom_hid_config_desc                   0x20000054   Data          41  custom_hid_core.o(.data.custom_hid_config_desc)
    custom_hid_desc                          0x20000080   Data          16  custom_hid_core.o(.data.custom_hid_desc)
    custom_hid_dev_desc                      0x20000090   Data          18  custom_hid_core.o(.data.custom_hid_dev_desc)
    default_adc_moment_in                    0x200000a2   Data           2  adc_egurm.o(.data.default_adc_moment_in)
    default_adc_moment_out                   0x200000a4   Data           2  adc_egurm.o(.data.default_adc_moment_out)
    fop_handler                              0x200000a8   Data          16  custom_hid_itf.o(.data.fop_handler)
    length                                   0x200000b8   Data           1  usbd_egurm.o(.data.length)
    pwm_mufta                                0x200001be   Data           2  main.o(.data.pwm_mufta)
    usbd_drv_handler                         0x20000244   Data          64  usbd_lld_core.o(.data.usbd_drv_handler)
    __libspace_start                         0x20000298   Data          96  libspace.o(.bss)
    __temporary_stack_top$libspace           0x200002f8   Data           0  libspace.o(.bss)
    Receive_Buffer                           0x20000319   Data          15  custom_hid_core.o(.bss.Receive_Buffer)
    adc_buffer                               0x2000032c   Data          10  adc_egurm.o(.bss.adc_buffer)
    akip_code_error                          0x20000336   Data           1  usart_akip_1148a.o(.bss.akip_code_error)
    akip_rx_buffer                           0x20000337   Data          30  usart_akip_1148a.o(.bss.akip_rx_buffer)
    akip_tx_buffer                           0x20000358   Data          30  usart_akip_1148a.o(.bss.akip_tx_buffer)
    angle_0_in_encoder                       0x20000376   Data           2  encoder_egurm.o(.bss.angle_0_in_encoder)
    angle_encoder_in                         0x20000378   Data           2  main.o(.bss.angle_encoder_in)
    can1_receive_flag                        0x2000037a   Data           1  can_egurm.o(.bss.can1_receive_flag)
    clock_freq                               0x2000037c   Data          20  main.o(.bss.clock_freq)
    count_zero                               0x20000390   Data           1  encoder_egurm.o(.bss.count_zero)
    current                                  0x20000392   Data           2  main.o(.bss.current)
    flag_set_curr                            0x200003a0   Data           1  main.o(.bss.flag_set_curr)
    flag_set_volt                            0x200003a1   Data           1  main.o(.bss.flag_set_volt)
    g_receive_message                        0x200003a4   Data          20  can_egurm.o(.bss.g_receive_message)
    g_transmit_message                       0x200003b8   Data          20  can_egurm.o(.bss.g_transmit_message)
    n_m_in                                   0x200003cc   Data           2  main.o(.bss.n_m_in)
    n_m_out                                  0x200003ce   Data           2  main.o(.bss.n_m_out)
    number_command                           0x200003d0   Data           1  usart_akip_1148a.o(.bss.number_command)
    revers_volt                              0x200003d1   Data           1  main.o(.bss.revers_volt)
    set_current                              0x200003d2   Data           2  usart_akip_1148a.o(.bss.set_current)
    set_delta_volt                           0x200003d4   Data           1  usart_akip_1148a.o(.bss.set_delta_volt)
    set_mode_akip                            0x200003d5   Data           1  usart_akip_1148a.o(.bss.set_mode_akip)
    set_voltage                              0x200003d6   Data           2  usart_akip_1148a.o(.bss.set_voltage)
    setting_current                          0x200003d8   Data           2  main.o(.bss.setting_current)
    setting_voltage                          0x200003da   Data           2  main.o(.bss.setting_voltage)
    speed_can                                0x200003dc   Data           1  main.o(.bss.speed_can)
    temper                                   0x200003de   Data           2  main.o(.bss.temper)
    usbd_can_mode                            0x200003e2   Data           1  main.o(.bss.usbd_can_mode)
    usbd_core                                0x200003e4   Data           8  usbd_lld_core.o(.bss.usbd_core)
    usbd_custom_hid                          0x200003ec   Data         192  usbd_egurm.o(.bss.usbd_custom_hid)
    usbd_int_fops                            0x200004ac   Data           4  usbd_core.o(.bss.usbd_int_fops)
    valAdcParam                              0x200004b0   Data          10  adc_egurm.o(.bss.valAdcParam)
    voltage                                  0x200004ba   Data           2  main.o(.bss.voltage)



==============================================================================

Memory Map of the image

  Image Entry point : 0x080001a1

  Load Region LR_IROM1 (Base: 0x08000000, Size: 0x000045b8, Max: 0x00080000, ABSOLUTE, COMPRESSED[0x00004450])

    Execution Region ER_IROM1 (Exec base: 0x08000000, Load base: 0x08000000, Size: 0x0000431c, Max: 0x00080000, ABSOLUTE)

    Exec Addr    Load Addr    Size         Type   Attr      Idx    E Section Name        Object

    0x08000000   0x08000000   0x000001a0   Data   RO          374    RESET               startup_gd32e50x_hd.o
    0x080001a0   0x080001a0   0x00000008   Code   RO         2419  * !!!main             c_w.l(__main.o)
    0x080001a8   0x080001a8   0x00000034   Code   RO         2595    !!!scatter          c_w.l(__scatter.o)
    0x080001dc   0x080001dc   0x0000003a   Code   RO         2593    !!dczerorl          c_w.l(__dczerorl.o)
    0x08000216   0x08000216   0x00000002   PAD
    0x08000218   0x08000218   0x0000001c   Code   RO         2597    !!handler_zi        c_w.l(__scatter_zi.o)
    0x08000234   0x08000234   0x00000000   Code   RO         2414    .ARM.Collect$$_printf_percent$$00000000  c_w.l(_printf_percent.o)
    0x08000234   0x08000234   0x00000006   Code   RO         2413    .ARM.Collect$$_printf_percent$$00000009  c_w.l(_printf_d.o)
    0x0800023a   0x0800023a   0x00000004   Code   RO         2428    .ARM.Collect$$_printf_percent$$00000017  c_w.l(_printf_percent_end.o)
    0x0800023e   0x0800023e   0x00000002   Code   RO         2455    .ARM.Collect$$libinit$$00000000  c_w.l(libinit.o)
    0x08000240   0x08000240   0x00000004   Code   RO         2461    .ARM.Collect$$libinit$$00000001  c_w.l(libinit2.o)
    0x08000244   0x08000244   0x00000000   Code   RO         2464    .ARM.Collect$$libinit$$00000004  c_w.l(libinit2.o)
    0x08000244   0x08000244   0x00000000   Code   RO         2466    .ARM.Collect$$libinit$$00000006  c_w.l(libinit2.o)
    0x08000244   0x08000244   0x00000000   Code   RO         2469    .ARM.Collect$$libinit$$0000000C  c_w.l(libinit2.o)
    0x08000244   0x08000244   0x00000000   Code   RO         2471    .ARM.Collect$$libinit$$0000000E  c_w.l(libinit2.o)
    0x08000244   0x08000244   0x00000000   Code   RO         2473    .ARM.Collect$$libinit$$00000010  c_w.l(libinit2.o)
    0x08000244   0x08000244   0x00000000   Code   RO         2476    .ARM.Collect$$libinit$$00000013  c_w.l(libinit2.o)
    0x08000244   0x08000244   0x00000000   Code   RO         2478    .ARM.Collect$$libinit$$00000015  c_w.l(libinit2.o)
    0x08000244   0x08000244   0x00000000   Code   RO         2480    .ARM.Collect$$libinit$$00000017  c_w.l(libinit2.o)
    0x08000244   0x08000244   0x00000000   Code   RO         2482    .ARM.Collect$$libinit$$00000019  c_w.l(libinit2.o)
    0x08000244   0x08000244   0x00000000   Code   RO         2484    .ARM.Collect$$libinit$$0000001B  c_w.l(libinit2.o)
    0x08000244   0x08000244   0x00000000   Code   RO         2486    .ARM.Collect$$libinit$$0000001D  c_w.l(libinit2.o)
    0x08000244   0x08000244   0x00000000   Code   RO         2488    .ARM.Collect$$libinit$$0000001F  c_w.l(libinit2.o)
    0x08000244   0x08000244   0x00000000   Code   RO         2490    .ARM.Collect$$libinit$$00000021  c_w.l(libinit2.o)
    0x08000244   0x08000244   0x00000000   Code   RO         2492    .ARM.Collect$$libinit$$00000023  c_w.l(libinit2.o)
    0x08000244   0x08000244   0x00000000   Code   RO         2494    .ARM.Collect$$libinit$$00000025  c_w.l(libinit2.o)
    0x08000244   0x08000244   0x00000000   Code   RO         2496    .ARM.Collect$$libinit$$00000027  c_w.l(libinit2.o)
    0x08000244   0x08000244   0x00000000   Code   RO         2500    .ARM.Collect$$libinit$$0000002E  c_w.l(libinit2.o)
    0x08000244   0x08000244   0x00000000   Code   RO         2502    .ARM.Collect$$libinit$$00000030  c_w.l(libinit2.o)
    0x08000244   0x08000244   0x00000000   Code   RO         2504    .ARM.Collect$$libinit$$00000032  c_w.l(libinit2.o)
    0x08000244   0x08000244   0x00000000   Code   RO         2506    .ARM.Collect$$libinit$$00000034  c_w.l(libinit2.o)
    0x08000244   0x08000244   0x00000002   Code   RO         2507    .ARM.Collect$$libinit$$00000035  c_w.l(libinit2.o)
    0x08000246   0x08000246   0x00000002   Code   RO         2529    .ARM.Collect$$libshutdown$$00000000  c_w.l(libshutdown.o)
    0x08000248   0x08000248   0x00000000   Code   RO         2544    .ARM.Collect$$libshutdown$$00000002  c_w.l(libshutdown2.o)
    0x08000248   0x08000248   0x00000000   Code   RO         2546    .ARM.Collect$$libshutdown$$00000004  c_w.l(libshutdown2.o)
    0x08000248   0x08000248   0x00000000   Code   RO         2549    .ARM.Collect$$libshutdown$$00000007  c_w.l(libshutdown2.o)
    0x08000248   0x08000248   0x00000000   Code   RO         2552    .ARM.Collect$$libshutdown$$0000000A  c_w.l(libshutdown2.o)
    0x08000248   0x08000248   0x00000000   Code   RO         2554    .ARM.Collect$$libshutdown$$0000000C  c_w.l(libshutdown2.o)
    0x08000248   0x08000248   0x00000000   Code   RO         2557    .ARM.Collect$$libshutdown$$0000000F  c_w.l(libshutdown2.o)
    0x08000248   0x08000248   0x00000002   Code   RO         2558    .ARM.Collect$$libshutdown$$00000010  c_w.l(libshutdown2.o)
    0x0800024a   0x0800024a   0x00000000   Code   RO         2421    .ARM.Collect$$rtentry$$00000000  c_w.l(__rtentry.o)
    0x0800024a   0x0800024a   0x00000000   Code   RO         2430    .ARM.Collect$$rtentry$$00000002  c_w.l(__rtentry2.o)
    0x0800024a   0x0800024a   0x00000006   Code   RO         2442    .ARM.Collect$$rtentry$$00000004  c_w.l(__rtentry4.o)
    0x08000250   0x08000250   0x00000000   Code   RO         2432    .ARM.Collect$$rtentry$$00000009  c_w.l(__rtentry2.o)
    0x08000250   0x08000250   0x00000004   Code   RO         2433    .ARM.Collect$$rtentry$$0000000A  c_w.l(__rtentry2.o)
    0x08000254   0x08000254   0x00000000   Code   RO         2435    .ARM.Collect$$rtentry$$0000000C  c_w.l(__rtentry2.o)
    0x08000254   0x08000254   0x00000008   Code   RO         2436    .ARM.Collect$$rtentry$$0000000D  c_w.l(__rtentry2.o)
    0x0800025c   0x0800025c   0x00000002   Code   RO         2459    .ARM.Collect$$rtexit$$00000000  c_w.l(rtexit.o)
    0x0800025e   0x0800025e   0x00000000   Code   RO         2509    .ARM.Collect$$rtexit$$00000002  c_w.l(rtexit2.o)
    0x0800025e   0x0800025e   0x00000004   Code   RO         2510    .ARM.Collect$$rtexit$$00000003  c_w.l(rtexit2.o)
    0x08000262   0x08000262   0x00000006   Code   RO         2511    .ARM.Collect$$rtexit$$00000004  c_w.l(rtexit2.o)
    0x08000268   0x08000268   0x00000040   Code   RO          375    .text               startup_gd32e50x_hd.o
    0x080002a8   0x080002a8   0x00000028   Code   RO         2387    .text               c_w.l(noretval__2sprintf.o)
    0x080002d0   0x080002d0   0x00000068   Code   RO         2389    .text               c_w.l(__printf.o)
    0x08000338   0x08000338   0x00000078   Code   RO         2391    .text               c_w.l(_printf_dec.o)
    0x080003b0   0x080003b0   0x00000006   Code   RO         2417    .text               c_w.l(heapauxi.o)
    0x080003b6   0x080003b6   0x000000b2   Code   RO         2422    .text               c_w.l(_printf_intcommon.o)
    0x08000468   0x08000468   0x00000030   Code   RO         2424    .text               c_w.l(_printf_char_common.o)
    0x08000498   0x08000498   0x0000000a   Code   RO         2426    .text               c_w.l(_sputc.o)
    0x080004a2   0x080004a2   0x0000004a   Code   RO         2446    .text               c_w.l(sys_stackheap_outer.o)
    0x080004ec   0x080004ec   0x00000012   Code   RO         2448    .text               c_w.l(exit.o)
    0x080004fe   0x080004fe   0x00000002   PAD
    0x08000500   0x08000500   0x00000008   Code   RO         2456    .text               c_w.l(libspace.o)
    0x08000508   0x08000508   0x0000000c   Code   RO         2519    .text               c_w.l(sys_exit.o)
    0x08000514   0x08000514   0x00000002   Code   RO         2534    .text               c_w.l(use_no_semi.o)
    0x08000516   0x08000516   0x00000000   Code   RO         2536    .text               c_w.l(indicate_semi.o)
    0x08000516   0x08000516   0x00000002   PAD
    0x08000518   0x08000518   0x000000ae   Code   RO          283    .text.AdcConfig     adc_init_egurm.o
    0x080005c6   0x080005c6   0x00000002   PAD
    0x080005c8   0x080005c8   0x000000d2   Code   RO          275    .text.AdcEgurnInit  adc_init_egurm.o
    0x0800069a   0x0800069a   0x00000002   PAD
    0x0800069c   0x0800069c   0x00000074   Code   RO          107    .text.AverageValueAdcMoment  adc_egurm.o
    0x08000710   0x08000710   0x0000007e   Code   RO          113    .text.AverageValueAdcVoltAmper  adc_egurm.o
    0x0800078e   0x0800078e   0x00000002   PAD
    0x08000790   0x08000790   0x00000002   Code   RO            8    .text.BusFault_Handler  gd32e50x_it.o
    0x08000792   0x08000792   0x00000002   PAD
    0x08000794   0x08000794   0x00000026   Code   RO           24    .text.CAN1_RX0_IRQHandler  gd32e50x_it.o
    0x080007ba   0x080007ba   0x00000002   PAD
    0x080007bc   0x080007bc   0x00000026   Code   RO           26    .text.CAN1_RX1_IRQHandler  gd32e50x_it.o
    0x080007e2   0x080007e2   0x00000002   PAD
    0x080007e4   0x080007e4   0x00000096   Code   RO          257    .text.CanConfig     can_init_egurm.o
    0x0800087a   0x0800087a   0x00000002   PAD
    0x0800087c   0x0800087c   0x000000da   Code   RO          263    .text.CanEgurmInit  can_init_egurm.o
    0x08000956   0x08000956   0x00000002   PAD
    0x08000958   0x08000958   0x00000032   Code   RO          140    .text.CanTransmit   can_egurm.o
    0x0800098a   0x0800098a   0x00000002   PAD
    0x0800098c   0x0800098c   0x00000026   Code   RO           32    .text.DMA0_Channel1_IRQHandler  gd32e50x_it.o
    0x080009b2   0x080009b2   0x00000002   PAD
    0x080009b4   0x080009b4   0x0000004a   Code   RO           34    .text.DMA0_Channel2_IRQHandler  gd32e50x_it.o
    0x080009fe   0x080009fe   0x00000002   PAD
    0x08000a00   0x08000a00   0x00000002   Code   RO           14    .text.DebugMon_Handler  gd32e50x_it.o
    0x08000a02   0x08000a02   0x00000002   PAD
    0x08000a04   0x08000a04   0x00000002   Code   RO           36    .text.EXTI0_IRQHandler  gd32e50x_it.o
    0x08000a06   0x08000a06   0x00000002   PAD
    0x08000a08   0x08000a08   0x00000002   Code   RO           38    .text.EXTI10_15_IRQHandler  gd32e50x_it.o
    0x08000a0a   0x08000a0a   0x00000002   PAD
    0x08000a0c   0x08000a0c   0x000001ba   Code   RO          356    .text.EncoderInInit  encoder_init_egurm.o
    0x08000bc6   0x08000bc6   0x00000002   PAD
    0x08000bc8   0x08000bc8   0x0000000a   Code   RO          172    .text.GetAkipTxBuff  usart_akip_1148a.o
    0x08000bd2   0x08000bd2   0x00000002   PAD
    0x08000bd4   0x08000bd4   0x00000030   Code   RO          111    .text.GetCurrent    adc_egurm.o
    0x08000c04   0x08000c04   0x00000034   Code   RO          103    .text.GetMomentIn   adc_egurm.o
    0x08000c38   0x08000c38   0x00000034   Code   RO          105    .text.GetMomentOut  adc_egurm.o
    0x08000c6c   0x08000c6c   0x0000002c   Code   RO          206    .text.GetObsalutAngleEncoderIn  encoder_egurm.o
    0x08000c98   0x08000c98   0x000000ba   Code   RO          115    .text.GetTemperature  adc_egurm.o
    0x08000d52   0x08000d52   0x00000002   PAD
    0x08000d54   0x08000d54   0x00000028   Code   RO          109    .text.GetVoltage    adc_egurm.o
    0x08000d7c   0x08000d7c   0x00000002   Code   RO            4    .text.HardFault_Handler  gd32e50x_it.o
    0x08000d7e   0x08000d7e   0x00000002   PAD
    0x08000d80   0x08000d80   0x0000002e   Code   RO          244    .text.IngitionInit  ingition.o
    0x08000dae   0x08000dae   0x00000002   PAD
    0x08000db0   0x08000db0   0x00000010   Code   RO          248    .text.IngitionOff   ingition.o
    0x08000dc0   0x08000dc0   0x00000010   Code   RO          246    .text.IngitionOn    ingition.o
    0x08000dd0   0x08000dd0   0x0000005a   Code   RO          320    .text.InitTimerTo100us  timers_10_and_100_us_init.o
    0x08000e2a   0x08000e2a   0x00000002   PAD
    0x08000e2c   0x08000e2c   0x00000058   Code   RO          318    .text.InitTimerTo10us  timers_10_and_100_us_init.o
    0x08000e84   0x08000e84   0x00000002   Code   RO            6    .text.MemManage_Handler  gd32e50x_it.o
    0x08000e86   0x08000e86   0x00000002   PAD
    0x08000e88   0x08000e88   0x000000a6   Code   RO          365    .text.MuftaEgurmInit  mufta_egurm_init.o
    0x08000f2e   0x08000f2e   0x00000002   PAD
    0x08000f30   0x08000f30   0x00000002   Code   RO            2    .text.NMI_Handler   gd32e50x_it.o
    0x08000f32   0x08000f32   0x00000002   PAD
    0x08000f34   0x08000f34   0x00000002   Code   RO           16    .text.PendSV_Handler  gd32e50x_it.o
    0x08000f36   0x08000f36   0x00000002   PAD
    0x08000f38   0x08000f38   0x00000004   Code   RO          155    .text.Period100us   timers_10_and_100_us.o
    0x08000f3c   0x08000f3c   0x00000004   Code   RO          153    .text.Period10us    timers_10_and_100_us.o
    0x08000f40   0x08000f40   0x0000001e   Code   RO          174    .text.Period1MsForAkip  usart_akip_1148a.o
    0x08000f5e   0x08000f5e   0x00000002   PAD
    0x08000f60   0x08000f60   0x00000004   Code   RO          157    .text.Period1ms     timers_10_and_100_us.o
    0x08000f64   0x08000f64   0x00000002   Code   RO           12    .text.SVC_Handler   gd32e50x_it.o
    0x08000f66   0x08000f66   0x00000002   PAD
    0x08000f68   0x08000f68   0x000000b0   Code   RO          178    .text.SetCurrentAkip  usart_akip_1148a.o
    0x08001018   0x08001018   0x0000003e   Code   RO          184    .text.SetCurrentEgurm  usart_akip_1148a.o
    0x08001056   0x08001056   0x00000002   PAD
    0x08001058   0x08001058   0x00000032   Code   RO          101    .text.SetDefaultSenseMoment  adc_egurm.o
    0x0800108a   0x0800108a   0x00000002   PAD
    0x0800108c   0x0800108c   0x0000013a   Code   RO          176    .text.SetParametr   usart_akip_1148a.o
    0x080011c6   0x080011c6   0x00000002   PAD
    0x080011c8   0x080011c8   0x0000001a   Code   RO          222    .text.SetPwmMufta   mufta_egurm.o
    0x080011e2   0x080011e2   0x00000002   PAD
    0x080011e4   0x080011e4   0x00000120   Code   RO          180    .text.SetVoltageAkip  usart_akip_1148a.o
    0x08001304   0x08001304   0x00000034   Code   RO          182    .text.SetVoltageEgurm  usart_akip_1148a.o
    0x08001338   0x08001338   0x0000000e   Code   RO           18    .text.SysTick_Handler  gd32e50x_it.o
    0x08001346   0x08001346   0x00000002   PAD
    0x08001348   0x08001348   0x000001c8   Code   RO          397    .text.SystemInit    system_gd32e50x.o
    0x08001510   0x08001510   0x00000030   Code   RO          208    .text.TIMER2_IRQHandler  encoder_egurm.o
    0x08001540   0x08001540   0x00000030   Code   RO          210    .text.TIMER3_IRQHandler  encoder_egurm.o
    0x08001570   0x08001570   0x00000028   Code   RO           28    .text.TIMER5_DAC_IRQHandler  gd32e50x_it.o
    0x08001598   0x08001598   0x00000028   Code   RO           30    .text.TIMER6_IRQHandler  gd32e50x_it.o
    0x080015c0   0x080015c0   0x0000008e   Code   RO          186    .text.USART2_IRQHandler  usart_akip_1148a.o
    0x0800164e   0x0800164e   0x00000002   PAD
    0x08001650   0x08001650   0x00000004   Code   RO           20    .text.USBD_LP_CAN0_RX0_IRQHandler  gd32e50x_it.o
    0x08001654   0x08001654   0x00000002   Code   RO           10    .text.UsageFault_Handler  gd32e50x_it.o
    0x08001656   0x08001656   0x00000002   PAD
    0x08001658   0x08001658   0x00000162   Code   RO          329    .text.UsartAkip1148aInit  usart_akip_1148a_init.o
    0x080017ba   0x080017ba   0x00000002   PAD
    0x080017bc   0x080017bc   0x00000038   Code   RO           83    .text.UsbdActive    usbd_egurm.o
    0x080017f4   0x080017f4   0x00000010   Code   RO           85    .text.UsbdDisactive  usbd_egurm.o
    0x08001804   0x08001804   0x00000050   Code   RO           79    .text.UsbdEgurmInit  usbd_egurm.o
    0x08001854   0x08001854   0x0000002e   Code   RO          231    .text.VoltageReversInit  voltage_revers.o
    0x08001882   0x08001882   0x00000002   PAD
    0x08001884   0x08001884   0x00000066   Code   RO         2317    .text._usb_in0_transc  usbd_transc.o
    0x080018ea   0x080018ea   0x00000002   PAD
    0x080018ec   0x080018ec   0x0000004e   Code   RO         2315    .text._usb_out0_transc  usbd_transc.o
    0x0800193a   0x0800193a   0x00000002   PAD
    0x0800193c   0x0800193c   0x000000b2   Code   RO         2313    .text._usb_setup_transc  usbd_transc.o
    0x080019ee   0x080019ee   0x00000002   PAD
    0x080019f0   0x080019f0   0x0000007c   Code   RO         2272    .text._usb_std_clearfeature  usbd_enum.o
    0x08001a6c   0x08001a6c   0x0000003e   Code   RO         2284    .text._usb_std_getconfiguration  usbd_enum.o
    0x08001aaa   0x08001aaa   0x00000002   PAD
    0x08001aac   0x08001aac   0x000000d2   Code   RO         2280    .text._usb_std_getdescriptor  usbd_enum.o
    0x08001b7e   0x08001b7e   0x00000002   PAD
    0x08001b80   0x08001b80   0x00000020   Code   RO         2288    .text._usb_std_getinterface  usbd_enum.o
    0x08001ba0   0x08001ba0   0x000000a6   Code   RO         2270    .text._usb_std_getstatus  usbd_enum.o
    0x08001c46   0x08001c46   0x00000002   PAD
    0x08001c48   0x08001c48   0x00000004   Code   RO         2274    .text._usb_std_reserved  usbd_enum.o
    0x08001c4c   0x08001c4c   0x00000028   Code   RO         2278    .text._usb_std_setaddress  usbd_enum.o
    0x08001c74   0x08001c74   0x00000080   Code   RO         2286    .text._usb_std_setconfiguration  usbd_enum.o
    0x08001cf4   0x08001cf4   0x00000004   Code   RO         2282    .text._usb_std_setdescriptor  usbd_enum.o
    0x08001cf8   0x08001cf8   0x00000082   Code   RO         2276    .text._usb_std_setfeature  usbd_enum.o
    0x08001d7a   0x08001d7a   0x00000002   PAD
    0x08001d7c   0x08001d7c   0x00000022   Code   RO         2290    .text._usb_std_setinterface  usbd_enum.o
    0x08001d9e   0x08001d9e   0x00000002   PAD
    0x08001da0   0x08001da0   0x00000004   Code   RO         2292    .text._usb_std_synchframe  usbd_enum.o
    0x08001da4   0x08001da4   0x00000020   Code   RO          416    .text.adc_calibration_enable  gd32e50x_adc.o
    0x08001dc4   0x08001dc4   0x0000003a   Code   RO          436    .text.adc_channel_length_config  gd32e50x_adc.o
    0x08001dfe   0x08001dfe   0x00000002   PAD
    0x08001e00   0x08001e00   0x00000012   Code   RO          434    .text.adc_data_alignment_config  gd32e50x_adc.o
    0x08001e12   0x08001e12   0x00000002   PAD
    0x08001e14   0x08001e14   0x0000000a   Code   RO          420    .text.adc_dma_mode_enable  gd32e50x_adc.o
    0x08001e1e   0x08001e1e   0x00000002   PAD
    0x08001e20   0x08001e20   0x00000012   Code   RO          412    .text.adc_enable    gd32e50x_adc.o
    0x08001e32   0x08001e32   0x00000002   PAD
    0x08001e34   0x08001e34   0x00000040   Code   RO          446    .text.adc_external_trigger_config  gd32e50x_adc.o
    0x08001e74   0x08001e74   0x0000002a   Code   RO          448    .text.adc_external_trigger_source_config  gd32e50x_adc.o
    0x08001e9e   0x08001e9e   0x00000002   PAD
    0x08001ea0   0x08001ea0   0x00000018   Code   RO          430    .text.adc_mode_config  gd32e50x_adc.o
    0x08001eb8   0x08001eb8   0x00000074   Code   RO          438    .text.adc_regular_channel_config  gd32e50x_adc.o
    0x08001f2c   0x08001f2c   0x0000001c   Code   RO          450    .text.adc_software_trigger_enable  gd32e50x_adc.o
    0x08001f48   0x08001f48   0x0000005c   Code   RO          432    .text.adc_special_function_config  gd32e50x_adc.o
    0x08001fa4   0x08001fa4   0x00000036   Code   RO          554    .text.can_deinit    gd32e50x_can.o
    0x08001fda   0x08001fda   0x00000002   PAD
    0x08001fdc   0x08001fdc   0x000000e2   Code   RO          560    .text.can_filter_init  gd32e50x_can.o
    0x080020be   0x080020be   0x00000002   PAD
    0x080020c0   0x080020c0   0x000000e2   Code   RO          558    .text.can_init      gd32e50x_can.o
    0x080021a2   0x080021a2   0x00000002   PAD
    0x080021a4   0x080021a4   0x00000008   Code   RO          598    .text.can_interrupt_enable  gd32e50x_can.o
    0x080021ac   0x080021ac   0x000000a6   Code   RO          582    .text.can_message_receive  gd32e50x_can.o
    0x08002252   0x08002252   0x00000002   PAD
    0x08002254   0x08002254   0x000000a8   Code   RO          576    .text.can_message_transmit  gd32e50x_can.o
    0x080022fc   0x080022fc   0x0000005e   Code   RO          556    .text.can_struct_para_init  gd32e50x_can.o
    0x0800235a   0x0800235a   0x00000002   PAD
    0x0800235c   0x0800235c   0x00000002   Code   RO         2219    .text.custom_hid_data_in  custom_hid_core.o
    0x0800235e   0x0800235e   0x00000002   PAD
    0x08002360   0x08002360   0x00000016   Code   RO         2221    .text.custom_hid_data_out  custom_hid_core.o
    0x08002376   0x08002376   0x00000002   PAD
    0x08002378   0x08002378   0x00000020   Code   RO         2215    .text.custom_hid_deinit  custom_hid_core.o
    0x08002398   0x08002398   0x0000008a   Code   RO         2213    .text.custom_hid_init  custom_hid_core.o
    0x08002422   0x08002422   0x00000002   PAD
    0x08002424   0x08002424   0x0000000e   Code   RO         2223    .text.custom_hid_itfop_register  custom_hid_core.o
    0x08002432   0x08002432   0x00000002   PAD
    0x08002434   0x08002434   0x00000010   Code   RO         2225    .text.custom_hid_report_send  custom_hid_core.o
    0x08002444   0x08002444   0x000000ca   Code   RO         2217    .text.custom_hid_req_handler  custom_hid_core.o
    0x0800250e   0x0800250e   0x00000002   PAD
    0x08002510   0x08002510   0x00000014   Code   RO          384    .text.delay_1ms     systick.o
    0x08002524   0x08002524   0x00000018   Code   RO          386    .text.delay_decrement  systick.o
    0x0800253c   0x0800253c   0x00000024   Code   RO          820    .text.dma_channel_disable  gd32e50x_dma.o
    0x08002560   0x08002560   0x00000024   Code   RO          818    .text.dma_channel_enable  gd32e50x_dma.o
    0x08002584   0x08002584   0x00000024   Code   RO          812    .text.dma_circulation_disable  gd32e50x_dma.o
    0x080025a8   0x080025a8   0x00000024   Code   RO          810    .text.dma_circulation_enable  gd32e50x_dma.o
    0x080025cc   0x080025cc   0x0000003c   Code   RO          804    .text.dma_deinit    gd32e50x_dma.o
    0x08002608   0x08002608   0x00000020   Code   RO          848    .text.dma_flag_clear  gd32e50x_dma.o
    0x08002628   0x08002628   0x0000007c   Code   RO          808    .text.dma_init      gd32e50x_dma.o
    0x080026a4   0x080026a4   0x00000022   Code   RO          850    .text.dma_interrupt_enable  gd32e50x_dma.o
    0x080026c6   0x080026c6   0x00000002   PAD
    0x080026c8   0x080026c8   0x00000020   Code   RO          856    .text.dma_interrupt_flag_clear  gd32e50x_dma.o
    0x080026e8   0x080026e8   0x0000004e   Code   RO          854    .text.dma_interrupt_flag_get  gd32e50x_dma.o
    0x08002736   0x08002736   0x00000002   PAD
    0x08002738   0x08002738   0x0000001e   Code   RO          824    .text.dma_memory_address_config  gd32e50x_dma.o
    0x08002756   0x08002756   0x00000002   PAD
    0x08002758   0x08002758   0x00000024   Code   RO          816    .text.dma_memory_to_memory_disable  gd32e50x_dma.o
    0x0800277c   0x0800277c   0x0000001a   Code   RO          806    .text.dma_struct_para_init  gd32e50x_dma.o
    0x08002796   0x08002796   0x00000002   PAD
    0x08002798   0x08002798   0x00000020   Code   RO          826    .text.dma_transfer_number_config  gd32e50x_dma.o
    0x080027b8   0x080027b8   0x00000004   Code   RO         1057    .text.gpio_bit_reset  gd32e50x_gpio.o
    0x080027bc   0x080027bc   0x00000004   Code   RO         1055    .text.gpio_bit_set  gd32e50x_gpio.o
    0x080027c0   0x080027c0   0x000000b6   Code   RO         1053    .text.gpio_init     gd32e50x_gpio.o
    0x08002876   0x08002876   0x00000002   PAD
    0x08002878   0x08002878   0x00000076   Code   RO         1071    .text.gpio_pin_remap_config  gd32e50x_gpio.o
    0x080028ee   0x080028ee   0x00000002   PAD
    0x080028f0   0x080028f0   0x00000004   Code   RO         1061    .text.gpio_port_write  gd32e50x_gpio.o
    0x080028f4   0x080028f4   0x00000002   Code   RO          292    .text.key_config    custom_hid_itf.o
    0x080028f6   0x080028f6   0x00000002   PAD
    0x080028f8   0x080028f8   0x00000002   Code   RO          294    .text.led_config    custom_hid_itf.o
    0x080028fa   0x080028fa   0x00000002   PAD
    0x080028fc   0x080028fc   0x000001ec   Code   RO           49    .text.main          main.o
    0x08002ae8   0x08002ae8   0x00000022   Code   RO          308    .text.nvic_config   gd32e50x_usbd_hw.o
    0x08002b0a   0x08002b0a   0x00000002   PAD
    0x08002b0c   0x08002b0c   0x000000aa   Code   RO         1295    .text.nvic_irq_enable  gd32e50x_misc.o
    0x08002bb6   0x08002bb6   0x00000002   PAD
    0x08002bb8   0x08002bb8   0x00000014   Code   RO         1293    .text.nvic_priority_group_set  gd32e50x_misc.o
    0x08002bcc   0x08002bcc   0x0000001c   Code   RO         1303    .text.nvic_vector_table_set  gd32e50x_misc.o
    0x08002be8   0x08002be8   0x0000000a   Code   RO           99    .text.pGetAdcValue  adc_egurm.o
    0x08002bf2   0x08002bf2   0x00000002   PAD
    0x08002bf4   0x08002bf4   0x0000000a   Code   RO          136    .text.pGetReceiveMessage  can_egurm.o
    0x08002bfe   0x08002bfe   0x00000002   PAD
    0x08002c00   0x08002c00   0x0000000a   Code   RO          134    .text.pGetTransmitMessage  can_egurm.o
    0x08002c0a   0x08002c0a   0x00000002   PAD
    0x08002c0c   0x08002c0c   0x00000072   Code   RO         1405    .text.rcu_adc_clock_config  gd32e50x_rcu.o
    0x08002c7e   0x08002c7e   0x00000002   PAD
    0x08002c80   0x08002c80   0x00000108   Code   RO         1441    .text.rcu_clock_freq_get  gd32e50x_rcu.o
    0x08002d88   0x08002d88   0x00000086   Code   RO          304    .text.rcu_config    gd32e50x_usbd_hw.o
    0x08002e0e   0x08002e0e   0x00000002   PAD
    0x08002e10   0x08002e10   0x00000020   Code   RO         1373    .text.rcu_periph_clock_disable  gd32e50x_rcu.o
    0x08002e30   0x08002e30   0x0000001e   Code   RO         1371    .text.rcu_periph_clock_enable  gd32e50x_rcu.o
    0x08002e4e   0x08002e4e   0x00000002   PAD
    0x08002e50   0x08002e50   0x00000020   Code   RO         1381    .text.rcu_periph_reset_disable  gd32e50x_rcu.o
    0x08002e70   0x08002e70   0x0000001e   Code   RO         1379    .text.rcu_periph_reset_enable  gd32e50x_rcu.o
    0x08002e8e   0x08002e8e   0x00000002   PAD
    0x08002e90   0x08002e90   0x00000014   Code   RO         1407    .text.rcu_usb_clock_config  gd32e50x_rcu.o
    0x08002ea4   0x08002ea4   0x0000008a   Code   RO         2268    .text.serial_string_get  usbd_enum.o
    0x08002f2e   0x08002f2e   0x00000002   PAD
    0x08002f30   0x08002f30   0x00000048   Code   RO          382    .text.systick_config  systick.o
    0x08002f78   0x08002f78   0x0000000a   Code   RO         1884    .text.timer_auto_reload_shadow_enable  gd32e50x_timer.o
    0x08002f82   0x08002f82   0x00000002   PAD
    0x08002f84   0x08002f84   0x00000206   Code   RO         1944    .text.timer_channel_output_config  gd32e50x_timer.o
    0x0800318a   0x0800318a   0x00000002   PAD
    0x0800318c   0x0800318c   0x0000003a   Code   RO         1946    .text.timer_channel_output_mode_config  gd32e50x_timer.o
    0x080031c6   0x080031c6   0x00000002   PAD
    0x080031c8   0x080031c8   0x0000000c   Code   RO         1948    .text.timer_channel_output_pulse_value_config  gd32e50x_timer.o
    0x080031d4   0x080031d4   0x0000003a   Code   RO         1950    .text.timer_channel_output_shadow_config  gd32e50x_timer.o
    0x0800320e   0x0800320e   0x00000002   PAD
    0x08003210   0x08003210   0x00000004   Code   RO         1906    .text.timer_counter_read  gd32e50x_timer.o
    0x08003214   0x08003214   0x00000148   Code   RO         1874    .text.timer_deinit  gd32e50x_timer.o
    0x0800335c   0x0800335c   0x0000000a   Code   RO         1880    .text.timer_enable  gd32e50x_timer.o
    0x08003366   0x08003366   0x00000002   PAD
    0x08003368   0x08003368   0x000000c2   Code   RO         1878    .text.timer_init    gd32e50x_timer.o
    0x0800342a   0x0800342a   0x00000002   PAD
    0x0800342c   0x0800342c   0x0000015a   Code   RO         1966    .text.timer_input_capture_config  gd32e50x_timer.o
    0x08003586   0x08003586   0x00000002   PAD
    0x08003588   0x08003588   0x00000010   Code   RO         1976    .text.timer_input_trigger_source_select  gd32e50x_timer.o
    0x08003598   0x08003598   0x00000008   Code   RO         2008    .text.timer_interrupt_enable  gd32e50x_timer.o
    0x080035a0   0x080035a0   0x00000006   Code   RO         2014    .text.timer_interrupt_flag_clear  gd32e50x_timer.o
    0x080035a6   0x080035a6   0x00000002   PAD
    0x080035a8   0x080035a8   0x00000016   Code   RO         2012    .text.timer_interrupt_flag_get  gd32e50x_timer.o
    0x080035be   0x080035be   0x00000002   PAD
    0x080035c0   0x080035c0   0x0000004e   Code   RO         1986    .text.timer_quadrature_decoder_mode_config  gd32e50x_timer.o
    0x0800360e   0x0800360e   0x00000002   PAD
    0x08003610   0x08003610   0x00000010   Code   RO         1980    .text.timer_slave_mode_select  gd32e50x_timer.o
    0x08003620   0x08003620   0x00000012   Code   RO         1876    .text.timer_struct_para_init  gd32e50x_timer.o
    0x08003632   0x08003632   0x00000002   PAD
    0x08003634   0x08003634   0x000000ce   Code   RO         2027    .text.usart_baudrate_set  gd32e50x_usart.o
    0x08003702   0x08003702   0x00000002   PAD
    0x08003704   0x08003704   0x0000001a   Code   RO         2055    .text.usart_data_receive  gd32e50x_usart.o
    0x0800371e   0x0800371e   0x00000002   PAD
    0x08003720   0x08003720   0x0000008c   Code   RO         2025    .text.usart_deinit  gd32e50x_usart.o
    0x080037ac   0x080037ac   0x00000028   Code   RO         2101    .text.usart_dma_receive_config  gd32e50x_usart.o
    0x080037d4   0x080037d4   0x00000028   Code   RO         2103    .text.usart_dma_transmit_config  gd32e50x_usart.o
    0x080037fc   0x080037fc   0x00000020   Code   RO         2035    .text.usart_enable  gd32e50x_usart.o
    0x0800381c   0x0800381c   0x00000016   Code   RO         2129    .text.usart_interrupt_enable  gd32e50x_usart.o
    0x08003832   0x08003832   0x00000002   PAD
    0x08003834   0x08003834   0x00000020   Code   RO         2133    .text.usart_interrupt_flag_get  gd32e50x_usart.o
    0x08003854   0x08003854   0x00000024   Code   RO         2041    .text.usart_receive_config  gd32e50x_usart.o
    0x08003878   0x08003878   0x00000024   Code   RO         2039    .text.usart_transmit_config  gd32e50x_usart.o
    0x0800389c   0x0800389c   0x00000052   Code   RO           81    .text.usbSend       usbd_egurm.o
    0x080038ee   0x080038ee   0x00000002   PAD
    0x080038f0   0x080038f0   0x00000014   Code   RO          306    .text.usb_gpio_config  gd32e50x_usbd_hw.o
    0x08003904   0x08003904   0x00000012   Code   RO         2333    .text.usbd_address_set  usbd_lld_core.o
    0x08003916   0x08003916   0x00000002   PAD
    0x08003918   0x08003918   0x00000016   Code   RO         2264    .text.usbd_class_request  usbd_enum.o
    0x0800392e   0x0800392e   0x00000002   PAD
    0x08003930   0x08003930   0x0000001e   Code   RO         2327    .text.usbd_core_reset  usbd_lld_core.o
    0x0800394e   0x0800394e   0x00000002   PAD
    0x08003950   0x08003950   0x00000016   Code   RO         2329    .text.usbd_core_stop  usbd_lld_core.o
    0x08003966   0x08003966   0x00000002   PAD
    0x08003968   0x08003968   0x00000018   Code   RO         2331    .text.usbd_dp_pullup  usbd_lld_core.o
    0x08003980   0x08003980   0x00000084   Code   RO         2351    .text.usbd_ep_data_read  usbd_lld_core.o
    0x08003a04   0x08003a04   0x0000005e   Code   RO         2349    .text.usbd_ep_data_write  usbd_lld_core.o
    0x08003a62   0x08003a62   0x00000002   PAD
    0x08003a64   0x08003a64   0x0000004c   Code   RO         2345    .text.usbd_ep_disable  usbd_lld_core.o
    0x08003ab0   0x08003ab0   0x0000002a   Code   RO         2249    .text.usbd_ep_recev  usbd_core.o
    0x08003ada   0x08003ada   0x00000002   PAD
    0x08003adc   0x08003adc   0x00000068   Code   RO         2341    .text.usbd_ep_reset  usbd_lld_core.o
    0x08003b44   0x08003b44   0x00000020   Code   RO         2347    .text.usbd_ep_rx_enable  usbd_lld_core.o
    0x08003b64   0x08003b64   0x0000003c   Code   RO         2251    .text.usbd_ep_send  usbd_core.o
    0x08003ba0   0x08003ba0   0x00000194   Code   RO         2343    .text.usbd_ep_setup  usbd_lld_core.o
    0x08003d34   0x08003d34   0x0000009e   Code   RO         2355    .text.usbd_ep_stall_clear  usbd_lld_core.o
    0x08003dd2   0x08003dd2   0x00000002   PAD
    0x08003dd4   0x08003dd4   0x00000072   Code   RO         2353    .text.usbd_ep_stall_set  usbd_lld_core.o
    0x08003e46   0x08003e46   0x00000002   PAD
    0x08003e48   0x08003e48   0x00000022   Code   RO         2357    .text.usbd_ep_status  usbd_lld_core.o
    0x08003e6a   0x08003e6a   0x00000002   PAD
    0x08003e6c   0x08003e6c   0x00000074   Code   RO         2247    .text.usbd_init     usbd_core.o
    0x08003ee0   0x08003ee0   0x000001ee   Code   RO         2374    .text.usbd_isr      usbd_lld_int.o
    0x080040ce   0x080040ce   0x00000002   PAD
    0x080040d0   0x080040d0   0x0000001a   Code   RO         2337    .text.usbd_leave_suspend  usbd_lld_core.o
    0x080040ea   0x080040ea   0x00000002   PAD
    0x080040ec   0x080040ec   0x00000024   Code   RO         2339    .text.usbd_resume   usbd_lld_core.o
    0x08004110   0x08004110   0x00000040   Code   RO         2262    .text.usbd_standard_request  usbd_enum.o
    0x08004150   0x08004150   0x00000012   Code   RO         2335    .text.usbd_suspend  usbd_lld_core.o
    0x08004162   0x08004162   0x00000002   PAD
    0x08004164   0x08004164   0x00000004   Code   RO         2266    .text.usbd_vendor_request  usbd_enum.o
    0x08004168   0x08004168   0x0000001a   Code   RO         2517    x$fpl$fpinit        fz_wm.l(fpinit.o)
    0x08004182   0x08004182   0x00000008   Data   RO         1453    .rodata.cst8        gd32e50x_rcu.o
    0x0800418a   0x0800418a   0x0000006a   Data   RO         2232    .rodata.customhid_report_descriptor  custom_hid_core.o
    0x080041f4   0x080041f4   0x00000108   Data   RO          117    .rodata.sense_table  adc_egurm.o
    0x080042fc   0x080042fc   0x00000020   Data   RO         2592    Region$$Table       anon$$obj.o


    Execution Region RW_IRAM1 (Exec base: 0x20000000, Load base: 0x08004320, Size: 0x00000cc0, Max: 0x00020000, ABSOLUTE, COMPRESSED[0x00000130])

    Exec Addr    Load Addr    Size         Type   Attr      Idx    E Section Name        Object

    0x20000000   COMPRESSED   0x00000002   Data   RW          195    .data.Period1MsForAkip.peiod_ms  usart_akip_1148a.o
    0x20000002   COMPRESSED   0x0000002a   Data   RW           87    .data.Send_Buffer   usbd_egurm.o
    0x2000002c   COMPRESSED   0x00000004   Data   RW          401    .data.SystemCoreClock  system_gd32e50x.o
    0x20000030   COMPRESSED   0x00000004   Data   RW         2361    .data.btable_ep     usbd_lld_core.o
    0x20000034   COMPRESSED   0x00000020   Data   RW         2231    .data.custom_hid_class  custom_hid_core.o
    0x20000054   COMPRESSED   0x00000029   Data   RW         2228    .data.custom_hid_config_desc  custom_hid_core.o
    0x2000007d   COMPRESSED   0x00000003   PAD
    0x20000080   COMPRESSED   0x00000010   Data   RW         2230    .data.custom_hid_desc  custom_hid_core.o
    0x20000090   COMPRESSED   0x00000012   Data   RW         2227    .data.custom_hid_dev_desc  custom_hid_core.o
    0x200000a2   COMPRESSED   0x00000002   Data   RW          118    .data.default_adc_moment_in  adc_egurm.o
    0x200000a4   COMPRESSED   0x00000002   Data   RW          119    .data.default_adc_moment_out  adc_egurm.o
    0x200000a6   COMPRESSED   0x00000002   PAD
    0x200000a8   COMPRESSED   0x00000010   Data   RW          296    .data.fop_handler   custom_hid_itf.o
    0x200000b8   COMPRESSED   0x00000001   Data   RW           88    .data.length        usbd_egurm.o
    0x200000b9   COMPRESSED   0x00000082   Data   RW         2236    .data.manufacturer_string  custom_hid_core.o
    0x2000013b   COMPRESSED   0x00000082   Data   RW         2237    .data.product_string  custom_hid_core.o
    0x200001bd   COMPRESSED   0x00000001   PAD
    0x200001be   COMPRESSED   0x00000002   Data   RW           67    .data.pwm_mufta     main.o
    0x200001c0   COMPRESSED   0x00000082   Data   RW         2235    .data.serial_string  custom_hid_core.o
    0x20000242   COMPRESSED   0x00000002   PAD
    0x20000244   COMPRESSED   0x00000040   Data   RW         2362    .data.usbd_drv_handler  usbd_lld_core.o
    0x20000284   COMPRESSED   0x00000010   Data   RW         2229    .data.usbd_hid_strings  custom_hid_core.o
    0x20000294   COMPRESSED   0x00000004   Data   RW         2234    .data.usbd_language_id_desc  custom_hid_core.o
    0x20000298        -       0x00000060   Zero   RW         2457    .bss                c_w.l(libspace.o)
    0x200002f8        -       0x00000008   Zero   RW          122    .bss.AverageValueAdcMoment.aver_adc_buff  adc_egurm.o
    0x20000300        -       0x00000001   Zero   RW          123    .bss.AverageValueAdcMoment.count  adc_egurm.o
    0x20000301   COMPRESSED   0x00000003   PAD
    0x20000304        -       0x00000014   Zero   RW          124    .bss.AverageValueAdcVoltAmper.aver_adc_buff  adc_egurm.o
    0x20000318        -       0x00000001   Zero   RW          125    .bss.AverageValueAdcVoltAmper.count  adc_egurm.o
    0x20000319        -       0x0000000f   Zero   RW         2233    .bss.Receive_Buffer  custom_hid_core.o
    0x20000328        -       0x00000002   Zero   RW         2294    .bss._usb_std_getstatus.status  usbd_enum.o
    0x2000032a        -       0x00000001   Zero   RW         2295    .bss._usb_std_setconfiguration.config  usbd_enum.o
    0x2000032b   COMPRESSED   0x00000001   PAD
    0x2000032c        -       0x0000000a   Zero   RW          120    .bss.adc_buffer     adc_egurm.o
    0x20000336        -       0x00000001   Zero   RW          188    .bss.akip_code_error  usart_akip_1148a.o
    0x20000337        -       0x0000001e   Zero   RW          197    .bss.akip_rx_buffer  usart_akip_1148a.o
    0x20000355   COMPRESSED   0x00000003   PAD
    0x20000358        -       0x0000001e   Zero   RW          194    .bss.akip_tx_buffer  usart_akip_1148a.o
    0x20000376        -       0x00000002   Zero   RW          212    .bss.angle_0_in_encoder  encoder_egurm.o
    0x20000378        -       0x00000002   Zero   RW           65    .bss.angle_encoder_in  main.o
    0x2000037a        -       0x00000001   Zero   RW          144    .bss.can1_receive_flag  can_egurm.o
    0x2000037b   COMPRESSED   0x00000001   PAD
    0x2000037c        -       0x00000014   Zero   RW           53    .bss.clock_freq     main.o
    0x20000390        -       0x00000001   Zero   RW          213    .bss.count_zero     encoder_egurm.o
    0x20000391   COMPRESSED   0x00000001   PAD
    0x20000392        -       0x00000002   Zero   RW           58    .bss.current        main.o
    0x20000394        -       0x00000005   Zero   RW         2238    .bss.custom_hid_init.hid_handler  custom_hid_core.o
    0x20000399   COMPRESSED   0x00000003   PAD
    0x2000039c        -       0x00000004   Zero   RW          388    .bss.delay          systick.o
    0x200003a0        -       0x00000001   Zero   RW           63    .bss.flag_set_curr  main.o
    0x200003a1        -       0x00000001   Zero   RW           62    .bss.flag_set_volt  main.o
    0x200003a2   COMPRESSED   0x00000002   PAD
    0x200003a4        -       0x00000014   Zero   RW          143    .bss.g_receive_message  can_egurm.o
    0x200003b8        -       0x00000014   Zero   RW          142    .bss.g_transmit_message  can_egurm.o
    0x200003cc        -       0x00000002   Zero   RW           55    .bss.n_m_in         main.o
    0x200003ce        -       0x00000002   Zero   RW           56    .bss.n_m_out        main.o
    0x200003d0        -       0x00000001   Zero   RW          192    .bss.number_command  usart_akip_1148a.o
    0x200003d1        -       0x00000001   Zero   RW           68    .bss.revers_volt    main.o
    0x200003d2        -       0x00000002   Zero   RW          190    .bss.set_current    usart_akip_1148a.o
    0x200003d4        -       0x00000001   Zero   RW          191    .bss.set_delta_volt  usart_akip_1148a.o
    0x200003d5        -       0x00000001   Zero   RW          193    .bss.set_mode_akip  usart_akip_1148a.o
    0x200003d6        -       0x00000002   Zero   RW          189    .bss.set_voltage    usart_akip_1148a.o
    0x200003d8        -       0x00000002   Zero   RW           61    .bss.setting_current  main.o
    0x200003da        -       0x00000002   Zero   RW           60    .bss.setting_voltage  main.o
    0x200003dc        -       0x00000001   Zero   RW           54    .bss.speed_can      main.o
    0x200003dd   COMPRESSED   0x00000001   PAD
    0x200003de        -       0x00000002   Zero   RW           59    .bss.temper         main.o
    0x200003e0        -       0x00000002   Zero   RW           90    .bss.usbSend.temp   usbd_egurm.o
    0x200003e2        -       0x00000001   Zero   RW           69    .bss.usbd_can_mode  main.o
    0x200003e3   COMPRESSED   0x00000001   PAD
    0x200003e4        -       0x00000008   Zero   RW         2363    .bss.usbd_core      usbd_lld_core.o
    0x200003ec        -       0x000000c0   Zero   RW           89    .bss.usbd_custom_hid  usbd_egurm.o
    0x200004ac        -       0x00000004   Zero   RW         2253    .bss.usbd_int_fops  usbd_core.o
    0x200004b0        -       0x0000000a   Zero   RW          121    .bss.valAdcParam    adc_egurm.o
    0x200004ba        -       0x00000002   Zero   RW           57    .bss.voltage        main.o
    0x200004bc   COMPRESSED   0x00000004   PAD
    0x200004c0        -       0x00000400   Zero   RW          373    HEAP                startup_gd32e50x_hd.o
    0x200008c0        -       0x00000400   Zero   RW          372    STACK               startup_gd32e50x_hd.o


==============================================================================

Image component sizes


      Code (inc. data)   RO Data    RW Data    ZI Data      Debug   Object Name

       680          0        264          4         50       3640   adc_egurm.o
       384          0          0          0          0       3010   adc_init_egurm.o
        70          0          0          0         41       1733   can_egurm.o
       368          0          0          0          0       6299   can_init_egurm.o
       426         12        106        517         20       9287   custom_hid_core.o
         4          0          0         16          0        743   custom_hid_itf.o
       140          0          0          0          3       1116   encoder_egurm.o
       442          0          0          0          0       5631   encoder_init_egurm.o
       502          0          0          0          0      11417   gd32e50x_adc.o
       942          6          0          0          0      15676   gd32e50x_can.o
       628          0          0          0          0       7909   gd32e50x_dma.o
       312          0          0          0          0       6582   gd32e50x_gpio.o
       306          0          0          0          0       3038   gd32e50x_it.o
       218          0          0          0          0       6305   gd32e50x_misc.o
       522         22          8          0          0      14826   gd32e50x_rcu.o
      1702         20          0          0          0      20819   gd32e50x_timer.o
       610          0          0          0          0      21671   gd32e50x_usart.o
       188          0          0          0          0       4169   gd32e50x_usbd_hw.o
        78          0          0          0          0       1836   ingition.o
       492          0          0          2         41       3137   main.o
        26          0          0          0          0        749   mufta_egurm.o
       166          0          0          0          0       2171   mufta_egurm_init.o
        64         26        416          0       2048        920   startup_gd32e50x_hd.o
       456          0          0          4          0       3197   system_gd32e50x.o
       116          0          0          0          4       4847   systick.o
        12          0          0          0          0        909   timers_10_and_100_us.o
       178          0          0          0          0       4315   timers_10_and_100_us_init.o
      1074         80          0          2         68       4546   usart_akip_1148a.o
       354          0          0          0          0       5091   usart_akip_1148a_init.o
       218          0          0          0          4       5121   usbd_core.o
       234          0          0         43        194       4119   usbd_egurm.o
      1166         68          0          0          3      10989   usbd_enum.o
      1322         16          0         68          8       8849   usbd_lld_core.o
       494          0          0          0          0       5614   usbd_lld_int.o
       358          0          0          0          0       5686   usbd_transc.o
        46          0          0          0          0       1863   voltage_revers.o

    ----------------------------------------------------------------------
     15504        250        826        664       2504     217830   Object Totals
         0          0         32          0          0          0   (incl. Generated)
       206          0          0          8         20          0   (incl. Padding)

    ----------------------------------------------------------------------

      Code (inc. data)   RO Data    RW Data    ZI Data      Debug   Library Member Name

        58          0          0          0          0          0   __dczerorl.o
         8          0          0          0          0         68   __main.o
       104          0          0          0          0         84   __printf.o
         0          0          0          0          0          0   __rtentry.o
        12          0          0          0          0          0   __rtentry2.o
         6          0          0          0          0          0   __rtentry4.o
        52          8          0          0          0          0   __scatter.o
        28          0          0          0          0          0   __scatter_zi.o
        48          6          0          0          0         96   _printf_char_common.o
         6          0          0          0          0          0   _printf_d.o
       120         16          0          0          0         92   _printf_dec.o
       178          0          0          0          0         88   _printf_intcommon.o
         0          0          0          0          0          0   _printf_percent.o
         4          0          0          0          0          0   _printf_percent_end.o
        10          0          0          0          0         68   _sputc.o
        18          0          0          0          0         80   exit.o
         6          0          0          0          0        152   heapauxi.o
         0          0          0          0          0          0   indicate_semi.o
         2          0          0          0          0          0   libinit.o
         6          0          0          0          0          0   libinit2.o
         2          0          0          0          0          0   libshutdown.o
         2          0          0          0          0          0   libshutdown2.o
         8          4          0          0         96         68   libspace.o
        40          6          0          0          0         84   noretval__2sprintf.o
         2          0          0          0          0          0   rtexit.o
        10          0          0          0          0          0   rtexit2.o
        12          4          0          0          0         68   sys_exit.o
        74          0          0          0          0         80   sys_stackheap_outer.o
         2          0          0          0          0         68   use_no_semi.o
        26          0          0          0          0        116   fpinit.o

    ----------------------------------------------------------------------
       850         44          0          0         96       1212   Library Totals
         6          0          0          0          0          0   (incl. Padding)

    ----------------------------------------------------------------------

      Code (inc. data)   RO Data    RW Data    ZI Data      Debug   Library Name

       818         44          0          0         96       1096   c_w.l
        26          0          0          0          0        116   fz_wm.l

    ----------------------------------------------------------------------
       850         44          0          0         96       1212   Library Totals

    ----------------------------------------------------------------------

==============================================================================


      Code (inc. data)   RO Data    RW Data    ZI Data      Debug   

     16354        294        826        664       2600     217894   Grand Totals
     16354        294        826        304       2600     217894   ELF Image Totals (compressed)
     16354        294        826        304          0          0   ROM Totals

==============================================================================

    Total RO  Size (Code + RO Data)                17180 (  16.78kB)
    Total RW  Size (RW Data + ZI Data)              3264 (   3.19kB)
    Total ROM Size (Code + RO Data + RW Data)      17484 (  17.07kB)

==============================================================================

