Component: Arm Compiler for Embedded 6.19 Tool: armlink [5e73cb00]

==============================================================================

Section Cross References

    gd32e50x_it.o(.ARM.exidx.text.NMI_Handler) refers to gd32e50x_it.o(.text.NMI_Handler) for [Anonymous Symbol]
    gd32e50x_it.o(.ARM.exidx.text.HardFault_Handler) refers to gd32e50x_it.o(.text.HardFault_Handler) for [Anonymous Symbol]
    gd32e50x_it.o(.ARM.exidx.text.MemManage_Handler) refers to gd32e50x_it.o(.text.MemManage_Handler) for [Anonymous Symbol]
    gd32e50x_it.o(.ARM.exidx.text.BusFault_Handler) refers to gd32e50x_it.o(.text.BusFault_Handler) for [Anonymous Symbol]
    gd32e50x_it.o(.ARM.exidx.text.UsageFault_Handler) refers to gd32e50x_it.o(.text.UsageFault_Handler) for [Anonymous Symbol]
    gd32e50x_it.o(.ARM.exidx.text.SVC_Handler) refers to gd32e50x_it.o(.text.SVC_Handler) for [Anonymous Symbol]
    gd32e50x_it.o(.ARM.exidx.text.DebugMon_Handler) refers to gd32e50x_it.o(.text.DebugMon_Handler) for [Anonymous Symbol]
    gd32e50x_it.o(.ARM.exidx.text.PendSV_Handler) refers to gd32e50x_it.o(.text.PendSV_Handler) for [Anonymous Symbol]
    gd32e50x_it.o(.text.SysTick_Handler) refers to systick.o(.text.delay_decrement) for delay_decrement
    gd32e50x_it.o(.text.SysTick_Handler) refers to timers_10_and_100_us.o(.text.Period1ms) for Period1ms
    gd32e50x_it.o(.ARM.exidx.text.SysTick_Handler) refers to gd32e50x_it.o(.text.SysTick_Handler) for [Anonymous Symbol]
    gd32e50x_it.o(.text.USBD_LP_CAN0_RX0_IRQHandler) refers to usbd_lld_int.o(.text.usbd_isr) for usbd_isr
    gd32e50x_it.o(.ARM.exidx.text.USBD_LP_CAN0_RX0_IRQHandler) refers to gd32e50x_it.o(.text.USBD_LP_CAN0_RX0_IRQHandler) for [Anonymous Symbol]
    gd32e50x_it.o(.text.USBD_LP_CAN0_TX0_IRQHandler) refers to usbd_lld_int.o(.text.usbd_isr) for usbd_isr
    gd32e50x_it.o(.ARM.exidx.text.USBD_LP_CAN0_TX0_IRQHandler) refers to gd32e50x_it.o(.text.USBD_LP_CAN0_TX0_IRQHandler) for [Anonymous Symbol]
    gd32e50x_it.o(.text.CAN1_RX0_IRQHandler) refers to can_egurm.o(.bss.g_receive_message) for g_receive_message
    gd32e50x_it.o(.text.CAN1_RX0_IRQHandler) refers to gd32e50x_can.o(.text.can_message_receive) for can_message_receive
    gd32e50x_it.o(.text.CAN1_RX0_IRQHandler) refers to can_egurm.o(.bss.can1_receive_flag) for can1_receive_flag
    gd32e50x_it.o(.ARM.exidx.text.CAN1_RX0_IRQHandler) refers to gd32e50x_it.o(.text.CAN1_RX0_IRQHandler) for [Anonymous Symbol]
    gd32e50x_it.o(.text.CAN1_RX1_IRQHandler) refers to can_egurm.o(.bss.g_receive_message) for g_receive_message
    gd32e50x_it.o(.text.CAN1_RX1_IRQHandler) refers to gd32e50x_can.o(.text.can_message_receive) for can_message_receive
    gd32e50x_it.o(.text.CAN1_RX1_IRQHandler) refers to can_egurm.o(.bss.can1_receive_flag) for can1_receive_flag
    gd32e50x_it.o(.ARM.exidx.text.CAN1_RX1_IRQHandler) refers to gd32e50x_it.o(.text.CAN1_RX1_IRQHandler) for [Anonymous Symbol]
    gd32e50x_it.o(.text.TIMER5_DAC_IRQHandler) refers to gd32e50x_timer.o(.text.timer_interrupt_flag_get) for timer_interrupt_flag_get
    gd32e50x_it.o(.text.TIMER5_DAC_IRQHandler) refers to gd32e50x_timer.o(.text.timer_interrupt_flag_clear) for timer_interrupt_flag_clear
    gd32e50x_it.o(.text.TIMER5_DAC_IRQHandler) refers to timers_10_and_100_us.o(.text.Period10us) for Period10us
    gd32e50x_it.o(.ARM.exidx.text.TIMER5_DAC_IRQHandler) refers to gd32e50x_it.o(.text.TIMER5_DAC_IRQHandler) for [Anonymous Symbol]
    gd32e50x_it.o(.text.TIMER6_IRQHandler) refers to gd32e50x_timer.o(.text.timer_interrupt_flag_get) for timer_interrupt_flag_get
    gd32e50x_it.o(.text.TIMER6_IRQHandler) refers to gd32e50x_timer.o(.text.timer_interrupt_flag_clear) for timer_interrupt_flag_clear
    gd32e50x_it.o(.text.TIMER6_IRQHandler) refers to timers_10_and_100_us.o(.text.Period100us) for Period100us
    gd32e50x_it.o(.ARM.exidx.text.TIMER6_IRQHandler) refers to gd32e50x_it.o(.text.TIMER6_IRQHandler) for [Anonymous Symbol]
    gd32e50x_it.o(.text.DMA0_Channel1_IRQHandler) refers to gd32e50x_dma.o(.text.dma_interrupt_flag_get) for dma_interrupt_flag_get
    gd32e50x_it.o(.text.DMA0_Channel1_IRQHandler) refers to gd32e50x_dma.o(.text.dma_interrupt_flag_clear) for dma_interrupt_flag_clear
    gd32e50x_it.o(.ARM.exidx.text.DMA0_Channel1_IRQHandler) refers to gd32e50x_it.o(.text.DMA0_Channel1_IRQHandler) for [Anonymous Symbol]
    gd32e50x_it.o(.text.DMA0_Channel2_IRQHandler) refers to gd32e50x_dma.o(.text.dma_interrupt_flag_get) for dma_interrupt_flag_get
    gd32e50x_it.o(.text.DMA0_Channel2_IRQHandler) refers to gd32e50x_dma.o(.text.dma_flag_clear) for dma_flag_clear
    gd32e50x_it.o(.text.DMA0_Channel2_IRQHandler) refers to gd32e50x_dma.o(.text.dma_channel_disable) for dma_channel_disable
    gd32e50x_it.o(.text.DMA0_Channel2_IRQHandler) refers to gd32e50x_dma.o(.text.dma_transfer_number_config) for dma_transfer_number_config
    gd32e50x_it.o(.text.DMA0_Channel2_IRQHandler) refers to gd32e50x_dma.o(.text.dma_channel_enable) for dma_channel_enable
[...]
    gd32e50x_misc.c                          0x00000000   Number         0  gd32e50x_misc.o ABSOLUTE
    gd32e50x_pmu.c                           0x00000000   Number         0  gd32e50x_pmu.o ABSOLUTE
    gd32e50x_rcu.c                           0x00000000   Number         0  gd32e50x_rcu.o ABSOLUTE
    gd32e50x_rtc.c                           0x00000000   Number         0  gd32e50x_rtc.o ABSOLUTE
    gd32e50x_sdio.c                          0x00000000   Number         0  gd32e50x_sdio.o ABSOLUTE
    gd32e50x_shrtimer.c                      0x00000000   Number         0  gd32e50x_shrtimer.o ABSOLUTE
    gd32e50x_spi.c                           0x00000000   Number         0  gd32e50x_spi.o ABSOLUTE
    gd32e50x_sqpi.c                          0x00000000   Number         0  gd32e50x_sqpi.o ABSOLUTE
    gd32e50x_timer.c                         0x00000000   Number         0  gd32e50x_timer.o ABSOLUTE
    gd32e50x_tmu.c                           0x00000000   Number         0  gd32e50x_tmu.o ABSOLUTE
    gd32e50x_usart.c                         0x00000000   Number         0  gd32e50x_usart.o ABSOLUTE
    gd32e50x_usbd_hw.c                       0x00000000   Number         0  gd32e50x_usbd_hw.o ABSOLUTE
    gd32e50x_wwdgt.c                         0x00000000   Number         0  gd32e50x_wwdgt.o ABSOLUTE
    main.c                                   0x00000000   Number         0  main.o ABSOLUTE
    system_gd32e50x.c                        0x00000000   Number         0  system_gd32e50x.o ABSOLUTE
    systick.c                                0x00000000   Number         0  systick.o ABSOLUTE
    timers_10_and_100_us.c                   0x00000000   Number         0  timers_10_and_100_us.o ABSOLUTE
    timers_10_and_100_us_init.c              0x00000000   Number         0  timers_10_and_100_us_init.o ABSOLUTE
    usart_akip_1148a.c                       0x00000000   Number         0  usart_akip_1148a.o ABSOLUTE
    usart_akip_1148a_init.c                  0x00000000   Number         0  usart_akip_1148a_init.o ABSOLUTE
    usbd_core.c                              0x00000000   Number         0  usbd_core.o ABSOLUTE
    usbd_egurm.c                             0x00000000   Number         0  usbd_egurm.o ABSOLUTE
    usbd_enum.c                              0x00000000   Number         0  usbd_enum.o ABSOLUTE
    usbd_lld_core.c                          0x00000000   Number         0  usbd_lld_core.o ABSOLUTE
    usbd_lld_int.c                           0x00000000   Number         0  usbd_lld_int.o ABSOLUTE
    usbd_pwr.c                               0x00000000   Number         0  usbd_pwr.o ABSOLUTE
    usbd_transc.c                            0x00000000   Number         0  usbd_transc.o ABSOLUTE
    RESET                                    0x08000000   Section      416  startup_gd32e50x_hd.o(RESET)
    !!!main                                  0x080001a0   Section        8  __main.o(!!!main)
    !!!scatter                               0x080001a8   Section       52  __scatter.o(!!!scatter)
    !!handler_copy                           0x080001dc   Section       26  __scatter_copy.o(!!handler_copy)
    !!handler_zi                             0x080001f8   Section       28  __scatter_zi.o(!!handler_zi)
    .ARM.Collect$$_printf_percent$$00000000  0x08000214   Section        0  _printf_percent.o(.ARM.Collect$$_printf_percent$$00000000)
    .ARM.Collect$$_printf_percent$$00000009  0x08000214   Section        6  _printf_d.o(.ARM.Collect$$_printf_percent$$00000009)
    .ARM.Collect$$_printf_percent$$00000017  0x0800021a   Section        4  _printf_percent_end.o(.ARM.Collect$$_printf_percent$$00000017)
    .ARM.Collect$$libinit$$00000000          0x0800021e   Section        2  libinit.o(.ARM.Collect$$libinit$$00000000)
    .ARM.Collect$$libinit$$00000001          0x08000220   Section        4  libinit2.o(.ARM.Collect$$libinit$$00000001)
    .ARM.Collect$$libinit$$00000004          0x08000224   Section        0  libinit2.o(.ARM.Collect$$libinit$$00000004)
    .ARM.Collect$$libinit$$00000006          0x08000224   Section        0  libinit2.o(.ARM.Collect$$libinit$$00000006)
    .ARM.Collect$$libinit$$0000000C          0x08000224   Section        0  libinit2.o(.ARM.Collect$$libinit$$0000000C)
    .ARM.Collect$$libinit$$0000000E          0x08000224   Section        0  libinit2.o(.ARM.Collect$$libinit$$0000000E)
    .ARM.Collect$$libinit$$00000010          0x08000224   Section        0  libinit2.o(.ARM.Collect$$libinit$$00000010)
    .ARM.Collect$$libinit$$00000013          0x08000224   Section        0  libinit2.o(.ARM.Collect$$libinit$$00000013)
    .ARM.Collect$$libinit$$00000015          0x08000224   Section        0  libinit2.o(.ARM.Collect$$libinit$$00000015)
    .ARM.Collect$$libinit$$00000017          0x08000224   Section        0  libinit2.o(.ARM.Collect$$libinit$$00000017)
    .ARM.Collect$$libinit$$00000019          0x08000224   Section        0  libinit2.o(.ARM.Collect$$libinit$$00000019)
    .ARM.Collect$$libinit$$0000001B          0x08000224   Section        0  libinit2.o(.ARM.Collect$$libinit$$0000001B)
    .ARM.Collect$$libinit$$0000001D          0x08000224   Section        0  libinit2.o(.ARM.Collect$$libinit$$0000001D)
    .ARM.Collect$$libinit$$0000001F          0x08000224   Section        0  libinit2.o(.ARM.Collect$$libinit$$0000001F)
    .ARM.Collect$$libinit$$00000021          0x08000224   Section        0  libinit2.o(.ARM.Collect$$libinit$$00000021)
    .ARM.Collect$$libinit$$00000023          0x08000224   Section        0  libinit2.o(.ARM.Collect$$libinit$$00000023)
    .ARM.Collect$$libinit$$00000025          0x08000224   Section        0  libinit2.o(.ARM.Collect$$libinit$$00000025)
    .ARM.Collect$$libinit$$00000027          0x08000224   Section        0  libinit2.o(.ARM.Collect$$libinit$$00000027)
    .ARM.Collect$$libinit$$0000002E          0x08000224   Section        0  libinit2.o(.ARM.Collect$$libinit$$0000002E)
    .ARM.Collect$$libinit$$00000030          0x08000224   Section        0  libinit2.o(.ARM.Collect$$libinit$$00000030)
    .ARM.Collect$$libinit$$00000032          0x08000224   Section        0  libinit2.o(.ARM.Collect$$libinit$$00000032)
    .ARM.Collect$$libinit$$00000034          0x08000224   Section        0  libinit2.o(.ARM.Collect$$libinit$$00000034)
    .ARM.Collect$$libinit$$00000035          0x08000224   Section        2  libinit2.o(.ARM.Collect$$libinit$$00000035)
    .ARM.Collect$$libshutdown$$00000000      0x08000226   Section        2  libshutdown.o(.ARM.Collect$$libshutdown$$00000000)
    .ARM.Collect$$libshutdown$$00000002      0x08000228   Section        0  libshutdown2.o(.ARM.Collect$$libshutdown$$00000002)
    .ARM.Collect$$libshutdown$$00000004      0x08000228   Section        0  libshutdown2.o(.ARM.Collect$$libshutdown$$00000004)
    .ARM.Collect$$libshutdown$$00000007      0x08000228   Section        0  libshutdown2.o(.ARM.Collect$$libshutdown$$00000007)
    .ARM.Collect$$libshutdown$$0000000A      0x08000228   Section        0  libshutdown2.o(.ARM.Collect$$libshutdown$$0000000A)
    .ARM.Collect$$libshutdown$$0000000C      0x08000228   Section        0  libshutdown2.o(.ARM.Collect$$libshutdown$$0000000C)
    .ARM.Collect$$libshutdown$$0000000F      0x08000228   Section        0  libshutdown2.o(.ARM.Collect$$libshutdown$$0000000F)
    .ARM.Collect$$libshutdown$$00000010      0x08000228   Section        2  libshutdown2.o(.ARM.Collect$$libshutdown$$00000010)
    .ARM.Collect$$rtentry$$00000000          0x0800022a   Section        0  __rtentry.o(.ARM.Collect$$rtentry$$00000000)
    .ARM.Collect$$rtentry$$00000002          0x0800022a   Section        0  __rtentry2.o(.ARM.Collect$$rtentry$$00000002)
    .ARM.Collect$$rtentry$$00000004          0x0800022a   Section        6  __rtentry4.o(.ARM.Collect$$rtentry$$00000004)
    .ARM.Collect$$rtentry$$00000009          0x08000230   Section        0  __rtentry2.o(.ARM.Collect$$rtentry$$00000009)
    .ARM.Collect$$rtentry$$0000000A          0x08000230   Section        4  __rtentry2.o(.ARM.Collect$$rtentry$$0000000A)
    .ARM.Collect$$rtentry$$0000000C          0x08000234   Section        0  __rtentry2.o(.ARM.Collect$$rtentry$$0000000C)
    .ARM.Collect$$rtentry$$0000000D          0x08000234   Section        8  __rtentry2.o(.ARM.Collect$$rtentry$$0000000D)
    .ARM.Collect$$rtexit$$00000000           0x0800023c   Section        2  rtexit.o(.ARM.Collect$$rtexit$$00000000)
    .ARM.Collect$$rtexit$$00000002           0x0800023e   Section        0  rtexit2.o(.ARM.Collect$$rtexit$$00000002)
    .ARM.Collect$$rtexit$$00000003           0x0800023e   Section        4  rtexit2.o(.ARM.Collect$$rtexit$$00000003)
    .ARM.Collect$$rtexit$$00000004           0x08000242   Section        6  rtexit2.o(.ARM.Collect$$rtexit$$00000004)
    $v0                                      0x08000248   Number         0  startup_gd32e50x_hd.o(.text)
    .text                                    0x08000248   Section       64  startup_gd32e50x_hd.o(.text)
    .text                                    0x08000288   Section        0  noretval__2sprintf.o(.text)
    .text                                    0x080002b0   Section        0  __printf.o(.text)
    .text                                    0x08000318   Section        0  _printf_dec.o(.text)
    .text                                    0x08000390   Section        0  heapauxi.o(.text)
    .text                                    0x08000396   Section        0  _printf_intcommon.o(.text)
    _printf_input_char                       0x08000449   Thumb Code    10  _printf_char_common.o(.text)
    .text                                    0x08000448   Section        0  _printf_char_common.o(.text)
    .text                                    0x08000478   Section        0  _sputc.o(.text)
    .text                                    0x08000482   Section       74  sys_stackheap_outer.o(.text)
    .text                                    0x080004cc   Section        0  exit.o(.text)
    .text                                    0x080004e0   Section        8  libspace.o(.text)
    .text                                    0x080004e8   Section        0  sys_exit.o(.text)
    .text                                    0x080004f4   Section        2  use_no_semi.o(.text)
    .text                                    0x080004f6   Section        0  indicate_semi.o(.text)
    [Anonymous Symbol]                       0x080004f8   Section        0  adc_init_egurm.o(.text.AdcConfig)
    [Anonymous Symbol]                       0x0800059c   Section        0  adc_init_egurm.o(.text.AdcEgurnInit)
    [Anonymous Symbol]                       0x08000664   Section        0  adc_egurm.o(.text.AverageValueAdcMoment)
    [Anonymous Symbol]                       0x080006d8   Section        0  adc_egurm.o(.text.AverageValueAdcVoltAmper)
    [Anonymous Symbol]                       0x0800074c   Section        0  gd32e50x_it.o(.text.BusFault_Handler)
    [Anonymous Symbol]                       0x08000750   Section        0  gd32e50x_it.o(.text.CAN1_RX0_IRQHandler)
    [Anonymous Symbol]                       0x08000778   Section        0  gd32e50x_it.o(.text.CAN1_RX1_IRQHandler)
    [Anonymous Symbol]                       0x080007a0   Section        0  can_init_egurm.o(.text.CanConfig)
    [Anonymous Symbol]                       0x08000838   Section        0  can_egurm.o(.text.CanTransmit)
    [Anonymous Symbol]                       0x0800086c   Section        0  gd32e50x_it.o(.text.DMA0_Channel1_IRQHandler)
    [Anonymous Symbol]                       0x08000894   Section        0  gd32e50x_it.o(.text.DMA0_Channel2_IRQHandler)
    [Anonymous Symbol]                       0x080008e0   Section        0  gd32e50x_it.o(.text.DebugMon_Handler)
    [Anonymous Symbol]                       0x080008e4   Section        0  gd32e50x_it.o(.text.EXTI0_IRQHandler)
    [Anonymous Symbol]                       0x080008e8   Section        0  gd32e50x_it.o(.text.EXTI10_15_IRQHandler)
    [Anonymous Symbol]                       0x080008ec   Section        0  usart_akip_1148a.o(.text.GetAkipTxBuff)
    [Anonymous Symbol]                       0x080008f8   Section        0  adc_egurm.o(.text.GetCurrent)
    [Anonymous Symbol]                       0x08000928   Section        0  adc_egurm.o(.text.GetMomentIn)
    [Anonymous Symbol]                       0x0800095c   Section        0  adc_egurm.o(.text.GetMomentOut)
    [Anonymous Symbol]                       0x08000990   Section        0  adc_egurm.o(.text.GetVoltage)
    [Anonymous Symbol]                       0x080009b8   Section        0  gd32e50x_it.o(.text.HardFault_Handler)
    [Anonymous Symbol]                       0x080009bc   Section        0  timers_10_and_100_us_init.o(.text.InitTimerTo100us)
    [Anonymous Symbol]                       0x08000a18   Section        0  timers_10_and_100_us_init.o(.text.InitTimerTo10us)
    [Anonymous Symbol]                       0x08000a70   Section        0  gd32e50x_it.o(.text.MemManage_Handler)
    [Anonymous Symbol]                       0x08000a74   Section        0  gd32e50x_it.o(.text.NMI_Handler)
    [Anonymous Symbol]                       0x08000a78   Section        0  gd32e50x_it.o(.text.PendSV_Handler)
    [Anonymous Symbol]                       0x08000a7c   Section        0  timers_10_and_100_us.o(.text.Period100us)
    [Anonymous Symbol]                       0x08000a80   Section        0  timers_10_and_100_us.o(.text.Period10us)
    [Anonymous Symbol]                       0x08000a84   Section        0  usart_akip_1148a.o(.text.Period1MsForAkip)
    [Anonymous Symbol]                       0x08000aa4   Section        0  timers_10_and_100_us.o(.text.Period1ms)
    [Anonymous Symbol]                       0x08000aa8   Section        0  gd32e50x_it.o(.text.SVC_Handler)
    [Anonymous Symbol]                       0x08000aac   Section        0  usart_akip_1148a.o(.text.SetCurrentAkip)
    [Anonymous Symbol]                       0x08000b5c   Section        0  usart_akip_1148a.o(.text.SetCurrentEgurm)
    [Anonymous Symbol]                       0x08000b9c   Section        0  adc_egurm.o(.text.SetDefaultSenseMoment)
    [Anonymous Symbol]                       0x08000bd0   Section        0  usart_akip_1148a.o(.text.SetParametr)
    [Anonymous Symbol]                       0x08000d0c   Section        0  usart_akip_1148a.o(.text.SetVoltageAkip)
    [Anonymous Symbol]                       0x08000e2c   Section        0  usart_akip_1148a.o(.text.SetVoltageEgurm)
    [Anonymous Symbol]                       0x08000e60   Section        0  gd32e50x_it.o(.text.SysTick_Handler)
    [Anonymous Symbol]                       0x08000e70   Section        0  system_gd32e50x.o(.text.SystemInit)
    [Anonymous Symbol]                       0x08001038   Section        0  gd32e50x_it.o(.text.TIMER5_DAC_IRQHandler)
    [Anonymous Symbol]                       0x08001060   Section        0  gd32e50x_it.o(.text.TIMER6_IRQHandler)
    [Anonymous Symbol]                       0x08001088   Section        0  usart_akip_1148a.o(.text.USART2_IRQHandler)
    [Anonymous Symbol]                       0x08001118   Section        0  gd32e50x_it.o(.text.USBD_LP_CAN0_RX0_IRQHandler)
    [Anonymous Symbol]                       0x0800111c   Section        0  gd32e50x_it.o(.text.UsageFault_Handler)
    [Anonymous Symbol]                       0x08001120   Section        0  usart_akip_1148a_init.o(.text.UsartAkip1148aInit)
    [Anonymous Symbol]                       0x08001284   Section        0  gd32e50x_adc.o(.text.adc_calibration_enable)
    [Anonymous Symbol]                       0x080012a4   Section        0  gd32e50x_adc.o(.text.adc_channel_length_config)
    [Anonymous Symbol]                       0x080012e0   Section        0  gd32e50x_adc.o(.text.adc_data_alignment_config)
    [Anonymous Symbol]                       0x080012f4   Section        0  gd32e50x_adc.o(.text.adc_dma_mode_enable)
    [Anonymous Symbol]                       0x08001300   Section        0  gd32e50x_adc.o(.text.adc_enable)
    [Anonymous Symbol]                       0x08001314   Section        0  gd32e50x_adc.o(.text.adc_external_trigger_config)
    [Anonymous Symbol]                       0x08001354   Section        0  gd32e50x_adc.o(.text.adc_external_trigger_source_config)
    [Anonymous Symbol]                       0x08001380   Section        0  gd32e50x_adc.o(.text.adc_mode_config)
    [Anonymous Symbol]                       0x08001398   Section        0  gd32e50x_adc.o(.text.adc_regular_channel_config)
    [Anonymous Symbol]                       0x0800140c   Section        0  gd32e50x_adc.o(.text.adc_software_trigger_enable)
    [Anonymous Symbol]                       0x08001428   Section        0  gd32e50x_adc.o(.text.adc_special_function_config)
    [Anonymous Symbol]                       0x08001484   Section        0  gd32e50x_can.o(.text.can_deinit)
    [Anonymous Symbol]                       0x080014bc   Section        0  gd32e50x_can.o(.text.can_filter_init)
    [Anonymous Symbol]                       0x080015a0   Section        0  gd32e50x_can.o(.text.can_init)
    [Anonymous Symbol]                       0x08001684   Section        0  gd32e50x_can.o(.text.can_interrupt_enable)
    [Anonymous Symbol]                       0x0800168c   Section        0  gd32e50x_can.o(.text.can_message_receive)
    [Anonymous Symbol]                       0x08001734   Section        0  gd32e50x_can.o(.text.can_message_transmit)
    [Anonymous Symbol]                       0x080017dc   Section        0  gd32e50x_can.o(.text.can_struct_para_init)
    [Anonymous Symbol]                       0x0800183c   Section        0  systick.o(.text.delay_1ms)
    [Anonymous Symbol]                       0x08001850   Section        0  systick.o(.text.delay_decrement)
    [Anonymous Symbol]                       0x08001868   Section        0  gd32e50x_dma.o(.text.dma_channel_disable)
    [Anonymous Symbol]                       0x0800188c   Section        0  gd32e50x_dma.o(.text.dma_channel_enable)
    [Anonymous Symbol]                       0x080018b0   Section        0  gd32e50x_dma.o(.text.dma_circulation_disable)
    [Anonymous Symbol]                       0x080018d4   Section        0  gd32e50x_dma.o(.text.dma_circulation_enable)
    [Anonymous Symbol]                       0x080018f8   Section        0  gd32e50x_dma.o(.text.dma_deinit)
    [Anonymous Symbol]                       0x08001934   Section        0  gd32e50x_dma.o(.text.dma_flag_clear)
    [Anonymous Symbol]                       0x08001954   Section        0  gd32e50x_dma.o(.text.dma_init)
    [Anonymous Symbol]                       0x080019d0   Section        0  gd32e50x_dma.o(.text.dma_interrupt_enable)
    [Anonymous Symbol]                       0x080019f4   Section        0  gd32e50x_dma.o(.text.dma_interrupt_flag_clear)
    [Anonymous Symbol]                       0x08001a14   Section        0  gd32e50x_dma.o(.text.dma_interrupt_flag_get)
    [Anonymous Symbol]                       0x08001a64   Section        0  gd32e50x_dma.o(.text.dma_memory_address_config)
    [Anonymous Symbol]                       0x08001a84   Section        0  gd32e50x_dma.o(.text.dma_memory_to_memory_disable)
    [Anonymous Symbol]                       0x08001aa8   Section        0  gd32e50x_dma.o(.text.dma_struct_para_init)
    [Anonymous Symbol]                       0x08001ac4   Section        0  gd32e50x_dma.o(.text.dma_transfer_number_config)
    [Anonymous Symbol]                       0x08001ae4   Section        0  gd32e50x_gpio.o(.text.gpio_bit_reset)
    [Anonymous Symbol]                       0x08001ae8   Section        0  gd32e50x_gpio.o(.text.gpio_init)
    [Anonymous Symbol]                       0x08001ba0   Section        0  gd32e50x_gpio.o(.text.gpio_port_write)
    [Anonymous Symbol]                       0x08001ba4   Section        0  main.o(.text.main)
    [Anonymous Symbol]                       0x08001cd4   Section        0  gd32e50x_misc.o(.text.nvic_irq_enable)
    [Anonymous Symbol]                       0x08001d80   Section        0  gd32e50x_misc.o(.text.nvic_vector_table_set)
    [Anonymous Symbol]                       0x08001d9c   Section        0  adc_egurm.o(.text.pGetAdcValue)
    [Anonymous Symbol]                       0x08001da8   Section        0  gd32e50x_rcu.o(.text.rcu_adc_clock_config)
    [Anonymous Symbol]                       0x08001e1c   Section        0  gd32e50x_rcu.o(.text.rcu_clock_freq_get)
    [Anonymous Symbol]                       0x08001f24   Section        0  gd32e50x_rcu.o(.text.rcu_periph_clock_enable)
    [Anonymous Symbol]                       0x08001f44   Section        0  gd32e50x_rcu.o(.text.rcu_periph_reset_disable)
    [Anonymous Symbol]                       0x08001f64   Section        0  gd32e50x_rcu.o(.text.rcu_periph_reset_enable)
    [Anonymous Symbol]                       0x08001f84   Section        0  systick.o(.text.systick_config)
    [Anonymous Symbol]                       0x08001fcc   Section        0  gd32e50x_timer.o(.text.timer_deinit)
    [Anonymous Symbol]                       0x08002114   Section        0  gd32e50x_timer.o(.text.timer_enable)
    [Anonymous Symbol]                       0x08002120   Section        0  gd32e50x_timer.o(.text.timer_init)
    [Anonymous Symbol]                       0x080021e4   Section        0  gd32e50x_timer.o(.text.timer_interrupt_enable)
    [Anonymous Symbol]                       0x080021ec   Section        0  gd32e50x_timer.o(.text.timer_interrupt_flag_clear)
    [Anonymous Symbol]                       0x080021f4   Section        0  gd32e50x_timer.o(.text.timer_interrupt_flag_get)
    [Anonymous Symbol]                       0x0800220c   Section        0  gd32e50x_timer.o(.text.timer_struct_para_init)
    [Anonymous Symbol]                       0x08002220   Section        0  gd32e50x_usart.o(.text.usart_baudrate_set)
    [Anonymous Symbol]                       0x080022f0   Section        0  gd32e50x_usart.o(.text.usart_data_receive)
    [Anonymous Symbol]                       0x0800230c   Section        0  gd32e50x_usart.o(.text.usart_deinit)
    [Anonymous Symbol]                       0x08002398   Section        0  gd32e50x_usart.o(.text.usart_dma_receive_config)
    [Anonymous Symbol]                       0x080023c0   Section        0  gd32e50x_usart.o(.text.usart_dma_transmit_config)
    [Anonymous Symbol]                       0x080023e8   Section        0  gd32e50x_usart.o(.text.usart_enable)
    [Anonymous Symbol]                       0x08002408   Section        0  gd32e50x_usart.o(.text.usart_interrupt_enable)
    [Anonymous Symbol]                       0x08002420   Section        0  gd32e50x_usart.o(.text.usart_interrupt_flag_get)
    [Anonymous Symbol]                       0x08002440   Section        0  gd32e50x_usart.o(.text.usart_receive_config)
    [Anonymous Symbol]                       0x08002464   Section        0  gd32e50x_usart.o(.text.usart_transmit_config)
    [Anonymous Symbol]                       0x08002488   Section        0  usbd_core.o(.text.usbd_ep_send)
    [Anonymous Symbol]                       0x080024c4   Section        0  usbd_lld_int.o(.text.usbd_isr)
    $v0                                      0x080026b2   Number         0  fpinit.o(x$fpl$fpinit)
    x$fpl$fpinit                             0x080026b2   Section       26  fpinit.o(x$fpl$fpinit)
    .L__const.rcu_clock_freq_get.apb2_exp    0x080026cc   Data           8  gd32e50x_rcu.o(.rodata.cst8)
    Period1MsForAkip.peiod_ms                0x20000000   Data           2  usart_akip_1148a.o(.data.Period1MsForAkip.peiod_ms)
    [Anonymous Symbol]                       0x20000000   Section        0  usart_akip_1148a.o(.data.Period1MsForAkip.peiod_ms)
    .bss                                     0x20000010   Section       96  libspace.o(.bss)
    AverageValueAdcMoment.aver_adc_buff      0x20000070   Data           8  adc_egurm.o(.bss.AverageValueAdcMoment.aver_adc_buff)
    [Anonymous Symbol]                       0x20000070   Section        0  adc_egurm.o(.bss.AverageValueAdcMoment.aver_adc_buff)
    AverageValueAdcMoment.count              0x20000078   Data           1  adc_egurm.o(.bss.AverageValueAdcMoment.count)
    [Anonymous Symbol]                       0x20000078   Section        0  adc_egurm.o(.bss.AverageValueAdcMoment.count)
    AverageValueAdcVoltAmper.aver_adc_buff   0x2000007c   Data          16  adc_egurm.o(.bss.AverageValueAdcVoltAmper.aver_adc_buff)
    [Anonymous Symbol]                       0x2000007c   Section        0  adc_egurm.o(.bss.AverageValueAdcVoltAmper.aver_adc_buff)
    AverageValueAdcVoltAmper.count           0x2000008c   Data           1  adc_egurm.o(.bss.AverageValueAdcVoltAmper.count)
    [Anonymous Symbol]                       0x2000008c   Section        0  adc_egurm.o(.bss.AverageValueAdcVoltAmper.count)
    delay                                    0x200000f0   Data           4  systick.o(.bss.delay)
    [Anonymous Symbol]                       0x200000f0   Section        0  systick.o(.bss.delay)
    Heap_Mem                                 0x20000150   Data        1024  startup_gd32e50x_hd.o(HEAP)
    HEAP                                     0x20000150   Section     1024  startup_gd32e50x_hd.o(HEAP)
    Stack_Mem                                0x20000550   Data        1024  startup_gd32e50x_hd.o(STACK)
    STACK                                    0x20000550   Section     1024  startup_gd32e50x_hd.o(STACK)
    __initial_sp                             0x20000950   Data           0  startup_gd32e50x_hd.o(STACK)

    Global Symbols

    Symbol Name                              Value     Ov Type        Size  Object(Section)

    BuildAttributes$$THM_ISAv4$E$P$D$K$B$S$7EM$8M$VFPi5$EXTD16$VFPS$VFMA$PE$A:L22UL41UL21$X:L11$S22US41US21$IEEE1$IW$~IW$USESV6$~STKCKD$USESV7$~SHL$OTIME$ROPI$EBA8$UX$STANDARDLIB$REQ8$PRES8$EABIv2 0x00000000   Number         0  anon$$obj.o ABSOLUTE
    __ARM_exceptions_init                     - Undefined Weak Reference
    __alloca_initialize                       - Undefined Weak Reference
    __arm_preinit_                            - Undefined Weak Reference
    __arm_relocate_pie_                       - Undefined Weak Reference
    __cpp_initialize__aeabi_                  - Undefined Weak Reference
    __cxa_finalize                            - Undefined Weak Reference
    __rt_locale                               - Undefined Weak Reference
    __sigvec_lookup                           - Undefined Weak Reference
    _atexit_init                              - Undefined Weak Reference
    _call_atexit_fns                          - Undefined Weak Reference
    _clock_init                               - Undefined Weak Reference
    _fp_trap_init                             - Undefined Weak Reference
    _fp_trap_shutdown                         - Undefined Weak Reference
    _get_lc_collate                           - Undefined Weak Reference
    _get_lc_ctype                             - Undefined Weak Reference
    _get_lc_monetary                          - Undefined Weak Reference
    _get_lc_numeric                           - Undefined Weak Reference
    _get_lc_time                              - Undefined Weak Reference
    _getenv_init                              - Undefined Weak Reference
    _handle_redirection                       - Undefined Weak Reference
    _init_alloc                               - Undefined Weak Reference
    _init_user_alloc                          - Undefined Weak Reference
    _initio                                   - Undefined Weak Reference
    _printf_post_padding                      - Undefined Weak Reference
    _printf_pre_padding                       - Undefined Weak Reference
    _printf_truncate_signed                   - Undefined Weak Reference
    _printf_truncate_unsigned                 - Undefined Weak Reference
    _rand_init                                - Undefined Weak Reference
    _signal_finish                            - Undefined Weak Reference
    _signal_init                              - Undefined Weak Reference
    _terminate_alloc                          - Undefined Weak Reference
    _terminate_user_alloc                     - Undefined Weak Reference
    _terminateio                              - Undefined Weak Reference
    __Vectors_Size                           0x000001a0   Number         0  startup_gd32e50x_hd.o ABSOLUTE
    __Vectors                                0x08000000   Data           4  startup_gd32e50x_hd.o(RESET)
    __Vectors_End                            0x080001a0   Data           0  startup_gd32e50x_hd.o(RESET)
    __main                                   0x080001a1   Thumb Code     8  __main.o(!!!main)
    __scatterload                            0x080001a9   Thumb Code     0  __scatter.o(!!!scatter)
    __scatterload_rt2                        0x080001a9   Thumb Code    44  __scatter.o(!!!scatter)
    __scatterload_rt2_thumb_only             0x080001a9   Thumb Code     0  __scatter.o(!!!scatter)
    __scatterload_null                       0x080001b7   Thumb Code     0  __scatter.o(!!!scatter)
    __scatterload_copy                       0x080001dd   Thumb Code    26  __scatter_copy.o(!!handler_copy)
    __scatterload_zeroinit                   0x080001f9   Thumb Code    28  __scatter_zi.o(!!handler_zi)
    _printf_d                                0x08000215   Thumb Code     0  _printf_d.o(.ARM.Collect$$_printf_percent$$00000009)
    _printf_percent                          0x08000215   Thumb Code     0  _printf_percent.o(.ARM.Collect$$_printf_percent$$00000000)
    _printf_percent_end                      0x0800021b   Thumb Code     0  _printf_percent_end.o(.ARM.Collect$$_printf_percent$$00000017)
    __rt_lib_init                            0x0800021f   Thumb Code     0  libinit.o(.ARM.Collect$$libinit$$00000000)
    __rt_lib_init_fp_1                       0x08000221   Thumb Code     0  libinit2.o(.ARM.Collect$$libinit$$00000001)
    __rt_lib_init_alloca_1                   0x08000225   Thumb Code     0  libinit2.o(.ARM.Collect$$libinit$$00000030)
    __rt_lib_init_argv_1                     0x08000225   Thumb Code     0  libinit2.o(.ARM.Collect$$libinit$$0000002E)
    __rt_lib_init_atexit_1                   0x08000225   Thumb Code     0  libinit2.o(.ARM.Collect$$libinit$$0000001D)
    __rt_lib_init_clock_1                    0x08000225   Thumb Code     0  libinit2.o(.ARM.Collect$$libinit$$00000023)
    __rt_lib_init_cpp_1                      0x08000225   Thumb Code     0  libinit2.o(.ARM.Collect$$libinit$$00000034)
    __rt_lib_init_exceptions_1               0x08000225   Thumb Code     0  libinit2.o(.ARM.Collect$$libinit$$00000032)
    __rt_lib_init_fp_trap_1                  0x08000225   Thumb Code     0  libinit2.o(.ARM.Collect$$libinit$$00000021)
    __rt_lib_init_getenv_1                   0x08000225   Thumb Code     0  libinit2.o(.ARM.Collect$$libinit$$00000025)
    __rt_lib_init_heap_1                     0x08000225   Thumb Code     0  libinit2.o(.ARM.Collect$$libinit$$0000000C)
    __rt_lib_init_lc_collate_1               0x08000225   Thumb Code     0  libinit2.o(.ARM.Collect$$libinit$$00000013)
    __rt_lib_init_lc_ctype_1                 0x08000225   Thumb Code     0  libinit2.o(.ARM.Collect$$libinit$$00000015)
    __rt_lib_init_lc_monetary_1              0x08000225   Thumb Code     0  libinit2.o(.ARM.Collect$$libinit$$00000017)
    __rt_lib_init_lc_numeric_1               0x08000225   Thumb Code     0  libinit2.o(.ARM.Collect$$libinit$$00000019)
    __rt_lib_init_lc_time_1                  0x08000225   Thumb Code     0  libinit2.o(.ARM.Collect$$libinit$$0000001B)
    __rt_lib_init_preinit_1                  0x08000225   Thumb Code     0  libinit2.o(.ARM.Collect$$libinit$$00000006)
    __rt_lib_init_rand_1                     0x08000225   Thumb Code     0  libinit2.o(.ARM.Collect$$libinit$$00000010)
    __rt_lib_init_relocate_pie_1             0x08000225   Thumb Code     0  libinit2.o(.ARM.Collect$$libinit$$00000004)
    __rt_lib_init_return                     0x08000225   Thumb Code     0  libinit2.o(.ARM.Collect$$libinit$$00000035)
    __rt_lib_init_signal_1                   0x08000225   Thumb Code     0  libinit2.o(.ARM.Collect$$libinit$$0000001F)
    __rt_lib_init_stdio_1                    0x08000225   Thumb Code     0  libinit2.o(.ARM.Collect$$libinit$$00000027)
    __rt_lib_init_user_alloc_1               0x08000225   Thumb Code     0  libinit2.o(.ARM.Collect$$libinit$$0000000E)
    __rt_lib_shutdown                        0x08000227   Thumb Code     0  libshutdown.o(.ARM.Collect$$libshutdown$$00000000)
    __rt_lib_shutdown_cpp_1                  0x08000229   Thumb Code     0  libshutdown2.o(.ARM.Collect$$libshutdown$$00000002)
    __rt_lib_shutdown_fp_trap_1              0x08000229   Thumb Code     0  libshutdown2.o(.ARM.Collect$$libshutdown$$00000007)
    __rt_lib_shutdown_heap_1                 0x08000229   Thumb Code     0  libshutdown2.o(.ARM.Collect$$libshutdown$$0000000F)
    __rt_lib_shutdown_return                 0x08000229   Thumb Code     0  libshutdown2.o(.ARM.Collect$$libshutdown$$00000010)
    __rt_lib_shutdown_signal_1               0x08000229   Thumb Code     0  libshutdown2.o(.ARM.Collect$$libshutdown$$0000000A)
    __rt_lib_shutdown_stdio_1                0x08000229   Thumb Code     0  libshutdown2.o(.ARM.Collect$$libshutdown$$00000004)
    __rt_lib_shutdown_user_alloc_1           0x08000229   Thumb Code     0  libshutdown2.o(.ARM.Collect$$libshutdown$$0000000C)
    __rt_entry                               0x0800022b   Thumb Code     0  __rtentry.o(.ARM.Collect$$rtentry$$00000000)
    __rt_entry_presh_1                       0x0800022b   Thumb Code     0  __rtentry2.o(.ARM.Collect$$rtentry$$00000002)
    __rt_entry_sh                            0x0800022b   Thumb Code     0  __rtentry4.o(.ARM.Collect$$rtentry$$00000004)
    __rt_entry_li                            0x08000231   Thumb Code     0  __rtentry2.o(.ARM.Collect$$rtentry$$0000000A)
    __rt_entry_postsh_1                      0x08000231   Thumb Code     0  __rtentry2.o(.ARM.Collect$$rtentry$$00000009)
    __rt_entry_main                          0x08000235   Thumb Code     0  __rtentry2.o(.ARM.Collect$$rtentry$$0000000D)
    __rt_entry_postli_1                      0x08000235   Thumb Code     0  __rtentry2.o(.ARM.Collect$$rtentry$$0000000C)
    __rt_exit                                0x0800023d   Thumb Code     0  rtexit.o(.ARM.Collect$$rtexit$$00000000)
    __rt_exit_ls                             0x0800023f   Thumb Code     0  rtexit2.o(.ARM.Collect$$rtexit$$00000003)
    __rt_exit_prels_1                        0x0800023f   Thumb Code     0  rtexit2.o(.ARM.Collect$$rtexit$$00000002)
    __rt_exit_exit                           0x08000243   Thumb Code     0  rtexit2.o(.ARM.Collect$$rtexit$$00000004)
    Reset_Handler                            0x08000249   Thumb Code     8  startup_gd32e50x_hd.o(.text)
    ADC0_1_IRQHandler                        0x08000263   Thumb Code     0  startup_gd32e50x_hd.o(.text)
    ADC2_IRQHandler                          0x08000263   Thumb Code     0  startup_gd32e50x_hd.o(.text)
    CAN0_EWMC_IRQHandler                     0x08000263   Thumb Code     0  startup_gd32e50x_hd.o(.text)
    CAN0_RX1_IRQHandler                      0x08000263   Thumb Code     0  startup_gd32e50x_hd.o(.text)
    CAN1_EWMC_IRQHandler                     0x08000263   Thumb Code     0  startup_gd32e50x_hd.o(.text)
    CAN1_TX_IRQHandler                       0x08000263   Thumb Code     0  startup_gd32e50x_hd.o(.text)
    DMA0_Channel0_IRQHandler                 0x08000263   Thumb Code     0  startup_gd32e50x_hd.o(.text)
    DMA0_Channel3_IRQHandler                 0x08000263   Thumb Code     0  startup_gd32e50x_hd.o(.text)
    DMA0_Channel4_IRQHandler                 0x08000263   Thumb Code     0  startup_gd32e50x_hd.o(.text)
    DMA0_Channel5_IRQHandler                 0x08000263   Thumb Code     0  startup_gd32e50x_hd.o(.text)
    DMA0_Channel6_IRQHandler                 0x08000263   Thumb Code     0  startup_gd32e50x_hd.o(.text)
    DMA1_Channel0_IRQHandler                 0x08000263   Thumb Code     0  startup_gd32e50x_hd.o(.text)
    DMA1_Channel1_IRQHandler                 0x08000263   Thumb Code     0  startup_gd32e50x_hd.o(.text)
    DMA1_Channel2_IRQHandler                 0x08000263   Thumb Code     0  startup_gd32e50x_hd.o(.text)
    DMA1_Channel3_4_IRQHandler               0x08000263   Thumb Code     0  startup_gd32e50x_hd.o(.text)
    EXMC_IRQHandler                          0x08000263   Thumb Code     0  startup_gd32e50x_hd.o(.text)
    EXTI1_IRQHandler                         0x08000263   Thumb Code     0  startup_gd32e50x_hd.o(.text)
    EXTI2_IRQHandler                         0x08000263   Thumb Code     0  startup_gd32e50x_hd.o(.text)
    EXTI3_IRQHandler                         0x08000263   Thumb Code     0  startup_gd32e50x_hd.o(.text)
    EXTI4_IRQHandler                         0x08000263   Thumb Code     0  startup_gd32e50x_hd.o(.text)
    EXTI5_9_IRQHandler                       0x08000263   Thumb Code     0  startup_gd32e50x_hd.o(.text)
    FMC_IRQHandler                           0x08000263   Thumb Code     0  startup_gd32e50x_hd.o(.text)
    I2C0_ER_IRQHandler                       0x08000263   Thumb Code     0  startup_gd32e50x_hd.o(.text)
    I2C0_EV_IRQHandler                       0x08000263   Thumb Code     0  startup_gd32e50x_hd.o(.text)
    I2C1_ER_IRQHandler                       0x08000263   Thumb Code     0  startup_gd32e50x_hd.o(.text)
    I2C1_EV_IRQHandler                       0x08000263   Thumb Code     0  startup_gd32e50x_hd.o(.text)
    I2C2_ER_IRQHandler                       0x08000263   Thumb Code     0  startup_gd32e50x_hd.o(.text)
    I2C2_EV_IRQHandler                       0x08000263   Thumb Code     0  startup_gd32e50x_hd.o(.text)
    I2C2_WKUP_IRQHandler                     0x08000263   Thumb Code     0  startup_gd32e50x_hd.o(.text)
    LVD_IRQHandler                           0x08000263   Thumb Code     0  startup_gd32e50x_hd.o(.text)
    RCU_CTC_IRQHandler                       0x08000263   Thumb Code     0  startup_gd32e50x_hd.o(.text)
    RTC_Alarm_IRQHandler                     0x08000263   Thumb Code     0  startup_gd32e50x_hd.o(.text)
    RTC_IRQHandler                           0x08000263   Thumb Code     0  startup_gd32e50x_hd.o(.text)
    SDIO_IRQHandler                          0x08000263   Thumb Code     0  startup_gd32e50x_hd.o(.text)
    SHRTIMER_IRQ0_IRQHandler                 0x08000263   Thumb Code     0  startup_gd32e50x_hd.o(.text)
    SHRTIMER_IRQ1_IRQHandler                 0x08000263   Thumb Code     0  startup_gd32e50x_hd.o(.text)
    SHRTIMER_IRQ2_IRQHandler                 0x08000263   Thumb Code     0  startup_gd32e50x_hd.o(.text)
    SHRTIMER_IRQ3_IRQHandler                 0x08000263   Thumb Code     0  startup_gd32e50x_hd.o(.text)
    SHRTIMER_IRQ4_IRQHandler                 0x08000263   Thumb Code     0  startup_gd32e50x_hd.o(.text)
    SHRTIMER_IRQ5_IRQHandler                 0x08000263   Thumb Code     0  startup_gd32e50x_hd.o(.text)
    SHRTIMER_IRQ6_IRQHandler                 0x08000263   Thumb Code     0  startup_gd32e50x_hd.o(.text)
    SPI0_IRQHandler                          0x08000263   Thumb Code     0  startup_gd32e50x_hd.o(.text)
    SPI1_I2S1ADD_IRQHandler                  0x08000263   Thumb Code     0  startup_gd32e50x_hd.o(.text)
    SPI2_I2S2ADD_IRQHandler                  0x08000263   Thumb Code     0  startup_gd32e50x_hd.o(.text)
    TAMPER_IRQHandler                        0x08000263   Thumb Code     0  startup_gd32e50x_hd.o(.text)
    TIMER0_BRK_TIMER8_IRQHandler             0x08000263   Thumb Code     0  startup_gd32e50x_hd.o(.text)
    TIMER0_Channel_IRQHandler                0x08000263   Thumb Code     0  startup_gd32e50x_hd.o(.text)
    TIMER0_TRG_CMT_TIMER10_IRQHandler        0x08000263   Thumb Code     0  startup_gd32e50x_hd.o(.text)
    TIMER0_UP_TIMER9_IRQHandler              0x08000263   Thumb Code     0  startup_gd32e50x_hd.o(.text)
    TIMER1_IRQHandler                        0x08000263   Thumb Code     0  startup_gd32e50x_hd.o(.text)
    TIMER2_IRQHandler                        0x08000263   Thumb Code     0  startup_gd32e50x_hd.o(.text)
    TIMER3_IRQHandler                        0x08000263   Thumb Code     0  startup_gd32e50x_hd.o(.text)
    TIMER4_IRQHandler                        0x08000263   Thumb Code     0  startup_gd32e50x_hd.o(.text)
    TIMER7_BRK_TIMER11_IRQHandler            0x08000263   Thumb Code     0  startup_gd32e50x_hd.o(.text)
    TIMER7_Channel_IRQHandler                0x08000263   Thumb Code     0  startup_gd32e50x_hd.o(.text)
    TIMER7_TRG_CMT_TIMER13_IRQHandler        0x08000263   Thumb Code     0  startup_gd32e50x_hd.o(.text)
    TIMER7_UP_TIMER12_IRQHandler             0x08000263   Thumb Code     0  startup_gd32e50x_hd.o(.text)
    UART3_IRQHandler                         0x08000263   Thumb Code     0  startup_gd32e50x_hd.o(.text)
    UART4_IRQHandler                         0x08000263   Thumb Code     0  startup_gd32e50x_hd.o(.text)
    USART0_IRQHandler                        0x08000263   Thumb Code     0  startup_gd32e50x_hd.o(.text)
    USART1_IRQHandler                        0x08000263   Thumb Code     0  startup_gd32e50x_hd.o(.text)
    USART5_IRQHandler                        0x08000263   Thumb Code     0  startup_gd32e50x_hd.o(.text)
    USART5_WKUP_IRQHandler                   0x08000263   Thumb Code     0  startup_gd32e50x_hd.o(.text)
    USBD_HP_CAN0_TX_IRQHandler               0x08000263   Thumb Code     0  startup_gd32e50x_hd.o(.text)
    USBD_WKUP_IRQHandler                     0x08000263   Thumb Code     0  startup_gd32e50x_hd.o(.text)
    WWDGT_IRQHandler                         0x08000263   Thumb Code     0  startup_gd32e50x_hd.o(.text)
    __user_initial_stackheap                 0x08000265   Thumb Code    10  startup_gd32e50x_hd.o(.text)
    __2sprintf                               0x08000289   Thumb Code    34  noretval__2sprintf.o(.text)
    __printf                                 0x080002b1   Thumb Code   104  __printf.o(.text)
    _printf_int_dec                          0x08000319   Thumb Code   104  _printf_dec.o(.text)
    __use_two_region_memory                  0x08000391   Thumb Code     2  heapauxi.o(.text)
    __rt_heap_escrow$2region                 0x08000393   Thumb Code     2  heapauxi.o(.text)
    __rt_heap_expand$2region                 0x08000395   Thumb Code     2  heapauxi.o(.text)
    _printf_int_common                       0x08000397   Thumb Code   178  _printf_intcommon.o(.text)
    _printf_char_common                      0x08000453   Thumb Code    32  _printf_char_common.o(.text)
    _sputc                                   0x08000479   Thumb Code    10  _sputc.o(.text)
    __user_setup_stackheap                   0x08000483   Thumb Code    74  sys_stackheap_outer.o(.text)
    exit                                     0x080004cd   Thumb Code    18  exit.o(.text)
    __user_libspace                          0x080004e1   Thumb Code     8  libspace.o(.text)
    __user_perproc_libspace                  0x080004e1   Thumb Code     0  libspace.o(.text)
    __user_perthread_libspace                0x080004e1   Thumb Code     0  libspace.o(.text)
    _sys_exit                                0x080004e9   Thumb Code     8  sys_exit.o(.text)
    __I$use$semihosting                      0x080004f5   Thumb Code     0  use_no_semi.o(.text)
    __use_no_semihosting_swi                 0x080004f5   Thumb Code     2  use_no_semi.o(.text)
    __semihosting_library_function           0x080004f7   Thumb Code     0  indicate_semi.o(.text)
    AdcConfig                                0x080004f9   Thumb Code   162  adc_init_egurm.o(.text.AdcConfig)
    AdcEgurnInit                             0x0800059d   Thumb Code   198  adc_init_egurm.o(.text.AdcEgurnInit)
    AverageValueAdcMoment                    0x08000665   Thumb Code   116  adc_egurm.o(.text.AverageValueAdcMoment)
    AverageValueAdcVoltAmper                 0x080006d9   Thumb Code   116  adc_egurm.o(.text.AverageValueAdcVoltAmper)
    BusFault_Handler                         0x0800074d   Thumb Code     2  gd32e50x_it.o(.text.BusFault_Handler)
    CAN1_RX0_IRQHandler                      0x08000751   Thumb Code    38  gd32e50x_it.o(.text.CAN1_RX0_IRQHandler)
    CAN1_RX1_IRQHandler                      0x08000779   Thumb Code    38  gd32e50x_it.o(.text.CAN1_RX1_IRQHandler)
    CanConfig                                0x080007a1   Thumb Code   150  can_init_egurm.o(.text.CanConfig)
    CanTransmit                              0x08000839   Thumb Code    50  can_egurm.o(.text.CanTransmit)
    DMA0_Channel1_IRQHandler                 0x0800086d   Thumb Code    38  gd32e50x_it.o(.text.DMA0_Channel1_IRQHandler)
    DMA0_Channel2_IRQHandler                 0x08000895   Thumb Code    74  gd32e50x_it.o(.text.DMA0_Channel2_IRQHandler)
    DebugMon_Handler                         0x080008e1   Thumb Code     2  gd32e50x_it.o(.text.DebugMon_Handler)
    EXTI0_IRQHandler                         0x080008e5   Thumb Code     2  gd32e50x_it.o(.text.EXTI0_IRQHandler)
    EXTI10_15_IRQHandler                     0x080008e9   Thumb Code     2  gd32e50x_it.o(.text.EXTI10_15_IRQHandler)
    GetAkipTxBuff                            0x080008ed   Thumb Code    10  usart_akip_1148a.o(.text.GetAkipTxBuff)
    GetCurrent                               0x080008f9   Thumb Code    48  adc_egurm.o(.text.GetCurrent)
    GetMomentIn                              0x08000929   Thumb Code    52  adc_egurm.o(.text.GetMomentIn)
    GetMomentOut                             0x0800095d   Thumb Code    52  adc_egurm.o(.text.GetMomentOut)
    GetVoltage                               0x08000991   Thumb Code    40  adc_egurm.o(.text.GetVoltage)
    HardFault_Handler                        0x080009b9   Thumb Code     2  gd32e50x_it.o(.text.HardFault_Handler)
    InitTimerTo100us                         0x080009bd   Thumb Code    90  timers_10_and_100_us_init.o(.text.InitTimerTo100us)
    InitTimerTo10us                          0x08000a19   Thumb Code    88  timers_10_and_100_us_init.o(.text.InitTimerTo10us)
    MemManage_Handler                        0x08000a71   Thumb Code     2  gd32e50x_it.o(.text.MemManage_Handler)
    NMI_Handler                              0x08000a75   Thumb Code     2  gd32e50x_it.o(.text.NMI_Handler)
    PendSV_Handler                           0x08000a79   Thumb Code     2  gd32e50x_it.o(.text.PendSV_Handler)
    Period100us                              0x08000a7d   Thumb Code     4  timers_10_and_100_us.o(.text.Period100us)
    Period10us                               0x08000a81   Thumb Code     4  timers_10_and_100_us.o(.text.Period10us)
    Period1MsForAkip                         0x08000a85   Thumb Code    30  usart_akip_1148a.o(.text.Period1MsForAkip)
    Period1ms                                0x08000aa5   Thumb Code     4  timers_10_and_100_us.o(.text.Period1ms)
    SVC_Handler                              0x08000aa9   Thumb Code     2  gd32e50x_it.o(.text.SVC_Handler)
    SetCurrentAkip                           0x08000aad   Thumb Code   152  usart_akip_1148a.o(.text.SetCurrentAkip)
    SetCurrentEgurm                          0x08000b5d   Thumb Code    62  usart_akip_1148a.o(.text.SetCurrentEgurm)
    SetDefaultSenseMoment                    0x08000b9d   Thumb Code    50  adc_egurm.o(.text.SetDefaultSenseMoment)
    SetParametr                              0x08000bd1   Thumb Code   314  usart_akip_1148a.o(.text.SetParametr)
    SetVoltageAkip                           0x08000d0d   Thumb Code   236  usart_akip_1148a.o(.text.SetVoltageAkip)
    SetVoltageEgurm                          0x08000e2d   Thumb Code    52  usart_akip_1148a.o(.text.SetVoltageEgurm)
    SysTick_Handler                          0x08000e61   Thumb Code    14  gd32e50x_it.o(.text.SysTick_Handler)
    SystemInit                               0x08000e71   Thumb Code   456  system_gd32e50x.o(.text.SystemInit)
    TIMER5_DAC_IRQHandler                    0x08001039   Thumb Code    40  gd32e50x_it.o(.text.TIMER5_DAC_IRQHandler)
    TIMER6_IRQHandler                        0x08001061   Thumb Code    40  gd32e50x_it.o(.text.TIMER6_IRQHandler)
    USART2_IRQHandler                        0x08001089   Thumb Code   142  usart_akip_1148a.o(.text.USART2_IRQHandler)
    USBD_LP_CAN0_RX0_IRQHandler              0x08001119   Thumb Code     4  gd32e50x_it.o(.text.USBD_LP_CAN0_RX0_IRQHandler)
    UsageFault_Handler                       0x0800111d   Thumb Code     2  gd32e50x_it.o(.text.UsageFault_Handler)
    UsartAkip1148aInit                       0x08001121   Thumb Code   354  usart_akip_1148a_init.o(.text.UsartAkip1148aInit)
    adc_calibration_enable                   0x08001285   Thumb Code    32  gd32e50x_adc.o(.text.adc_calibration_enable)
    adc_channel_length_config                0x080012a5   Thumb Code    58  gd32e50x_adc.o(.text.adc_channel_length_config)
    adc_data_alignment_config                0x080012e1   Thumb Code    18  gd32e50x_adc.o(.text.adc_data_alignment_config)
    adc_dma_mode_enable                      0x080012f5   Thumb Code    10  gd32e50x_adc.o(.text.adc_dma_mode_enable)
    adc_enable                               0x08001301   Thumb Code    18  gd32e50x_adc.o(.text.adc_enable)
    adc_external_trigger_config              0x08001315   Thumb Code    64  gd32e50x_adc.o(.text.adc_external_trigger_config)
    adc_external_trigger_source_config       0x08001355   Thumb Code    42  gd32e50x_adc.o(.text.adc_external_trigger_source_config)
    adc_mode_config                          0x08001381   Thumb Code    24  gd32e50x_adc.o(.text.adc_mode_config)
    adc_regular_channel_config               0x08001399   Thumb Code   116  gd32e50x_adc.o(.text.adc_regular_channel_config)
    adc_software_trigger_enable              0x0800140d   Thumb Code    28  gd32e50x_adc.o(.text.adc_software_trigger_enable)
    adc_special_function_config              0x08001429   Thumb Code    92  gd32e50x_adc.o(.text.adc_special_function_config)
    can_deinit                               0x08001485   Thumb Code    54  gd32e50x_can.o(.text.can_deinit)
    can_filter_init                          0x080014bd   Thumb Code   226  gd32e50x_can.o(.text.can_filter_init)
    can_init                                 0x080015a1   Thumb Code   226  gd32e50x_can.o(.text.can_init)
    can_interrupt_enable                     0x08001685   Thumb Code     8  gd32e50x_can.o(.text.can_interrupt_enable)
    can_message_receive                      0x0800168d   Thumb Code   166  gd32e50x_can.o(.text.can_message_receive)
    can_message_transmit                     0x08001735   Thumb Code   168  gd32e50x_can.o(.text.can_message_transmit)
    can_struct_para_init                     0x080017dd   Thumb Code    94  gd32e50x_can.o(.text.can_struct_para_init)
    delay_1ms                                0x0800183d   Thumb Code    20  systick.o(.text.delay_1ms)
    delay_decrement                          0x08001851   Thumb Code    24  systick.o(.text.delay_decrement)
    dma_channel_disable                      0x08001869   Thumb Code    36  gd32e50x_dma.o(.text.dma_channel_disable)
    dma_channel_enable                       0x0800188d   Thumb Code    36  gd32e50x_dma.o(.text.dma_channel_enable)
    dma_circulation_disable                  0x080018b1   Thumb Code    36  gd32e50x_dma.o(.text.dma_circulation_disable)
    dma_circulation_enable                   0x080018d5   Thumb Code    36  gd32e50x_dma.o(.text.dma_circulation_enable)
    dma_deinit                               0x080018f9   Thumb Code    60  gd32e50x_dma.o(.text.dma_deinit)
    dma_flag_clear                           0x08001935   Thumb Code    32  gd32e50x_dma.o(.text.dma_flag_clear)
    dma_init                                 0x08001955   Thumb Code   124  gd32e50x_dma.o(.text.dma_init)
    dma_interrupt_enable                     0x080019d1   Thumb Code    34  gd32e50x_dma.o(.text.dma_interrupt_enable)
    dma_interrupt_flag_clear                 0x080019f5   Thumb Code    32  gd32e50x_dma.o(.text.dma_interrupt_flag_clear)
    dma_interrupt_flag_get                   0x08001a15   Thumb Code    78  gd32e50x_dma.o(.text.dma_interrupt_flag_get)
    dma_memory_address_config                0x08001a65   Thumb Code    30  gd32e50x_dma.o(.text.dma_memory_address_config)
    dma_memory_to_memory_disable             0x08001a85   Thumb Code    36  gd32e50x_dma.o(.text.dma_memory_to_memory_disable)
    dma_struct_para_init                     0x08001aa9   Thumb Code    26  gd32e50x_dma.o(.text.dma_struct_para_init)
    dma_transfer_number_config               0x08001ac5   Thumb Code    32  gd32e50x_dma.o(.text.dma_transfer_number_config)
    gpio_bit_reset                           0x08001ae5   Thumb Code     4  gd32e50x_gpio.o(.text.gpio_bit_reset)
    gpio_init                                0x08001ae9   Thumb Code   182  gd32e50x_gpio.o(.text.gpio_init)
    gpio_port_write                          0x08001ba1   Thumb Code     4  gd32e50x_gpio.o(.text.gpio_port_write)
    main                                     0x08001ba5   Thumb Code   304  main.o(.text.main)
    nvic_irq_enable                          0x08001cd5   Thumb Code   170  gd32e50x_misc.o(.text.nvic_irq_enable)
    nvic_vector_table_set                    0x08001d81   Thumb Code    28  gd32e50x_misc.o(.text.nvic_vector_table_set)
    pGetAdcValue                             0x08001d9d   Thumb Code    10  adc_egurm.o(.text.pGetAdcValue)
    rcu_adc_clock_config                     0x08001da9   Thumb Code   114  gd32e50x_rcu.o(.text.rcu_adc_clock_config)
    rcu_clock_freq_get                       0x08001e1d   Thumb Code   248  gd32e50x_rcu.o(.text.rcu_clock_freq_get)
    rcu_periph_clock_enable                  0x08001f25   Thumb Code    30  gd32e50x_rcu.o(.text.rcu_periph_clock_enable)
    rcu_periph_reset_disable                 0x08001f45   Thumb Code    32  gd32e50x_rcu.o(.text.rcu_periph_reset_disable)
    rcu_periph_reset_enable                  0x08001f65   Thumb Code    30  gd32e50x_rcu.o(.text.rcu_periph_reset_enable)
    systick_config                           0x08001f85   Thumb Code    72  systick.o(.text.systick_config)
    timer_deinit                             0x08001fcd   Thumb Code   328  gd32e50x_timer.o(.text.timer_deinit)
    timer_enable                             0x08002115   Thumb Code    10  gd32e50x_timer.o(.text.timer_enable)
    timer_init                               0x08002121   Thumb Code   194  gd32e50x_timer.o(.text.timer_init)
    timer_interrupt_enable                   0x080021e5   Thumb Code     8  gd32e50x_timer.o(.text.timer_interrupt_enable)
    timer_interrupt_flag_clear               0x080021ed   Thumb Code     6  gd32e50x_timer.o(.text.timer_interrupt_flag_clear)
    timer_interrupt_flag_get                 0x080021f5   Thumb Code    22  gd32e50x_timer.o(.text.timer_interrupt_flag_get)
    timer_struct_para_init                   0x0800220d   Thumb Code    18  gd32e50x_timer.o(.text.timer_struct_para_init)
    usart_baudrate_set                       0x08002221   Thumb Code   206  gd32e50x_usart.o(.text.usart_baudrate_set)
    usart_data_receive                       0x080022f1   Thumb Code    26  gd32e50x_usart.o(.text.usart_data_receive)
    usart_deinit                             0x0800230d   Thumb Code   140  gd32e50x_usart.o(.text.usart_deinit)
    usart_dma_receive_config                 0x08002399   Thumb Code    40  gd32e50x_usart.o(.text.usart_dma_receive_config)
    usart_dma_transmit_config                0x080023c1   Thumb Code    40  gd32e50x_usart.o(.text.usart_dma_transmit_config)
    usart_enable                             0x080023e9   Thumb Code    32  gd32e50x_usart.o(.text.usart_enable)
    usart_interrupt_enable                   0x08002409   Thumb Code    22  gd32e50x_usart.o(.text.usart_interrupt_enable)
    usart_interrupt_flag_get                 0x08002421   Thumb Code    32  gd32e50x_usart.o(.text.usart_interrupt_flag_get)
    usart_receive_config                     0x08002441   Thumb Code    36  gd32e50x_usart.o(.text.usart_receive_config)
    usart_transmit_config                    0x08002465   Thumb Code    36  gd32e50x_usart.o(.text.usart_transmit_config)
    usbd_ep_send                             0x08002489   Thumb Code    60  usbd_core.o(.text.usbd_ep_send)
    usbd_isr                                 0x080024c5   Thumb Code   494  usbd_lld_int.o(.text.usbd_isr)
    _fp_init                                 0x080026b3   Thumb Code    26  fpinit.o(x$fpl$fpinit)
    __fplib_config_fpu_vfp                   0x080026cb   Thumb Code     0  fpinit.o(x$fpl$fpinit)
    __fplib_config_pureend_doubles           0x080026cb   Thumb Code     0  fpinit.o(x$fpl$fpinit)
    Region$$Table$$Base                      0x080026d4   Number         0  anon$$obj.o(Region$$Table)
    Region$$Table$$Limit                     0x080026f4   Number         0  anon$$obj.o(Region$$Table)
    SystemCoreClock                          0x20000004   Data           4  system_gd32e50x.o(.data.SystemCoreClock)
    default_adc_moment_in                    0x20000008   Data           2  adc_egurm.o(.data.default_adc_moment_in)
    default_adc_moment_out                   0x2000000a   Data           2  adc_egurm.o(.data.default_adc_moment_out)
    __libspace_start                         0x20000010   Data          96  libspace.o(.bss)
    __temporary_stack_top$libspace           0x20000070   Data           0  libspace.o(.bss)
    adc_buffer                               0x2000008e   Data           8  adc_egurm.o(.bss.adc_buffer)
    akip_code_error                          0x20000096   Data           1  usart_akip_1148a.o(.bss.akip_code_error)
    akip_rx_buffer                           0x20000097   Data          30  usart_akip_1148a.o(.bss.akip_rx_buffer)
    akip_tx_buffer                           0x200000b8   Data          30  usart_akip_1148a.o(.bss.akip_tx_buffer)
    can1_receive_flag                        0x200000d6   Data           1  can_egurm.o(.bss.can1_receive_flag)
    clock_freq                               0x200000d8   Data          20  main.o(.bss.clock_freq)
    current                                  0x200000ec   Data           2  main.o(.bss.current)
    flag_set_curr                            0x200000f4   Data           1  main.o(.bss.flag_set_curr)
    flag_set_volt                            0x200000f5   Data           1  main.o(.bss.flag_set_volt)
    g_receive_message                        0x200000f8   Data          20  can_egurm.o(.bss.g_receive_message)
    g_transmit_message                       0x2000010c   Data          20  can_egurm.o(.bss.g_transmit_message)
    n_m_in                                   0x20000120   Data           2  main.o(.bss.n_m_in)
    n_m_out                                  0x20000122   Data           2  main.o(.bss.n_m_out)
    number_command                           0x20000124   Data           1  usart_akip_1148a.o(.bss.number_command)
    set_current                              0x20000126   Data           2  usart_akip_1148a.o(.bss.set_current)
    set_delta_volt                           0x20000128   Data           1  usart_akip_1148a.o(.bss.set_delta_volt)
    set_mode_akip                            0x20000129   Data           1  usart_akip_1148a.o(.bss.set_mode_akip)
    set_voltage                              0x2000012a   Data           2  usart_akip_1148a.o(.bss.set_voltage)
    setting_current                          0x2000012c   Data           2  main.o(.bss.setting_current)
    setting_voltage                          0x2000012e   Data           2  main.o(.bss.setting_voltage)
    speed_can                                0x20000130   Data           1  main.o(.bss.speed_can)
    usbd_core                                0x20000134   Data           8  usbd_lld_core.o(.bss.usbd_core)
    usbd_int_fops                            0x2000013c   Data           4  usbd_core.o(.bss.usbd_int_fops)
    valAdcParam                              0x20000140   Data           8  adc_egurm.o(.bss.valAdcParam)
    voltage                                  0x20000148   Data           2  main.o(.bss.voltage)



==============================================================================

Memory Map of the image

  Image Entry point : 0x080001a1

  Load Region LR_IROM1 (Base: 0x08000000, Size: 0x00002708, Max: 0x00080000, ABSOLUTE)

    Execution Region ER_IROM1 (Exec base: 0x08000000, Load base: 0x08000000, Size: 0x000026f4, Max: 0x00080000, ABSOLUTE)

    Exec Addr    Load Addr    Size         Type   Attr      Idx    E Section Name        Object

    0x08000000   0x08000000   0x000001a0   Data   RO          279    RESET               startup_gd32e50x_hd.o
    0x080001a0   0x080001a0   0x00000008   Code   RO         2324  * !!!main             c_w.l(__main.o)
    0x080001a8   0x080001a8   0x00000034   Code   RO         2498    !!!scatter          c_w.l(__scatter.o)
    0x080001dc   0x080001dc   0x0000001a   Code   RO         2500    !!handler_copy      c_w.l(__scatter_copy.o)
    0x080001f6   0x080001f6   0x00000002   PAD
    0x080001f8   0x080001f8   0x0000001c   Code   RO         2502    !!handler_zi        c_w.l(__scatter_zi.o)
    0x08000214   0x08000214   0x00000000   Code   RO         2319    .ARM.Collect$$_printf_percent$$00000000  c_w.l(_printf_percent.o)
    0x08000214   0x08000214   0x00000006   Code   RO         2318    .ARM.Collect$$_printf_percent$$00000009  c_w.l(_printf_d.o)
    0x0800021a   0x0800021a   0x00000004   Code   RO         2333    .ARM.Collect$$_printf_percent$$00000017  c_w.l(_printf_percent_end.o)
    0x0800021e   0x0800021e   0x00000002   Code   RO         2360    .ARM.Collect$$libinit$$00000000  c_w.l(libinit.o)
    0x08000220   0x08000220   0x00000004   Code   RO         2366    .ARM.Collect$$libinit$$00000001  c_w.l(libinit2.o)
    0x08000224   0x08000224   0x00000000   Code   RO         2369    .ARM.Collect$$libinit$$00000004  c_w.l(libinit2.o)
    0x08000224   0x08000224   0x00000000   Code   RO         2371    .ARM.Collect$$libinit$$00000006  c_w.l(libinit2.o)
    0x08000224   0x08000224   0x00000000   Code   RO         2374    .ARM.Collect$$libinit$$0000000C  c_w.l(libinit2.o)
    0x08000224   0x08000224   0x00000000   Code   RO         2376    .ARM.Collect$$libinit$$0000000E  c_w.l(libinit2.o)
    0x08000224   0x08000224   0x00000000   Code   RO         2378    .ARM.Collect$$libinit$$00000010  c_w.l(libinit2.o)
    0x08000224   0x08000224   0x00000000   Code   RO         2381    .ARM.Collect$$libinit$$00000013  c_w.l(libinit2.o)
    0x08000224   0x08000224   0x00000000   Code   RO         2383    .ARM.Collect$$libinit$$00000015  c_w.l(libinit2.o)
    0x08000224   0x08000224   0x00000000   Code   RO         2385    .ARM.Collect$$libinit$$00000017  c_w.l(libinit2.o)
    0x08000224   0x08000224   0x00000000   Code   RO         2387    .ARM.Collect$$libinit$$00000019  c_w.l(libinit2.o)
    0x08000224   0x08000224   0x00000000   Code   RO         2389    .ARM.Collect$$libinit$$0000001B  c_w.l(libinit2.o)
    0x08000224   0x08000224   0x00000000   Code   RO         2391    .ARM.Collect$$libinit$$0000001D  c_w.l(libinit2.o)
    0x08000224   0x08000224   0x00000000   Code   RO         2393    .ARM.Collect$$libinit$$0000001F  c_w.l(libinit2.o)
    0x08000224   0x08000224   0x00000000   Code   RO         2395    .ARM.Collect$$libinit$$00000021  c_w.l(libinit2.o)
    0x08000224   0x08000224   0x00000000   Code   RO         2397    .ARM.Collect$$libinit$$00000023  c_w.l(libinit2.o)
    0x08000224   0x08000224   0x00000000   Code   RO         2399    .ARM.Collect$$libinit$$00000025  c_w.l(libinit2.o)
    0x08000224   0x08000224   0x00000000   Code   RO         2401    .ARM.Collect$$libinit$$00000027  c_w.l(libinit2.o)
    0x08000224   0x08000224   0x00000000   Code   RO         2405    .ARM.Collect$$libinit$$0000002E  c_w.l(libinit2.o)
    0x08000224   0x08000224   0x00000000   Code   RO         2407    .ARM.Collect$$libinit$$00000030  c_w.l(libinit2.o)
    0x08000224   0x08000224   0x00000000   Code   RO         2409    .ARM.Collect$$libinit$$00000032  c_w.l(libinit2.o)
    0x08000224   0x08000224   0x00000000   Code   RO         2411    .ARM.Collect$$libinit$$00000034  c_w.l(libinit2.o)
    0x08000224   0x08000224   0x00000002   Code   RO         2412    .ARM.Collect$$libinit$$00000035  c_w.l(libinit2.o)
    0x08000226   0x08000226   0x00000002   Code   RO         2434    .ARM.Collect$$libshutdown$$00000000  c_w.l(libshutdown.o)
    0x08000228   0x08000228   0x00000000   Code   RO         2449    .ARM.Collect$$libshutdown$$00000002  c_w.l(libshutdown2.o)
    0x08000228   0x08000228   0x00000000   Code   RO         2451    .ARM.Collect$$libshutdown$$00000004  c_w.l(libshutdown2.o)
    0x08000228   0x08000228   0x00000000   Code   RO         2454    .ARM.Collect$$libshutdown$$00000007  c_w.l(libshutdown2.o)
    0x08000228   0x08000228   0x00000000   Code   RO         2457    .ARM.Collect$$libshutdown$$0000000A  c_w.l(libshutdown2.o)
    0x08000228   0x08000228   0x00000000   Code   RO         2459    .ARM.Collect$$libshutdown$$0000000C  c_w.l(libshutdown2.o)
    0x08000228   0x08000228   0x00000000   Code   RO         2462    .ARM.Collect$$libshutdown$$0000000F  c_w.l(libshutdown2.o)
    0x08000228   0x08000228   0x00000002   Code   RO         2463    .ARM.Collect$$libshutdown$$00000010  c_w.l(libshutdown2.o)
    0x0800022a   0x0800022a   0x00000000   Code   RO         2326    .ARM.Collect$$rtentry$$00000000  c_w.l(__rtentry.o)
    0x0800022a   0x0800022a   0x00000000   Code   RO         2335    .ARM.Collect$$rtentry$$00000002  c_w.l(__rtentry2.o)
    0x0800022a   0x0800022a   0x00000006   Code   RO         2347    .ARM.Collect$$rtentry$$00000004  c_w.l(__rtentry4.o)
    0x08000230   0x08000230   0x00000000   Code   RO         2337    .ARM.Collect$$rtentry$$00000009  c_w.l(__rtentry2.o)
    0x08000230   0x08000230   0x00000004   Code   RO         2338    .ARM.Collect$$rtentry$$0000000A  c_w.l(__rtentry2.o)
    0x08000234   0x08000234   0x00000000   Code   RO         2340    .ARM.Collect$$rtentry$$0000000C  c_w.l(__rtentry2.o)
    0x08000234   0x08000234   0x00000008   Code   RO         2341    .ARM.Collect$$rtentry$$0000000D  c_w.l(__rtentry2.o)
    0x0800023c   0x0800023c   0x00000002   Code   RO         2364    .ARM.Collect$$rtexit$$00000000  c_w.l(rtexit.o)
    0x0800023e   0x0800023e   0x00000000   Code   RO         2414    .ARM.Collect$$rtexit$$00000002  c_w.l(rtexit2.o)
    0x0800023e   0x0800023e   0x00000004   Code   RO         2415    .ARM.Collect$$rtexit$$00000003  c_w.l(rtexit2.o)
    0x08000242   0x08000242   0x00000006   Code   RO         2416    .ARM.Collect$$rtexit$$00000004  c_w.l(rtexit2.o)
    0x08000248   0x08000248   0x00000040   Code   RO          280    .text               startup_gd32e50x_hd.o
    0x08000288   0x08000288   0x00000028   Code   RO         2292    .text               c_w.l(noretval__2sprintf.o)
    0x080002b0   0x080002b0   0x00000068   Code   RO         2294    .text               c_w.l(__printf.o)
    0x08000318   0x08000318   0x00000078   Code   RO         2296    .text               c_w.l(_printf_dec.o)
    0x08000390   0x08000390   0x00000006   Code   RO         2322    .text               c_w.l(heapauxi.o)
    0x08000396   0x08000396   0x000000b2   Code   RO         2327    .text               c_w.l(_printf_intcommon.o)
    0x08000448   0x08000448   0x00000030   Code   RO         2329    .text               c_w.l(_printf_char_common.o)
    0x08000478   0x08000478   0x0000000a   Code   RO         2331    .text               c_w.l(_sputc.o)
    0x08000482   0x08000482   0x0000004a   Code   RO         2351    .text               c_w.l(sys_stackheap_outer.o)
    0x080004cc   0x080004cc   0x00000012   Code   RO         2353    .text               c_w.l(exit.o)
    0x080004de   0x080004de   0x00000002   PAD
    0x080004e0   0x080004e0   0x00000008   Code   RO         2361    .text               c_w.l(libspace.o)
    0x080004e8   0x080004e8   0x0000000c   Code   RO         2424    .text               c_w.l(sys_exit.o)
    0x080004f4   0x080004f4   0x00000002   Code   RO         2439    .text               c_w.l(use_no_semi.o)
    0x080004f6   0x080004f6   0x00000000   Code   RO         2441    .text               c_w.l(indicate_semi.o)
    0x080004f6   0x080004f6   0x00000002   PAD
    0x080004f8   0x080004f8   0x000000a2   Code   RO          217    .text.AdcConfig     adc_init_egurm.o
    0x0800059a   0x0800059a   0x00000002   PAD
    0x0800059c   0x0800059c   0x000000c6   Code   RO          209    .text.AdcEgurnInit  adc_init_egurm.o
    0x08000662   0x08000662   0x00000002   PAD
    0x08000664   0x08000664   0x00000074   Code   RO           95    .text.AverageValueAdcMoment  adc_egurm.o
    0x080006d8   0x080006d8   0x00000074   Code   RO          101    .text.AverageValueAdcVoltAmper  adc_egurm.o
    0x0800074c   0x0800074c   0x00000002   Code   RO            8    .text.BusFault_Handler  gd32e50x_it.o
    0x0800074e   0x0800074e   0x00000002   PAD
    0x08000750   0x08000750   0x00000026   Code   RO           24    .text.CAN1_RX0_IRQHandler  gd32e50x_it.o
    0x08000776   0x08000776   0x00000002   PAD
    0x08000778   0x08000778   0x00000026   Code   RO           26    .text.CAN1_RX1_IRQHandler  gd32e50x_it.o
    0x0800079e   0x0800079e   0x00000002   PAD
    0x080007a0   0x080007a0   0x00000096   Code   RO          191    .text.CanConfig     can_init_egurm.o
    0x08000836   0x08000836   0x00000002   PAD
    0x08000838   0x08000838   0x00000032   Code   RO          125    .text.CanTransmit   can_egurm.o
    0x0800086a   0x0800086a   0x00000002   PAD
    0x0800086c   0x0800086c   0x00000026   Code   RO           32    .text.DMA0_Channel1_IRQHandler  gd32e50x_it.o
    0x08000892   0x08000892   0x00000002   PAD
    0x08000894   0x08000894   0x0000004a   Code   RO           34    .text.DMA0_Channel2_IRQHandler  gd32e50x_it.o
    0x080008de   0x080008de   0x00000002   PAD
    0x080008e0   0x080008e0   0x00000002   Code   RO           14    .text.DebugMon_Handler  gd32e50x_it.o
    0x080008e2   0x080008e2   0x00000002   PAD
    0x080008e4   0x080008e4   0x00000002   Code   RO           36    .text.EXTI0_IRQHandler  gd32e50x_it.o
    0x080008e6   0x080008e6   0x00000002   PAD
    0x080008e8   0x080008e8   0x00000002   Code   RO           38    .text.EXTI10_15_IRQHandler  gd32e50x_it.o
    0x080008ea   0x080008ea   0x00000002   PAD
    0x080008ec   0x080008ec   0x0000000a   Code   RO          157    .text.GetAkipTxBuff  usart_akip_1148a.o
    0x080008f6   0x080008f6   0x00000002   PAD
    0x080008f8   0x080008f8   0x00000030   Code   RO           99    .text.GetCurrent    adc_egurm.o
    0x08000928   0x08000928   0x00000034   Code   RO           91    .text.GetMomentIn   adc_egurm.o
    0x0800095c   0x0800095c   0x00000034   Code   RO           93    .text.GetMomentOut  adc_egurm.o
    0x08000990   0x08000990   0x00000028   Code   RO           97    .text.GetVoltage    adc_egurm.o
    0x080009b8   0x080009b8   0x00000002   Code   RO            4    .text.HardFault_Handler  gd32e50x_it.o
    0x080009ba   0x080009ba   0x00000002   PAD
    0x080009bc   0x080009bc   0x0000005a   Code   RO          254    .text.InitTimerTo100us  timers_10_and_100_us_init.o
    0x08000a16   0x08000a16   0x00000002   PAD
    0x08000a18   0x08000a18   0x00000058   Code   RO          252    .text.InitTimerTo10us  timers_10_and_100_us_init.o
    0x08000a70   0x08000a70   0x00000002   Code   RO            6    .text.MemManage_Handler  gd32e50x_it.o
    0x08000a72   0x08000a72   0x00000002   PAD
    0x08000a74   0x08000a74   0x00000002   Code   RO            2    .text.NMI_Handler   gd32e50x_it.o
    0x08000a76   0x08000a76   0x00000002   PAD
    0x08000a78   0x08000a78   0x00000002   Code   RO           16    .text.PendSV_Handler  gd32e50x_it.o
    0x08000a7a   0x08000a7a   0x00000002   PAD
    0x08000a7c   0x08000a7c   0x00000004   Code   RO          140    .text.Period100us   timers_10_and_100_us.o
    0x08000a80   0x08000a80   0x00000004   Code   RO          138    .text.Period10us    timers_10_and_100_us.o
    0x08000a84   0x08000a84   0x0000001e   Code   RO          159    .text.Period1MsForAkip  usart_akip_1148a.o
    0x08000aa2   0x08000aa2   0x00000002   PAD
    0x08000aa4   0x08000aa4   0x00000004   Code   RO          142    .text.Period1ms     timers_10_and_100_us.o
    0x08000aa8   0x08000aa8   0x00000002   Code   RO           12    .text.SVC_Handler   gd32e50x_it.o
    0x08000aaa   0x08000aaa   0x00000002   PAD
    0x08000aac   0x08000aac   0x000000b0   Code   RO          163    .text.SetCurrentAkip  usart_akip_1148a.o
    0x08000b5c   0x08000b5c   0x0000003e   Code   RO          169    .text.SetCurrentEgurm  usart_akip_1148a.o
    0x08000b9a   0x08000b9a   0x00000002   PAD
    0x08000b9c   0x08000b9c   0x00000032   Code   RO           89    .text.SetDefaultSenseMoment  adc_egurm.o
    0x08000bce   0x08000bce   0x00000002   PAD
    0x08000bd0   0x08000bd0   0x0000013a   Code   RO          161    .text.SetParametr   usart_akip_1148a.o
    0x08000d0a   0x08000d0a   0x00000002   PAD
    0x08000d0c   0x08000d0c   0x00000120   Code   RO          165    .text.SetVoltageAkip  usart_akip_1148a.o
    0x08000e2c   0x08000e2c   0x00000034   Code   RO          167    .text.SetVoltageEgurm  usart_akip_1148a.o
    0x08000e60   0x08000e60   0x0000000e   Code   RO           18    .text.SysTick_Handler  gd32e50x_it.o
    0x08000e6e   0x08000e6e   0x00000002   PAD
    0x08000e70   0x08000e70   0x000001c8   Code   RO          302    .text.SystemInit    system_gd32e50x.o
    0x08001038   0x08001038   0x00000028   Code   RO           28    .text.TIMER5_DAC_IRQHandler  gd32e50x_it.o
    0x08001060   0x08001060   0x00000028   Code   RO           30    .text.TIMER6_IRQHandler  gd32e50x_it.o
    0x08001088   0x08001088   0x0000008e   Code   RO          171    .text.USART2_IRQHandler  usart_akip_1148a.o
    0x08001116   0x08001116   0x00000002   PAD
    0x08001118   0x08001118   0x00000004   Code   RO           20    .text.USBD_LP_CAN0_RX0_IRQHandler  gd32e50x_it.o
    0x0800111c   0x0800111c   0x00000002   Code   RO           10    .text.UsageFault_Handler  gd32e50x_it.o
    0x0800111e   0x0800111e   0x00000002   PAD
    0x08001120   0x08001120   0x00000162   Code   RO          263    .text.UsartAkip1148aInit  usart_akip_1148a_init.o
    0x08001282   0x08001282   0x00000002   PAD
    0x08001284   0x08001284   0x00000020   Code   RO          321    .text.adc_calibration_enable  gd32e50x_adc.o
    0x080012a4   0x080012a4   0x0000003a   Code   RO          341    .text.adc_channel_length_config  gd32e50x_adc.o
    0x080012de   0x080012de   0x00000002   PAD
    0x080012e0   0x080012e0   0x00000012   Code   RO          339    .text.adc_data_alignment_config  gd32e50x_adc.o
    0x080012f2   0x080012f2   0x00000002   PAD
    0x080012f4   0x080012f4   0x0000000a   Code   RO          325    .text.adc_dma_mode_enable  gd32e50x_adc.o
    0x080012fe   0x080012fe   0x00000002   PAD
    0x08001300   0x08001300   0x00000012   Code   RO          317    .text.adc_enable    gd32e50x_adc.o
    0x08001312   0x08001312   0x00000002   PAD
    0x08001314   0x08001314   0x00000040   Code   RO          351    .text.adc_external_trigger_config  gd32e50x_adc.o
    0x08001354   0x08001354   0x0000002a   Code   RO          353    .text.adc_external_trigger_source_config  gd32e50x_adc.o
    0x0800137e   0x0800137e   0x00000002   PAD
    0x08001380   0x08001380   0x00000018   Code   RO          335    .text.adc_mode_config  gd32e50x_adc.o
    0x08001398   0x08001398   0x00000074   Code   RO          343    .text.adc_regular_channel_config  gd32e50x_adc.o
    0x0800140c   0x0800140c   0x0000001c   Code   RO          355    .text.adc_software_trigger_enable  gd32e50x_adc.o
    0x08001428   0x08001428   0x0000005c   Code   RO          337    .text.adc_special_function_config  gd32e50x_adc.o
    0x08001484   0x08001484   0x00000036   Code   RO          459    .text.can_deinit    gd32e50x_can.o
    0x080014ba   0x080014ba   0x00000002   PAD
    0x080014bc   0x080014bc   0x000000e2   Code   RO          465    .text.can_filter_init  gd32e50x_can.o
    0x0800159e   0x0800159e   0x00000002   PAD
    0x080015a0   0x080015a0   0x000000e2   Code   RO          463    .text.can_init      gd32e50x_can.o
    0x08001682   0x08001682   0x00000002   PAD
    0x08001684   0x08001684   0x00000008   Code   RO          503    .text.can_interrupt_enable  gd32e50x_can.o
    0x0800168c   0x0800168c   0x000000a6   Code   RO          487    .text.can_message_receive  gd32e50x_can.o
    0x08001732   0x08001732   0x00000002   PAD
    0x08001734   0x08001734   0x000000a8   Code   RO          481    .text.can_message_transmit  gd32e50x_can.o
    0x080017dc   0x080017dc   0x0000005e   Code   RO          461    .text.can_struct_para_init  gd32e50x_can.o
    0x0800183a   0x0800183a   0x00000002   PAD
    0x0800183c   0x0800183c   0x00000014   Code   RO          289    .text.delay_1ms     systick.o
    0x08001850   0x08001850   0x00000018   Code   RO          291    .text.delay_decrement  systick.o
    0x08001868   0x08001868   0x00000024   Code   RO          725    .text.dma_channel_disable  gd32e50x_dma.o
    0x0800188c   0x0800188c   0x00000024   Code   RO          723    .text.dma_channel_enable  gd32e50x_dma.o
    0x080018b0   0x080018b0   0x00000024   Code   RO          717    .text.dma_circulation_disable  gd32e50x_dma.o
    0x080018d4   0x080018d4   0x00000024   Code   RO          715    .text.dma_circulation_enable  gd32e50x_dma.o
    0x080018f8   0x080018f8   0x0000003c   Code   RO          709    .text.dma_deinit    gd32e50x_dma.o
    0x08001934   0x08001934   0x00000020   Code   RO          753    .text.dma_flag_clear  gd32e50x_dma.o
    0x08001954   0x08001954   0x0000007c   Code   RO          713    .text.dma_init      gd32e50x_dma.o
    0x080019d0   0x080019d0   0x00000022   Code   RO          755    .text.dma_interrupt_enable  gd32e50x_dma.o
    0x080019f2   0x080019f2   0x00000002   PAD
    0x080019f4   0x080019f4   0x00000020   Code   RO          761    .text.dma_interrupt_flag_clear  gd32e50x_dma.o
    0x08001a14   0x08001a14   0x0000004e   Code   RO          759    .text.dma_interrupt_flag_get  gd32e50x_dma.o
    0x08001a62   0x08001a62   0x00000002   PAD
    0x08001a64   0x08001a64   0x0000001e   Code   RO          729    .text.dma_memory_address_config  gd32e50x_dma.o
    0x08001a82   0x08001a82   0x00000002   PAD
    0x08001a84   0x08001a84   0x00000024   Code   RO          721    .text.dma_memory_to_memory_disable  gd32e50x_dma.o
    0x08001aa8   0x08001aa8   0x0000001a   Code   RO          711    .text.dma_struct_para_init  gd32e50x_dma.o
    0x08001ac2   0x08001ac2   0x00000002   PAD
    0x08001ac4   0x08001ac4   0x00000020   Code   RO          731    .text.dma_transfer_number_config  gd32e50x_dma.o
    0x08001ae4   0x08001ae4   0x00000004   Code   RO          962    .text.gpio_bit_reset  gd32e50x_gpio.o
    0x08001ae8   0x08001ae8   0x000000b6   Code   RO          958    .text.gpio_init     gd32e50x_gpio.o
    0x08001b9e   0x08001b9e   0x00000002   PAD
    0x08001ba0   0x08001ba0   0x00000004   Code   RO          966    .text.gpio_port_write  gd32e50x_gpio.o
    0x08001ba4   0x08001ba4   0x00000130   Code   RO           49    .text.main          main.o
    0x08001cd4   0x08001cd4   0x000000aa   Code   RO         1200    .text.nvic_irq_enable  gd32e50x_misc.o
    0x08001d7e   0x08001d7e   0x00000002   PAD
    0x08001d80   0x08001d80   0x0000001c   Code   RO         1208    .text.nvic_vector_table_set  gd32e50x_misc.o
    0x08001d9c   0x08001d9c   0x0000000a   Code   RO           87    .text.pGetAdcValue  adc_egurm.o
    0x08001da6   0x08001da6   0x00000002   PAD
    0x08001da8   0x08001da8   0x00000072   Code   RO         1310    .text.rcu_adc_clock_config  gd32e50x_rcu.o
    0x08001e1a   0x08001e1a   0x00000002   PAD
    0x08001e1c   0x08001e1c   0x00000108   Code   RO         1346    .text.rcu_clock_freq_get  gd32e50x_rcu.o
    0x08001f24   0x08001f24   0x0000001e   Code   RO         1276    .text.rcu_periph_clock_enable  gd32e50x_rcu.o
    0x08001f42   0x08001f42   0x00000002   PAD
    0x08001f44   0x08001f44   0x00000020   Code   RO         1286    .text.rcu_periph_reset_disable  gd32e50x_rcu.o
    0x08001f64   0x08001f64   0x0000001e   Code   RO         1284    .text.rcu_periph_reset_enable  gd32e50x_rcu.o
    0x08001f82   0x08001f82   0x00000002   PAD
    0x08001f84   0x08001f84   0x00000048   Code   RO          287    .text.systick_config  systick.o
    0x08001fcc   0x08001fcc   0x00000148   Code   RO         1779    .text.timer_deinit  gd32e50x_timer.o
    0x08002114   0x08002114   0x0000000a   Code   RO         1785    .text.timer_enable  gd32e50x_timer.o
    0x0800211e   0x0800211e   0x00000002   PAD
    0x08002120   0x08002120   0x000000c2   Code   RO         1783    .text.timer_init    gd32e50x_timer.o
    0x080021e2   0x080021e2   0x00000002   PAD
    0x080021e4   0x080021e4   0x00000008   Code   RO         1913    .text.timer_interrupt_enable  gd32e50x_timer.o
    0x080021ec   0x080021ec   0x00000006   Code   RO         1919    .text.timer_interrupt_flag_clear  gd32e50x_timer.o
    0x080021f2   0x080021f2   0x00000002   PAD
    0x080021f4   0x080021f4   0x00000016   Code   RO         1917    .text.timer_interrupt_flag_get  gd32e50x_timer.o
    0x0800220a   0x0800220a   0x00000002   PAD
    0x0800220c   0x0800220c   0x00000012   Code   RO         1781    .text.timer_struct_para_init  gd32e50x_timer.o
    0x0800221e   0x0800221e   0x00000002   PAD
    0x08002220   0x08002220   0x000000ce   Code   RO         1932    .text.usart_baudrate_set  gd32e50x_usart.o
    0x080022ee   0x080022ee   0x00000002   PAD
    0x080022f0   0x080022f0   0x0000001a   Code   RO         1960    .text.usart_data_receive  gd32e50x_usart.o
    0x0800230a   0x0800230a   0x00000002   PAD
    0x0800230c   0x0800230c   0x0000008c   Code   RO         1930    .text.usart_deinit  gd32e50x_usart.o
    0x08002398   0x08002398   0x00000028   Code   RO         2006    .text.usart_dma_receive_config  gd32e50x_usart.o
    0x080023c0   0x080023c0   0x00000028   Code   RO         2008    .text.usart_dma_transmit_config  gd32e50x_usart.o
    0x080023e8   0x080023e8   0x00000020   Code   RO         1940    .text.usart_enable  gd32e50x_usart.o
    0x08002408   0x08002408   0x00000016   Code   RO         2034    .text.usart_interrupt_enable  gd32e50x_usart.o
    0x0800241e   0x0800241e   0x00000002   PAD
    0x08002420   0x08002420   0x00000020   Code   RO         2038    .text.usart_interrupt_flag_get  gd32e50x_usart.o
    0x08002440   0x08002440   0x00000024   Code   RO         1946    .text.usart_receive_config  gd32e50x_usart.o
    0x08002464   0x08002464   0x00000024   Code   RO         1944    .text.usart_transmit_config  gd32e50x_usart.o
    0x08002488   0x08002488   0x0000003c   Code   RO         2156    .text.usbd_ep_send  usbd_core.o
    0x080024c4   0x080024c4   0x000001ee   Code   RO         2279    .text.usbd_isr      usbd_lld_int.o
    0x080026b2   0x080026b2   0x0000001a   Code   RO         2422    x$fpl$fpinit        fz_wm.l(fpinit.o)
    0x080026cc   0x080026cc   0x00000008   Data   RO         1358    .rodata.cst8        gd32e50x_rcu.o
    0x080026d4   0x080026d4   0x00000020   Data   RO         2497    Region$$Table       anon$$obj.o


    Execution Region RW_IRAM1 (Exec base: 0x20000000, Load base: 0x080026f8, Size: 0x00000950, Max: 0x00020000, ABSOLUTE)

    Exec Addr    Load Addr    Size         Type   Attr      Idx    E Section Name        Object

    0x20000000   0x080026f8   0x00000002   Data   RW          180    .data.Period1MsForAkip.peiod_ms  usart_akip_1148a.o
    0x20000002   0x080026fa   0x00000002   PAD
    0x20000004   0x080026fc   0x00000004   Data   RW          306    .data.SystemCoreClock  system_gd32e50x.o
    0x20000008   0x08002700   0x00000002   Data   RW          103    .data.default_adc_moment_in  adc_egurm.o
    0x2000000a   0x08002702   0x00000002   Data   RW          104    .data.default_adc_moment_out  adc_egurm.o
    0x2000000c   0x08002704   0x00000004   PAD
    0x20000010        -       0x00000060   Zero   RW         2362    .bss                c_w.l(libspace.o)
    0x20000070        -       0x00000008   Zero   RW          107    .bss.AverageValueAdcMoment.aver_adc_buff  adc_egurm.o
    0x20000078        -       0x00000001   Zero   RW          108    .bss.AverageValueAdcMoment.count  adc_egurm.o
    0x20000079   0x08002704   0x00000003   PAD
    0x2000007c        -       0x00000010   Zero   RW          109    .bss.AverageValueAdcVoltAmper.aver_adc_buff  adc_egurm.o
    0x2000008c        -       0x00000001   Zero   RW          110    .bss.AverageValueAdcVoltAmper.count  adc_egurm.o
    0x2000008d   0x08002704   0x00000001   PAD
    0x2000008e        -       0x00000008   Zero   RW          105    .bss.adc_buffer     adc_egurm.o
    0x20000096        -       0x00000001   Zero   RW          173    .bss.akip_code_error  usart_akip_1148a.o
    0x20000097        -       0x0000001e   Zero   RW          182    .bss.akip_rx_buffer  usart_akip_1148a.o
    0x200000b5   0x08002704   0x00000003   PAD
    0x200000b8        -       0x0000001e   Zero   RW          179    .bss.akip_tx_buffer  usart_akip_1148a.o
    0x200000d6        -       0x00000001   Zero   RW          129    .bss.can1_receive_flag  can_egurm.o
    0x200000d7   0x08002704   0x00000001   PAD
    0x200000d8        -       0x00000014   Zero   RW           53    .bss.clock_freq     main.o
    0x200000ec        -       0x00000002   Zero   RW           58    .bss.current        main.o
    0x200000ee   0x08002704   0x00000002   PAD
    0x200000f0        -       0x00000004   Zero   RW          293    .bss.delay          systick.o
    0x200000f4        -       0x00000001   Zero   RW           62    .bss.flag_set_curr  main.o
    0x200000f5        -       0x00000001   Zero   RW           61    .bss.flag_set_volt  main.o
    0x200000f6   0x08002704   0x00000002   PAD
    0x200000f8        -       0x00000014   Zero   RW          128    .bss.g_receive_message  can_egurm.o
    0x2000010c        -       0x00000014   Zero   RW          127    .bss.g_transmit_message  can_egurm.o
    0x20000120        -       0x00000002   Zero   RW           55    .bss.n_m_in         main.o
    0x20000122        -       0x00000002   Zero   RW           56    .bss.n_m_out        main.o
    0x20000124        -       0x00000001   Zero   RW          177    .bss.number_command  usart_akip_1148a.o
    0x20000125   0x08002704   0x00000001   PAD
    0x20000126        -       0x00000002   Zero   RW          175    .bss.set_current    usart_akip_1148a.o
    0x20000128        -       0x00000001   Zero   RW          176    .bss.set_delta_volt  usart_akip_1148a.o
    0x20000129        -       0x00000001   Zero   RW          178    .bss.set_mode_akip  usart_akip_1148a.o
    0x2000012a        -       0x00000002   Zero   RW          174    .bss.set_voltage    usart_akip_1148a.o
    0x2000012c        -       0x00000002   Zero   RW           60    .bss.setting_current  main.o
    0x2000012e        -       0x00000002   Zero   RW           59    .bss.setting_voltage  main.o
    0x20000130        -       0x00000001   Zero   RW           54    .bss.speed_can      main.o
    0x20000131   0x08002704   0x00000003   PAD
    0x20000134        -       0x00000008   Zero   RW         2268    .bss.usbd_core      usbd_lld_core.o
    0x2000013c        -       0x00000004   Zero   RW         2158    .bss.usbd_int_fops  usbd_core.o
    0x20000140        -       0x00000008   Zero   RW          106    .bss.valAdcParam    adc_egurm.o
    0x20000148        -       0x00000002   Zero   RW           57    .bss.voltage        main.o
    0x2000014a   0x08002704   0x00000006   PAD
    0x20000150        -       0x00000400   Zero   RW          278    HEAP                startup_gd32e50x_hd.o
    0x20000550        -       0x00000400   Zero   RW          277    STACK               startup_gd32e50x_hd.o


==============================================================================

Image component sizes


      Code (inc. data)   RO Data    RW Data    ZI Data      Debug   Object Name

       484          0          0          4         42       2381   adc_egurm.o
       360          0          0          0          0       3007   adc_init_egurm.o
        50          0          0          0         41       1733   can_egurm.o
       150          0          0          0          0       6299   can_init_egurm.o
       502          0          0          0          0      11417   gd32e50x_adc.o
       942          6          0          0          0      15676   gd32e50x_can.o
       628          0          0          0          0       7909   gd32e50x_dma.o
       190          0          0          0          0       6582   gd32e50x_gpio.o
       306          0          0          0          0       3038   gd32e50x_it.o
       198          0          0          0          0       6305   gd32e50x_misc.o
       470         22          8          0          0      14826   gd32e50x_rcu.o
       586          0          0          0          0      20819   gd32e50x_timer.o
       610          0          0          0          0      21671   gd32e50x_usart.o
       304          0          0          0         35       2817   main.o
        64         26        416          0       2048        920   startup_gd32e50x_hd.o
       456          0          0          4          0       3197   system_gd32e50x.o
       116          0          0          0          4       4847   systick.o
        12          0          0          0          0        909   timers_10_and_100_us.o
       178          0          0          0          0       4315   timers_10_and_100_us_init.o
      1074         80          0          2         68       4546   usart_akip_1148a.o
       354          0          0          0          0       5091   usart_akip_1148a_init.o
        60          0          0          0          4       5121   usbd_core.o
         0          0          0          0          8       8501   usbd_lld_core.o
       494          0          0          0          0       5614   usbd_lld_int.o

    ----------------------------------------------------------------------
      8698        134        456         12       2276     167541   Object Totals
         0          0         32          0          0          0   (incl. Generated)
       110          0          0          2         26          0   (incl. Padding)

    ----------------------------------------------------------------------

      Code (inc. data)   RO Data    RW Data    ZI Data      Debug   Library Member Name

         8          0          0          0          0         68   __main.o
       104          0          0          0          0         84   __printf.o
         0          0          0          0          0          0   __rtentry.o
        12          0          0          0          0          0   __rtentry2.o
         6          0          0          0          0          0   __rtentry4.o
        52          8          0          0          0          0   __scatter.o
        26          0          0          0          0          0   __scatter_copy.o
        28          0          0          0          0          0   __scatter_zi.o
        48          6          0          0          0         96   _printf_char_common.o
         6          0          0          0          0          0   _printf_d.o
       120         16          0          0          0         92   _printf_dec.o
       178          0          0          0          0         88   _printf_intcommon.o
         0          0          0          0          0          0   _printf_percent.o
         4          0          0          0          0          0   _printf_percent_end.o
        10          0          0          0          0         68   _sputc.o
        18          0          0          0          0         80   exit.o
         6          0          0          0          0        152   heapauxi.o
         0          0          0          0          0          0   indicate_semi.o
         2          0          0          0          0          0   libinit.o
         6          0          0          0          0          0   libinit2.o
         2          0          0          0          0          0   libshutdown.o
         2          0          0          0          0          0   libshutdown2.o
         8          4          0          0         96         68   libspace.o
        40          6          0          0          0         84   noretval__2sprintf.o
         2          0          0          0          0          0   rtexit.o
        10          0          0          0          0          0   rtexit2.o
        12          4          0          0          0         68   sys_exit.o
        74          0          0          0          0         80   sys_stackheap_outer.o
         2          0          0          0          0         68   use_no_semi.o
        26          0          0          0          0        116   fpinit.o

    ----------------------------------------------------------------------
       818         44          0          0         96       1212   Library Totals
         6          0          0          0          0          0   (incl. Padding)

    ----------------------------------------------------------------------

      Code (inc. data)   RO Data    RW Data    ZI Data      Debug   Library Name

       786         44          0          0         96       1096   c_w.l
        26          0          0          0          0        116   fz_wm.l

    ----------------------------------------------------------------------
       818         44          0          0         96       1212   Library Totals

    ----------------------------------------------------------------------

==============================================================================


      Code (inc. data)   RO Data    RW Data    ZI Data      Debug   

      9516        178        456         12       2372     167865   Grand Totals
      9516        178        456         12       2372     167865   ELF Image Totals
      9516        178        456         12          0          0   ROM Totals

==============================================================================

    Total RO  Size (Code + RO Data)                 9972 (   9.74kB)
    Total RW  Size (RW Data + ZI Data)              2384 (   2.33kB)
    Total ROM Size (Code + RO Data + RW Data)       9984 (   9.75kB)

==============================================================================

